ASxxxx Linker V03.00 + NoICE + sdld,  page 1.
Hexadecimal  [32-Bits]

Area                                    Addr        Size        Decimal Bytes (Attributes)
--------------------------------        ----        ----        ------- ----- ------------
CABS                                00000000    00000000 =           0. bytes (ABS,CON,CODE)

      Value  Global                              Global Defined In Module
      -----  --------------------------------   ------------------------
C:   00000000  l_BIT_BANK                      
C:   00000000  l_CABS                          
C:   00000000  l_GSINIT1                       
C:   00000000  l_GSINIT5                       
C:   00000000  l_IABS                          
C:   00000000  l_PSEG                          
C:   00000000  l_REG_BANK_1                    
C:   00000000  l_REG_BANK_2                    
C:   00000000  l_REG_BANK_3                    
C:   00000000  l_RSEG                          
C:   00000000  l_RSEG0                         
C:   00000000  l_RSEG1                         
C:   00000000  l_XABS                          
C:   00000000  l_XINIT                         
C:   00000000  l_XISEG                         
C:   00000000  l__CODE                         
C:   00000000  s_BSEG                          
C:   00000000  s_CABS                          
C:   00000000  s_DSEG                          
C:   00000000  s_HOME                          
C:   00000000  s_IABS                          
C:   00000000  s_REG_BANK_0                    
C:   00000000  s_RSEG                          
C:   00000000  s_RSEG0                         
C:   00000000  s_RSEG1                         
C:   00000000  s_XABS                          
C:   00000001  s_PSEG                          
C:   00000001  s_XSEG                          
C:   00000002  l_BSEG_BYTES                    
C:   00000003  l_GSFINAL                       
C:   00000003  l_GSINIT0                       
C:   00000006  l_ISEG                          
C:   00000006  l_OSEG                          
C:   00000008  l_REG_BANK_0                    
C:   00000008  s_REG_BANK_1                    
C:   0000000A  l_BSEG                          
C:   0000000A  l_GSINIT2                       
C:   00000010  s_REG_BANK_2                    
C:   00000011  s_OSEG                          
C:   00000017  s_ISEG                          
C:   00000018  s_BIT_BANK                      
C:   00000018  s_REG_BANK_3                    
C:   00000020  s_BSEG_BYTES                    
C:   00000020  s__CODE                         
C:   00000022  l_GSINIT3                       
C:   0000002A  l_GSINIT4                       
C:   0000003F  l_GSINIT                        
C:   00000050  l_XSEG                          
C:   00000051  l_HOME                          
C:   00000051  s_GSINIT0                       
ASxxxx Linker V03.00 + NoICE + sdld,  page 2.
Hexadecimal  [32-Bits]

Area                                    Addr        Size        Decimal Bytes (Attributes)
--------------------------------        ----        ----        ------- ----- ------------
CABS                                00000000    00000000 =           0. bytes (ABS,CON,CODE)

      Value  Global                              Global Defined In Module
      -----  --------------------------------   ------------------------
C:   00000051  s_XISEG                         
C:   00000054  s_GSINIT1                       
C:   00000054  s_GSINIT2                       
C:   0000005E  s_GSINIT3                       
C:   0000007D  l_DSEG                          
C:   00000080  l_SSEG                          
C:   00000080  s_GSINIT4                       
C:   00000080  s_SSEG                          
C:   000000AA  s_GSINIT                        
C:   000000AA  s_GSINIT5                       
C:   000000E9  s_GSFINAL                       
C:   000000EC  s_CSEG                          
C:   00000100  l_IRAM                          
C:   00000220  l_CONST                         
C:   00001841  l_CSEG                          
C:   0000192D  s_CONST                         
C:   00001B4D  s_XINIT                         

ASxxxx Linker V03.00 + NoICE + sdld,  page 3.
Hexadecimal  [32-Bits]

Area                                    Addr        Size        Decimal Bytes (Attributes)
--------------------------------        ----        ----        ------- ----- ------------
.  .ABS.                            00000000    00000000 =           0. bytes (ABS,CON)

      Value  Global                              Global Defined In Module
      -----  --------------------------------   ------------------------
     00000000  .__.ABS.                           _fsget1arg
     00000080  G$P0$0$0                           Lab4andahalf
     00000080  G$P0_0$0$0                         Lab4andahalf
     00000080  _P0                                Lab4andahalf
     00000080  _P0_0                              Lab4andahalf
     00000081  G$P0_1$0$0                         Lab4andahalf
     00000081  G$SP$0$0                           Lab4andahalf
     00000081  _P0_1                              Lab4andahalf
     00000081  _SP                                Lab4andahalf
     00000082  G$DPL$0$0                          Lab4andahalf
     00000082  G$P0_2$0$0                         Lab4andahalf
     00000082  _DPL                               Lab4andahalf
     00000082  _P0_2                              Lab4andahalf
     00000083  G$BUS_SCL$0$0                      Lab4andahalf
     00000083  G$DPH$0$0                          Lab4andahalf
     00000083  G$P0_3$0$0                         Lab4andahalf
     00000083  _BUS_SCL                           Lab4andahalf
     00000083  _DPH                               Lab4andahalf
     00000083  _P0_3                              Lab4andahalf
     00000084  G$P0_4$0$0                         Lab4andahalf
     00000084  G$P4$0$0                           Lab4andahalf
     00000084  _P0_4                              Lab4andahalf
     00000084  _P4                                Lab4andahalf
     00000085  G$P0_5$0$0                         Lab4andahalf
     00000085  G$P5$0$0                           Lab4andahalf
     00000085  _P0_5                              Lab4andahalf
     00000085  _P5                                Lab4andahalf
     00000086  G$P0_6$0$0                         Lab4andahalf
     00000086  G$P6$0$0                           Lab4andahalf
     00000086  _P0_6                              Lab4andahalf
     00000086  _P6                                Lab4andahalf
     00000087  G$P0_7$0$0                         Lab4andahalf
     00000087  G$PCON$0$0                         Lab4andahalf
     00000087  _P0_7                              Lab4andahalf
     00000087  _PCON                              Lab4andahalf
     00000088  G$IT0$0$0                          Lab4andahalf
     00000088  G$TCON$0$0                         Lab4andahalf
     00000088  _IT0                               Lab4andahalf
     00000088  _TCON                              Lab4andahalf
     00000089  G$IE0$0$0                          Lab4andahalf
     00000089  G$TMOD$0$0                         Lab4andahalf
     00000089  _IE0                               Lab4andahalf
     00000089  _TMOD                              Lab4andahalf
     0000008A  G$IT1$0$0                          Lab4andahalf
     0000008A  G$TL0$0$0                          Lab4andahalf
     0000008A  _IT1                               Lab4andahalf
     0000008A  _TL0                               Lab4andahalf
     0000008B  G$IE1$0$0                          Lab4andahalf
     0000008B  G$TL1$0$0                          Lab4andahalf
     0000008B  _IE1                               Lab4andahalf
ASxxxx Linker V03.00 + NoICE + sdld,  page 4.
Hexadecimal  [32-Bits]

Area                                    Addr        Size        Decimal Bytes (Attributes)
--------------------------------        ----        ----        ------- ----- ------------
.  .ABS.                            00000000    00000000 =           0. bytes (ABS,CON)

      Value  Global                              Global Defined In Module
      -----  --------------------------------   ------------------------
     0000008B  _TL1                               Lab4andahalf
     0000008C  G$TH0$0$0                          Lab4andahalf
     0000008C  G$TR0$0$0                          Lab4andahalf
     0000008C  _TH0                               Lab4andahalf
     0000008C  _TR0                               Lab4andahalf
     0000008D  G$TF0$0$0                          Lab4andahalf
     0000008D  G$TH1$0$0                          Lab4andahalf
     0000008D  _TF0                               Lab4andahalf
     0000008D  _TH1                               Lab4andahalf
     0000008E  G$CKCON$0$0                        Lab4andahalf
     0000008E  G$TR1$0$0                          Lab4andahalf
     0000008E  _CKCON                             Lab4andahalf
     0000008E  _TR1                               Lab4andahalf
     0000008F  G$PSCTL$0$0                        Lab4andahalf
     0000008F  G$TF1$0$0                          Lab4andahalf
     0000008F  _PSCTL                             Lab4andahalf
     0000008F  _TF1                               Lab4andahalf
     00000090  G$P1$0$0                           Lab4andahalf
     00000090  G$P1_0$0$0                         Lab4andahalf
     00000090  _P1                                Lab4andahalf
     00000090  _P1_0                              Lab4andahalf
     00000091  G$P1_1$0$0                         Lab4andahalf
     00000091  G$TMR3CN$0$0                       Lab4andahalf
     00000091  _P1_1                              Lab4andahalf
     00000091  _TMR3CN                            Lab4andahalf
     00000092  G$P1_2$0$0                         Lab4andahalf
     00000092  G$TMR3RLL$0$0                      Lab4andahalf
     00000092  _P1_2                              Lab4andahalf
     00000092  _TMR3RLL                           Lab4andahalf
     00000093  G$P1_3$0$0                         Lab4andahalf
     00000093  G$TMR3RLH$0$0                      Lab4andahalf
     00000093  _P1_3                              Lab4andahalf
     00000093  _TMR3RLH                           Lab4andahalf
     00000094  G$P1_4$0$0                         Lab4andahalf
     00000094  G$TMR3L$0$0                        Lab4andahalf
     00000094  _P1_4                              Lab4andahalf
     00000094  _TMR3L                             Lab4andahalf
     00000095  G$P1_5$0$0                         Lab4andahalf
     00000095  G$TMR3H$0$0                        Lab4andahalf
     00000095  _P1_5                              Lab4andahalf
     00000095  _TMR3H                             Lab4andahalf
     00000096  G$P1_6$0$0                         Lab4andahalf
     00000096  G$P7$0$0                           Lab4andahalf
     00000096  _P1_6                              Lab4andahalf
     00000096  _P7                                Lab4andahalf
     00000097  G$P1_7$0$0                         Lab4andahalf
     00000097  _P1_7                              Lab4andahalf
     00000098  G$RI$0$0                           Lab4andahalf
     00000098  G$RI0$0$0                          Lab4andahalf
     00000098  G$SCON$0$0                         Lab4andahalf
     00000098  G$SCON0$0$0                        Lab4andahalf
ASxxxx Linker V03.00 + NoICE + sdld,  page 5.
Hexadecimal  [32-Bits]

Area                                    Addr        Size        Decimal Bytes (Attributes)
--------------------------------        ----        ----        ------- ----- ------------
.  .ABS.                            00000000    00000000 =           0. bytes (ABS,CON)

      Value  Global                              Global Defined In Module
      -----  --------------------------------   ------------------------
     00000098  _RI                                Lab4andahalf
     00000098  _RI0                               Lab4andahalf
     00000098  _SCON                              Lab4andahalf
     00000098  _SCON0                             Lab4andahalf
     00000099  G$SBUF$0$0                         Lab4andahalf
     00000099  G$SBUF0$0$0                        Lab4andahalf
     00000099  G$TI$0$0                           Lab4andahalf
     00000099  G$TI0$0$0                          Lab4andahalf
     00000099  _SBUF                              Lab4andahalf
     00000099  _SBUF0                             Lab4andahalf
     00000099  _TI                                Lab4andahalf
     00000099  _TI0                               Lab4andahalf
     0000009A  G$RB8$0$0                          Lab4andahalf
     0000009A  G$RB80$0$0                         Lab4andahalf
     0000009A  G$SPI0CFG$0$0                      Lab4andahalf
     0000009A  _RB8                               Lab4andahalf
     0000009A  _RB80                              Lab4andahalf
     0000009A  _SPI0CFG                           Lab4andahalf
     0000009B  G$SPI0DAT$0$0                      Lab4andahalf
     0000009B  G$TB8$0$0                          Lab4andahalf
     0000009B  G$TB80$0$0                         Lab4andahalf
     0000009B  _SPI0DAT                           Lab4andahalf
     0000009B  _TB8                               Lab4andahalf
     0000009B  _TB80                              Lab4andahalf
     0000009C  G$ADC1$0$0                         Lab4andahalf
     0000009C  G$REN$0$0                          Lab4andahalf
     0000009C  G$REN0$0$0                         Lab4andahalf
     0000009C  _ADC1                              Lab4andahalf
     0000009C  _REN                               Lab4andahalf
     0000009C  _REN0                              Lab4andahalf
     0000009D  G$MCE0$0$0                         Lab4andahalf
     0000009D  G$SM2$0$0                          Lab4andahalf
     0000009D  G$SM20$0$0                         Lab4andahalf
     0000009D  G$SPI0CKR$0$0                      Lab4andahalf
     0000009D  _MCE0                              Lab4andahalf
     0000009D  _SM2                               Lab4andahalf
     0000009D  _SM20                              Lab4andahalf
     0000009D  _SPI0CKR                           Lab4andahalf
     0000009E  G$CPT0CN$0$0                       Lab4andahalf
     0000009E  G$SM1$0$0                          Lab4andahalf
     0000009E  G$SM10$0$0                         Lab4andahalf
     0000009E  _CPT0CN                            Lab4andahalf
     0000009E  _SM1                               Lab4andahalf
     0000009E  _SM10                              Lab4andahalf
     0000009F  G$CPT1CN$0$0                       Lab4andahalf
     0000009F  G$S0MODE$0$0                       Lab4andahalf
     0000009F  G$SM0$0$0                          Lab4andahalf
     0000009F  G$SM00$0$0                         Lab4andahalf
     0000009F  _CPT1CN                            Lab4andahalf
     0000009F  _S0MODE                            Lab4andahalf
     0000009F  _SM0                               Lab4andahalf
ASxxxx Linker V03.00 + NoICE + sdld,  page 6.
Hexadecimal  [32-Bits]

Area                                    Addr        Size        Decimal Bytes (Attributes)
--------------------------------        ----        ----        ------- ----- ------------
.  .ABS.                            00000000    00000000 =           0. bytes (ABS,CON)

      Value  Global                              Global Defined In Module
      -----  --------------------------------   ------------------------
     0000009F  _SM00                              Lab4andahalf
     000000A0  G$P2$0$0                           Lab4andahalf
     000000A0  G$P2_0$0$0                         Lab4andahalf
     000000A0  _P2                                Lab4andahalf
     000000A0  _P2_0                              Lab4andahalf
     000000A1  G$EMI0TC$0$0                       Lab4andahalf
     000000A1  G$P2_1$0$0                         Lab4andahalf
     000000A1  _EMI0TC                            Lab4andahalf
     000000A1  _P2_1                              Lab4andahalf
     000000A2  G$P2_2$0$0                         Lab4andahalf
     000000A2  _P2_2                              Lab4andahalf
     000000A3  G$EMI0CF$0$0                       Lab4andahalf
     000000A3  G$P2_3$0$0                         Lab4andahalf
     000000A3  _EMI0CF                            Lab4andahalf
     000000A3  _P2_3                              Lab4andahalf
     000000A4  G$P0MDOUT$0$0                      Lab4andahalf
     000000A4  G$P2_4$0$0                         Lab4andahalf
     000000A4  G$PRT0CF$0$0                       Lab4andahalf
     000000A4  _P0MDOUT                           Lab4andahalf
     000000A4  _P2_4                              Lab4andahalf
     000000A4  _PRT0CF                            Lab4andahalf
     000000A5  G$P1MDOUT$0$0                      Lab4andahalf
     000000A5  G$P2_5$0$0                         Lab4andahalf
     000000A5  G$PRT1CF$0$0                       Lab4andahalf
     000000A5  _P1MDOUT                           Lab4andahalf
     000000A5  _P2_5                              Lab4andahalf
     000000A5  _PRT1CF                            Lab4andahalf
     000000A6  G$P2MDOUT$0$0                      Lab4andahalf
     000000A6  G$P2_6$0$0                         Lab4andahalf
     000000A6  G$PRT2CF$0$0                       Lab4andahalf
     000000A6  _P2MDOUT                           Lab4andahalf
     000000A6  _P2_6                              Lab4andahalf
     000000A6  _PRT2CF                            Lab4andahalf
     000000A7  G$P2_7$0$0                         Lab4andahalf
     000000A7  G$P3MDOUT$0$0                      Lab4andahalf
     000000A7  G$PRT3CF$0$0                       Lab4andahalf
     000000A7  _P2_7                              Lab4andahalf
     000000A7  _P3MDOUT                           Lab4andahalf
     000000A7  _PRT3CF                            Lab4andahalf
     000000A8  G$EX0$0$0                          Lab4andahalf
     000000A8  G$IE$0$0                           Lab4andahalf
     000000A8  _EX0                               Lab4andahalf
     000000A8  _IE                                Lab4andahalf
     000000A9  G$ET0$0$0                          Lab4andahalf
     000000A9  G$SADDR0$0$0                       Lab4andahalf
     000000A9  _ET0                               Lab4andahalf
     000000A9  _SADDR0                            Lab4andahalf
     000000AA  G$ADC1CN$0$0                       Lab4andahalf
     000000AA  G$EX1$0$0                          Lab4andahalf
     000000AA  _ADC1CN                            Lab4andahalf
     000000AA  _EX1                               Lab4andahalf
ASxxxx Linker V03.00 + NoICE + sdld,  page 7.
Hexadecimal  [32-Bits]

Area                                    Addr        Size        Decimal Bytes (Attributes)
--------------------------------        ----        ----        ------- ----- ------------
.  .ABS.                            00000000    00000000 =           0. bytes (ABS,CON)

      Value  Global                              Global Defined In Module
      -----  --------------------------------   ------------------------
     000000AB  G$ADC1CF$0$0                       Lab4andahalf
     000000AB  G$ET1$0$0                          Lab4andahalf
     000000AB  _ADC1CF                            Lab4andahalf
     000000AB  _ET1                               Lab4andahalf
     000000AC  G$AMX1SL$0$0                       Lab4andahalf
     000000AC  G$ES$0$0                           Lab4andahalf
     000000AC  G$ES0$0$0                          Lab4andahalf
     000000AC  _AMX1SL                            Lab4andahalf
     000000AC  _ES                                Lab4andahalf
     000000AC  _ES0                               Lab4andahalf
     000000AD  G$ET2$0$0                          Lab4andahalf
     000000AD  G$P3IF$0$0                         Lab4andahalf
     000000AD  _ET2                               Lab4andahalf
     000000AD  _P3IF                              Lab4andahalf
     000000AE  G$SADEN1$0$0                       Lab4andahalf
     000000AE  _SADEN1                            Lab4andahalf
     000000AF  G$EA$0$0                           Lab4andahalf
     000000AF  G$EMI0CN$0$0                       Lab4andahalf
     000000AF  G$_XPAGE$0$0                       Lab4andahalf
     000000AF  _EA                                Lab4andahalf
     000000AF  _EMI0CN                            Lab4andahalf
     000000AF  __XPAGE                            Lab4andahalf
     000000B0  G$P3$0$0                           Lab4andahalf
     000000B0  G$P3_0$0$0                         Lab4andahalf
     000000B0  _P3                                Lab4andahalf
     000000B0  _P3_0                              Lab4andahalf
     000000B1  G$OSCXCN$0$0                       Lab4andahalf
     000000B1  G$P3_1$0$0                         Lab4andahalf
     000000B1  _OSCXCN                            Lab4andahalf
     000000B1  _P3_1                              Lab4andahalf
     000000B2  G$OSCICN$0$0                       Lab4andahalf
     000000B2  G$P3_2$0$0                         Lab4andahalf
     000000B2  _OSCICN                            Lab4andahalf
     000000B2  _P3_2                              Lab4andahalf
     000000B3  G$P3_3$0$0                         Lab4andahalf
     000000B3  _P3_3                              Lab4andahalf
     000000B4  G$P3_4$0$0                         Lab4andahalf
     000000B4  _P3_4                              Lab4andahalf
     000000B5  G$P3_5$0$0                         Lab4andahalf
     000000B5  G$P74OUT$0$0                       Lab4andahalf
     000000B5  _P3_5                              Lab4andahalf
     000000B5  _P74OUT                            Lab4andahalf
     000000B6  G$FLSCL$0$0                        Lab4andahalf
     000000B6  G$P3_6$0$0                         Lab4andahalf
     000000B6  _FLSCL                             Lab4andahalf
     000000B6  _P3_6                              Lab4andahalf
     000000B7  G$FLACL$0$0                        Lab4andahalf
     000000B7  G$P3_7$0$0                         Lab4andahalf
     000000B7  G$RUN$0$0                          Lab4andahalf
     000000B7  _FLACL                             Lab4andahalf
     000000B7  _P3_7                              Lab4andahalf
ASxxxx Linker V03.00 + NoICE + sdld,  page 8.
Hexadecimal  [32-Bits]

Area                                    Addr        Size        Decimal Bytes (Attributes)
--------------------------------        ----        ----        ------- ----- ------------
.  .ABS.                            00000000    00000000 =           0. bytes (ABS,CON)

      Value  Global                              Global Defined In Module
      -----  --------------------------------   ------------------------
     000000B7  _RUN                               Lab4andahalf
     000000B8  G$IP$0$0                           Lab4andahalf
     000000B8  G$PX0$0$0                          Lab4andahalf
     000000B8  _IP                                Lab4andahalf
     000000B8  _PX0                               Lab4andahalf
     000000B9  G$PT0$0$0                          Lab4andahalf
     000000B9  G$SADEN0$0$0                       Lab4andahalf
     000000B9  _PT0                               Lab4andahalf
     000000B9  _SADEN0                            Lab4andahalf
     000000BA  G$AMX0CF$0$0                       Lab4andahalf
     000000BA  G$PX1$0$0                          Lab4andahalf
     000000BA  _AMX0CF                            Lab4andahalf
     000000BA  _PX1                               Lab4andahalf
     000000BB  G$AMX0SL$0$0                       Lab4andahalf
     000000BB  G$PT1$0$0                          Lab4andahalf
     000000BB  _AMX0SL                            Lab4andahalf
     000000BB  _PT1                               Lab4andahalf
     000000BC  G$ADC0CF$0$0                       Lab4andahalf
     000000BC  G$PS$0$0                           Lab4andahalf
     000000BC  G$PS0$0$0                          Lab4andahalf
     000000BC  _ADC0CF                            Lab4andahalf
     000000BC  _PS                                Lab4andahalf
     000000BC  _PS0                               Lab4andahalf
     000000BD  G$P1MDIN$0$0                       Lab4andahalf
     000000BD  G$PT2$0$0                          Lab4andahalf
     000000BD  _P1MDIN                            Lab4andahalf
     000000BD  _PT2                               Lab4andahalf
     000000BE  G$ADC0L$0$0                        Lab4andahalf
     000000BE  _ADC0L                             Lab4andahalf
     000000BF  G$ADC0H$0$0                        Lab4andahalf
     000000BF  _ADC0H                             Lab4andahalf
     000000C0  G$BUS_TOE$0$0                      Lab4andahalf
     000000C0  G$SMB0CN$0$0                       Lab4andahalf
     000000C0  G$SMBTOE$0$0                       Lab4andahalf
     000000C0  _BUS_TOE                           Lab4andahalf
     000000C0  _SMB0CN                            Lab4andahalf
     000000C0  _SMBTOE                            Lab4andahalf
     000000C1  G$BUS_FTE$0$0                      Lab4andahalf
     000000C1  G$SMB0STA$0$0                      Lab4andahalf
     000000C1  G$SMBFTE$0$0                       Lab4andahalf
     000000C1  _BUS_FTE                           Lab4andahalf
     000000C1  _SMB0STA                           Lab4andahalf
     000000C1  _SMBFTE                            Lab4andahalf
     000000C2  G$AA$0$0                           Lab4andahalf
     000000C2  G$BUS_AA$0$0                       Lab4andahalf
     000000C2  G$SMB0DAT$0$0                      Lab4andahalf
     000000C2  _AA                                Lab4andahalf
     000000C2  _BUS_AA                            Lab4andahalf
     000000C2  _SMB0DAT                           Lab4andahalf
     000000C3  G$BUS_INT$0$0                      Lab4andahalf
     000000C3  G$SI$0$0                           Lab4andahalf
ASxxxx Linker V03.00 + NoICE + sdld,  page 9.
Hexadecimal  [32-Bits]

Area                                    Addr        Size        Decimal Bytes (Attributes)
--------------------------------        ----        ----        ------- ----- ------------
.  .ABS.                            00000000    00000000 =           0. bytes (ABS,CON)

      Value  Global                              Global Defined In Module
      -----  --------------------------------   ------------------------
     000000C3  G$SMB0ADR$0$0                      Lab4andahalf
     000000C3  _BUS_INT                           Lab4andahalf
     000000C3  _SI                                Lab4andahalf
     000000C3  _SMB0ADR                           Lab4andahalf
     000000C4  G$ADC0GTL$0$0                      Lab4andahalf
     000000C4  G$BUS_STOP$0$0                     Lab4andahalf
     000000C4  G$STO$0$0                          Lab4andahalf
     000000C4  _ADC0GTL                           Lab4andahalf
     000000C4  _BUS_STOP                          Lab4andahalf
     000000C4  _STO                               Lab4andahalf
     000000C5  G$ADC0GTH$0$0                      Lab4andahalf
     000000C5  G$BUS_START$0$0                    Lab4andahalf
     000000C5  G$STA$0$0                          Lab4andahalf
     000000C5  _ADC0GTH                           Lab4andahalf
     000000C5  _BUS_START                         Lab4andahalf
     000000C5  _STA                               Lab4andahalf
     000000C6  G$ADC0LTL$0$0                      Lab4andahalf
     000000C6  G$BUS_EN$0$0                       Lab4andahalf
     000000C6  G$ENSMB$0$0                        Lab4andahalf
     000000C6  _ADC0LTL                           Lab4andahalf
     000000C6  _BUS_EN                            Lab4andahalf
     000000C6  _ENSMB                             Lab4andahalf
     000000C7  G$ADC0LTH$0$0                      Lab4andahalf
     000000C7  G$BUSY$0$0                         Lab4andahalf
     000000C7  G$BUS_BUSY$0$0                     Lab4andahalf
     000000C7  _ADC0LTH                           Lab4andahalf
     000000C7  _BUSY                              Lab4andahalf
     000000C7  _BUS_BUSY                          Lab4andahalf
     000000C8  G$CPRL2$0$0                        Lab4andahalf
     000000C8  G$T2CON$0$0                        Lab4andahalf
     000000C8  _CPRL2                             Lab4andahalf
     000000C8  _T2CON                             Lab4andahalf
     000000C9  G$CT2$0$0                          Lab4andahalf
     000000C9  G$T4CON$0$0                        Lab4andahalf
     000000C9  _CT2                               Lab4andahalf
     000000C9  _T4CON                             Lab4andahalf
     000000CA  G$RCAP2L$0$0                       Lab4andahalf
     000000CA  G$TR2$0$0                          Lab4andahalf
     000000CA  _RCAP2L                            Lab4andahalf
     000000CA  _TR2                               Lab4andahalf
     000000CB  G$EXEN2$0$0                        Lab4andahalf
     000000CB  G$RCAP2H$0$0                       Lab4andahalf
     000000CB  _EXEN2                             Lab4andahalf
     000000CB  _RCAP2H                            Lab4andahalf
     000000CC  G$TCLK$0$0                         Lab4andahalf
     000000CC  G$TL2$0$0                          Lab4andahalf
     000000CC  _TCLK                              Lab4andahalf
     000000CC  _TL2                               Lab4andahalf
     000000CD  G$RCLK$0$0                         Lab4andahalf
     000000CD  G$TH2$0$0                          Lab4andahalf
     000000CD  _RCLK                              Lab4andahalf
ASxxxx Linker V03.00 + NoICE + sdld,  page 10.
Hexadecimal  [32-Bits]

Area                                    Addr        Size        Decimal Bytes (Attributes)
--------------------------------        ----        ----        ------- ----- ------------
.  .ABS.                            00000000    00000000 =           0. bytes (ABS,CON)

      Value  Global                              Global Defined In Module
      -----  --------------------------------   ------------------------
     000000CD  _TH2                               Lab4andahalf
     000000CE  G$EXF2$0$0                         Lab4andahalf
     000000CE  _EXF2                              Lab4andahalf
     000000CF  G$SMB0CR$0$0                       Lab4andahalf
     000000CF  G$TF2$0$0                          Lab4andahalf
     000000CF  _SMB0CR                            Lab4andahalf
     000000CF  _TF2                               Lab4andahalf
     000000D0  G$P$0$0                            Lab4andahalf
     000000D0  G$PSW$0$0                          Lab4andahalf
     000000D0  _P                                 Lab4andahalf
     000000D0  _PSW                               Lab4andahalf
     000000D1  G$F1$0$0                           Lab4andahalf
     000000D1  G$REF0CN$0$0                       Lab4andahalf
     000000D1  _F1                                Lab4andahalf
     000000D1  _REF0CN                            Lab4andahalf
     000000D2  G$DAC0L$0$0                        Lab4andahalf
     000000D2  G$OV$0$0                           Lab4andahalf
     000000D2  _DAC0L                             Lab4andahalf
     000000D2  _OV                                Lab4andahalf
     000000D3  G$DAC0H$0$0                        Lab4andahalf
     000000D3  G$RS0$0$0                          Lab4andahalf
     000000D3  _DAC0H                             Lab4andahalf
     000000D3  _RS0                               Lab4andahalf
     000000D4  G$DAC0CN$0$0                       Lab4andahalf
     000000D4  G$RS1$0$0                          Lab4andahalf
     000000D4  _DAC0CN                            Lab4andahalf
     000000D4  _RS1                               Lab4andahalf
     000000D5  G$DAC1L$0$0                        Lab4andahalf
     000000D5  G$F0$0$0                           Lab4andahalf
     000000D5  _DAC1L                             Lab4andahalf
     000000D5  _F0                                Lab4andahalf
     000000D6  G$AC$0$0                           Lab4andahalf
     000000D6  G$DAC1H$0$0                        Lab4andahalf
     000000D6  _AC                                Lab4andahalf
     000000D6  _DAC1H                             Lab4andahalf
     000000D7  G$CY$0$0                           Lab4andahalf
     000000D7  G$DAC1CN$0$0                       Lab4andahalf
     000000D7  _CY                                Lab4andahalf
     000000D7  _DAC1CN                            Lab4andahalf
     000000D8  G$CCF0$0$0                         Lab4andahalf
     000000D8  G$PCA0CN$0$0                       Lab4andahalf
     000000D8  _CCF0                              Lab4andahalf
     000000D8  _PCA0CN                            Lab4andahalf
     000000D9  G$CCF1$0$0                         Lab4andahalf
     000000D9  G$PCA0MD$0$0                       Lab4andahalf
     000000D9  _CCF1                              Lab4andahalf
     000000D9  _PCA0MD                            Lab4andahalf
     000000DA  G$CCF2$0$0                         Lab4andahalf
     000000DA  G$PCA0CPM0$0$0                     Lab4andahalf
     000000DA  _CCF2                              Lab4andahalf
     000000DA  _PCA0CPM0                          Lab4andahalf
ASxxxx Linker V03.00 + NoICE + sdld,  page 11.
Hexadecimal  [32-Bits]

Area                                    Addr        Size        Decimal Bytes (Attributes)
--------------------------------        ----        ----        ------- ----- ------------
.  .ABS.                            00000000    00000000 =           0. bytes (ABS,CON)

      Value  Global                              Global Defined In Module
      -----  --------------------------------   ------------------------
     000000DB  G$CCF3$0$0                         Lab4andahalf
     000000DB  G$PCA0CPM1$0$0                     Lab4andahalf
     000000DB  _CCF3                              Lab4andahalf
     000000DB  _PCA0CPM1                          Lab4andahalf
     000000DC  G$CCF4$0$0                         Lab4andahalf
     000000DC  G$PCA0CPM2$0$0                     Lab4andahalf
     000000DC  _CCF4                              Lab4andahalf
     000000DC  _PCA0CPM2                          Lab4andahalf
     000000DD  G$PCA0CPM3$0$0                     Lab4andahalf
     000000DD  _PCA0CPM3                          Lab4andahalf
     000000DE  G$CR$0$0                           Lab4andahalf
     000000DE  G$PCA0CPM4$0$0                     Lab4andahalf
     000000DE  _CR                                Lab4andahalf
     000000DE  _PCA0CPM4                          Lab4andahalf
     000000DF  G$CF$0$0                           Lab4andahalf
     000000DF  _CF                                Lab4andahalf
     000000E0  G$ACC$0$0                          Lab4andahalf
     000000E0  _ACC                               Lab4andahalf
     000000E1  G$XBR0$0$0                         Lab4andahalf
     000000E1  _XBR0                              Lab4andahalf
     000000E2  G$XBR1$0$0                         Lab4andahalf
     000000E2  _XBR1                              Lab4andahalf
     000000E3  G$XBR2$0$0                         Lab4andahalf
     000000E3  _XBR2                              Lab4andahalf
     000000E4  G$RCAP4L$0$0                       Lab4andahalf
     000000E4  _RCAP4L                            Lab4andahalf
     000000E5  G$RCAP4H$0$0                       Lab4andahalf
     000000E5  _RCAP4H                            Lab4andahalf
     000000E6  G$EIE1$0$0                         Lab4andahalf
     000000E6  _EIE1                              Lab4andahalf
     000000E7  G$EIE2$0$0                         Lab4andahalf
     000000E7  _EIE2                              Lab4andahalf
     000000E8  G$AD0LJST$0$0                      Lab4andahalf
     000000E8  G$ADC0CN$0$0                       Lab4andahalf
     000000E8  G$ADLJST$0$0                       Lab4andahalf
     000000E8  _AD0LJST                           Lab4andahalf
     000000E8  _ADC0CN                            Lab4andahalf
     000000E8  _ADLJST                            Lab4andahalf
     000000E9  G$AD0WINT$0$0                      Lab4andahalf
     000000E9  G$ADWINT$0$0                       Lab4andahalf
     000000E9  G$PCA0L$0$0                        Lab4andahalf
     000000E9  _AD0WINT                           Lab4andahalf
     000000E9  _ADWINT                            Lab4andahalf
     000000E9  _PCA0L                             Lab4andahalf
     000000EA  G$AD0CM0$0$0                       Lab4andahalf
     000000EA  G$ADSTM0$0$0                       Lab4andahalf
     000000EA  G$PCA0CPL0$0$0                     Lab4andahalf
     000000EA  _AD0CM0                            Lab4andahalf
     000000EA  _ADSTM0                            Lab4andahalf
     000000EA  _PCA0CPL0                          Lab4andahalf
     000000EB  G$AD0CM1$0$0                       Lab4andahalf
ASxxxx Linker V03.00 + NoICE + sdld,  page 12.
Hexadecimal  [32-Bits]

Area                                    Addr        Size        Decimal Bytes (Attributes)
--------------------------------        ----        ----        ------- ----- ------------
.  .ABS.                            00000000    00000000 =           0. bytes (ABS,CON)

      Value  Global                              Global Defined In Module
      -----  --------------------------------   ------------------------
     000000EB  G$ADSTM1$0$0                       Lab4andahalf
     000000EB  G$PCA0CPL1$0$0                     Lab4andahalf
     000000EB  _AD0CM1                            Lab4andahalf
     000000EB  _ADSTM1                            Lab4andahalf
     000000EB  _PCA0CPL1                          Lab4andahalf
     000000EC  G$AD0BUSY$0$0                      Lab4andahalf
     000000EC  G$ADBUSY$0$0                       Lab4andahalf
     000000EC  G$PCA0CPL2$0$0                     Lab4andahalf
     000000EC  _AD0BUSY                           Lab4andahalf
     000000EC  _ADBUSY                            Lab4andahalf
     000000EC  _PCA0CPL2                          Lab4andahalf
     000000ED  G$AD0INT$0$0                       Lab4andahalf
     000000ED  G$ADCINT$0$0                       Lab4andahalf
     000000ED  G$PCA0CPL3$0$0                     Lab4andahalf
     000000ED  _AD0INT                            Lab4andahalf
     000000ED  _ADCINT                            Lab4andahalf
     000000ED  _PCA0CPL3                          Lab4andahalf
     000000EE  G$AD0TM$0$0                        Lab4andahalf
     000000EE  G$ADCTM$0$0                        Lab4andahalf
     000000EE  G$PCA0CPL4$0$0                     Lab4andahalf
     000000EE  _AD0TM                             Lab4andahalf
     000000EE  _ADCTM                             Lab4andahalf
     000000EE  _PCA0CPL4                          Lab4andahalf
     000000EF  G$AD0EN$0$0                        Lab4andahalf
     000000EF  G$ADCEN$0$0                        Lab4andahalf
     000000EF  G$RSTSRC$0$0                       Lab4andahalf
     000000EF  _AD0EN                             Lab4andahalf
     000000EF  _ADCEN                             Lab4andahalf
     000000EF  _RSTSRC                            Lab4andahalf
     000000F0  G$B$0$0                            Lab4andahalf
     000000F0  _B                                 Lab4andahalf
     000000F1  G$SCON1$0$0                        Lab4andahalf
     000000F1  _SCON1                             Lab4andahalf
     000000F2  G$SBUF1$0$0                        Lab4andahalf
     000000F2  _SBUF1                             Lab4andahalf
     000000F3  G$SADDR1$0$0                       Lab4andahalf
     000000F3  _SADDR1                            Lab4andahalf
     000000F4  G$TL4$0$0                          Lab4andahalf
     000000F4  _TL4                               Lab4andahalf
     000000F5  G$TH4$0$0                          Lab4andahalf
     000000F5  _B_5                               _gptrget
     000000F5  _TH4                               Lab4andahalf
     000000F6  G$EIP1$0$0                         Lab4andahalf
     000000F6  _B_6                               _gptrget
     000000F6  _EIP1                              Lab4andahalf
     000000F7  G$EIP2$0$0                         Lab4andahalf
     000000F7  _B_7                               _gptrget
     000000F7  _EIP2                              Lab4andahalf
     000000F8  G$SPI0CN$0$0                       Lab4andahalf
     000000F8  G$SPIEN$0$0                        Lab4andahalf
     000000F8  _SPI0CN                            Lab4andahalf
ASxxxx Linker V03.00 + NoICE + sdld,  page 13.
Hexadecimal  [32-Bits]

Area                                    Addr        Size        Decimal Bytes (Attributes)
--------------------------------        ----        ----        ------- ----- ------------
.  .ABS.                            00000000    00000000 =           0. bytes (ABS,CON)

      Value  Global                              Global Defined In Module
      -----  --------------------------------   ------------------------
     000000F8  _SPIEN                             Lab4andahalf
     000000F9  G$MSTEN$0$0                        Lab4andahalf
     000000F9  G$PCA0H$0$0                        Lab4andahalf
     000000F9  _MSTEN                             Lab4andahalf
     000000F9  _PCA0H                             Lab4andahalf
     000000FA  G$PCA0CPH0$0$0                     Lab4andahalf
     000000FA  G$SLVSEL$0$0                       Lab4andahalf
     000000FA  _PCA0CPH0                          Lab4andahalf
     000000FA  _SLVSEL                            Lab4andahalf
     000000FB  G$PCA0CPH1$0$0                     Lab4andahalf
     000000FB  G$TXBSY$0$0                        Lab4andahalf
     000000FB  _PCA0CPH1                          Lab4andahalf
     000000FB  _TXBSY                             Lab4andahalf
     000000FC  G$PCA0CPH2$0$0                     Lab4andahalf
     000000FC  G$RXOVRN$0$0                       Lab4andahalf
     000000FC  _PCA0CPH2                          Lab4andahalf
     000000FC  _RXOVRN                            Lab4andahalf
     000000FD  G$MODF$0$0                         Lab4andahalf
     000000FD  G$PCA0CPH3$0$0                     Lab4andahalf
     000000FD  _MODF                              Lab4andahalf
     000000FD  _PCA0CPH3                          Lab4andahalf
     000000FE  G$PCA0CPH4$0$0                     Lab4andahalf
     000000FE  G$WCOL$0$0                         Lab4andahalf
     000000FE  _PCA0CPH4                          Lab4andahalf
     000000FE  _WCOL                              Lab4andahalf
     000000FF  G$SPIF$0$0                         Lab4andahalf
     000000FF  G$WDTCN$0$0                        Lab4andahalf
     000000FF  _SPIF                              Lab4andahalf
     000000FF  _WDTCN                             Lab4andahalf
     00008C8A  G$TMR0$0$0                         Lab4andahalf
     00008C8A  _TMR0                              Lab4andahalf
     00008D8B  G$TMR1$0$0                         Lab4andahalf
     00008D8B  _TMR1                              Lab4andahalf
     00009392  G$TMR3RL$0$0                       Lab4andahalf
     00009392  _TMR3RL                            Lab4andahalf
     00009594  G$TMR3$0$0                         Lab4andahalf
     00009594  _TMR3                              Lab4andahalf
     0000BFBE  G$ADC0$0$0                         Lab4andahalf
     0000BFBE  _ADC0                              Lab4andahalf
     0000C5C4  G$ADC0GT$0$0                       Lab4andahalf
     0000C5C4  _ADC0GT                            Lab4andahalf
     0000C7C6  G$ADC0LT$0$0                       Lab4andahalf
     0000C7C6  _ADC0LT                            Lab4andahalf
     0000CBCA  G$RCAP2$0$0                        Lab4andahalf
     0000CBCA  _RCAP2                             Lab4andahalf
     0000CDCC  G$TMR2$0$0                         Lab4andahalf
     0000CDCC  _TMR2                              Lab4andahalf
     0000D3D2  G$DAC0$0$0                         Lab4andahalf
     0000D3D2  _DAC0                              Lab4andahalf
     0000D6D5  G$DAC1$0$0                         Lab4andahalf
     0000D6D5  _DAC1                              Lab4andahalf
ASxxxx Linker V03.00 + NoICE + sdld,  page 14.
Hexadecimal  [32-Bits]

Area                                    Addr        Size        Decimal Bytes (Attributes)
--------------------------------        ----        ----        ------- ----- ------------
.  .ABS.                            00000000    00000000 =           0. bytes (ABS,CON)

      Value  Global                              Global Defined In Module
      -----  --------------------------------   ------------------------
     0000E5E4  G$RCAP4$0$0                        Lab4andahalf
     0000E5E4  _RCAP4                             Lab4andahalf
     0000F5F4  G$TMR4$0$0                         Lab4andahalf
     0000F5F4  _TMR4                              Lab4andahalf
     0000F9E9  G$PCA0$0$0                         Lab4andahalf
     0000F9E9  _PCA0                              Lab4andahalf
     0000FAEA  G$PCA0CP0$0$0                      Lab4andahalf
     0000FAEA  _PCA0CP0                           Lab4andahalf
     0000FBEB  G$PCA0CP1$0$0                      Lab4andahalf
     0000FBEB  _PCA0CP1                           Lab4andahalf
     0000FCEC  G$PCA0CP2$0$0                      Lab4andahalf
     0000FCEC  _PCA0CP2                           Lab4andahalf
     0000FDED  G$PCA0CP3$0$0                      Lab4andahalf
     0000FDED  _PCA0CP3                           Lab4andahalf
     0000FEEE  G$PCA0CP4$0$0                      Lab4andahalf
     0000FEEE  _PCA0CP4                           Lab4andahalf
ASxxxx Linker V03.00 + NoICE + sdld,  page 15.
Hexadecimal  [32-Bits]

Area                                    Addr        Size        Decimal Bytes (Attributes)
--------------------------------        ----        ----        ------- ----- ------------
BSEG_BYTES                          00000020    00000002 =           2. bytes (REL,CON)

      Value  Global                              Global Defined In Module
      -----  --------------------------------   ------------------------
ASxxxx Linker V03.00 + NoICE + sdld,  page 16.
Hexadecimal  [32-Bits]

Area                                    Addr        Size        Decimal Bytes (Attributes)
--------------------------------        ----        ----        ------- ----- ------------
REG_BANK_0                          00000000    00000008 =           8. bytes (REL,OVR)

      Value  Global                              Global Defined In Module
      -----  --------------------------------   ------------------------
ASxxxx Linker V03.00 + NoICE + sdld,  page 17.
Hexadecimal  [32-Bits]

Area                                    Addr        Size        Decimal Bytes (Attributes)
--------------------------------        ----        ----        ------- ----- ------------
DSEG                                00000000    0000007D =         125. bytes (REL,CON)

      Value  Global                              Global Defined In Module
      -----  --------------------------------   ------------------------
     00000008  _vsprintf_PARM_2                   sprintf
     0000000B  _vsprintf_PARM_3                   sprintf
     0000000F  _bp                                _bp
     00000010  _vprintf_PARM_2                    vprintf
     00000022  G$Data2$0$0                        Lab4andahalf
     00000022  _Data2                             Lab4andahalf
     00000025  LLab4andahalf.aligned_alloc$size   Lab4andahalf
     00000025  _aligned_alloc_PARM_2              Lab4andahalf
     00000027  LLab4andahalf.lcd_clear$NumBytes   Lab4andahalf
     00000028  LLab4andahalf.lcd_clear$Cmd$1$85   Lab4andahalf
     0000002A  LLab4andahalf.read_keypad$Data$1   Lab4andahalf
     0000002C  LLab4andahalf.i2c_write_data$sta   Lab4andahalf
     0000002C  _i2c_write_data_PARM_2             Lab4andahalf
     0000002D  LLab4andahalf.i2c_write_data$buf   Lab4andahalf
     0000002D  _i2c_write_data_PARM_3             Lab4andahalf
     00000030  LLab4andahalf.i2c_write_data$num   Lab4andahalf
     00000030  _i2c_write_data_PARM_4             Lab4andahalf
     00000031  LLab4andahalf.i2c_read_data$star   Lab4andahalf
     00000031  _i2c_read_data_PARM_2              Lab4andahalf
     00000032  LLab4andahalf.i2c_read_data$buff   Lab4andahalf
     00000032  _i2c_read_data_PARM_3              Lab4andahalf
     00000035  LLab4andahalf.i2c_read_data$num_   Lab4andahalf
     00000035  _i2c_read_data_PARM_4              Lab4andahalf
     00000036  G$MOTOR_STOP$0$0                   Lab4andahalf
     00000036  _MOTOR_STOP                        Lab4andahalf
     00000038  G$MOTOR_MAX$0$0                    Lab4andahalf
     00000038  _MOTOR_MAX                         Lab4andahalf
     0000003A  G$MOTOR_MIN$0$0                    Lab4andahalf
     0000003A  _MOTOR_MIN                         Lab4andahalf
     0000003C  G$MOTOR_PW$0$0                     Lab4andahalf
     0000003C  _MOTOR_PW                          Lab4andahalf
     0000003E  G$SERVO_CENTER$0$0                 Lab4andahalf
     0000003E  _SERVO_CENTER                      Lab4andahalf
     00000040  G$SERVO_RIGHT$0$0                  Lab4andahalf
     00000040  _SERVO_RIGHT                       Lab4andahalf
     00000042  G$SERVO_LEFT$0$0                   Lab4andahalf
     00000042  _SERVO_LEFT                        Lab4andahalf
     00000044  G$SERVO_PW$0$0                     Lab4andahalf
     00000044  _SERVO_PW                          Lab4andahalf
     00000046  G$new_heading$0$0                  Lab4andahalf
     00000046  _new_heading                       Lab4andahalf
     00000047  G$new_range$0$0                    Lab4andahalf
     00000047  _new_range                         Lab4andahalf
     00000048  G$print_flag$0$0                   Lab4andahalf
     00000048  _print_flag                        Lab4andahalf
     00000049  G$range$0$0                        Lab4andahalf
     00000049  _range                             Lab4andahalf
     0000004B  G$light$0$0                        Lab4andahalf
     0000004B  _light                             Lab4andahalf
     0000004D  G$heading$0$0                      Lab4andahalf
ASxxxx Linker V03.00 + NoICE + sdld,  page 18.
Hexadecimal  [32-Bits]

Area                                    Addr        Size        Decimal Bytes (Attributes)
--------------------------------        ----        ----        ------- ----- ------------
DSEG                                00000000    0000007D =         125. bytes (REL,CON)

      Value  Global                              Global Defined In Module
      -----  --------------------------------   ------------------------
     0000004D  _heading                           Lab4andahalf
     0000004F  G$r_count$0$0                      Lab4andahalf
     0000004F  _r_count                           Lab4andahalf
     00000050  G$h_count$0$0                      Lab4andahalf
     00000050  _h_count                           Lab4andahalf
     00000051  G$print_count$0$0                  Lab4andahalf
     00000051  _print_count                       Lab4andahalf
     00000052  G$nCounts$0$0                      Lab4andahalf
     00000052  _nCounts                           Lab4andahalf
     00000053  G$desired_heading$0$0              Lab4andahalf
     00000053  _desired_heading                   Lab4andahalf
     00000055  G$desired_range$0$0                Lab4andahalf
     00000055  _desired_range                     Lab4andahalf
     00000057  G$error$0$0                        Lab4andahalf
     00000057  _error                             Lab4andahalf
     00000059  G$deriv$0$0                        Lab4andahalf
     00000059  _deriv                             Lab4andahalf
     0000005B  G$obstacle_threshold$0$0           Lab4andahalf
     0000005B  _obstacle_threshold                Lab4andahalf
     0000005C  G$brightness_threshold$0$0         Lab4andahalf
     0000005C  _brightness_threshold              Lab4andahalf
     0000005D  G$Data$0$0                         Lab4andahalf
     0000005D  _Data                              Lab4andahalf
     0000005F  G$ranger_select$0$0                Lab4andahalf
     0000005F  _ranger_select                     Lab4andahalf
     00000060  G$drivegain$0$0                    Lab4andahalf
     00000060  _drivegain                         Lab4andahalf
     00000061  G$run_stop$0$0                     Lab4andahalf
     00000061  _run_stop                          Lab4andahalf
     00000062  G$set_heading$0$0                  Lab4andahalf
     00000062  _set_heading                       Lab4andahalf
     00000064  G$pot_val$0$0                      Lab4andahalf
     00000064  _pot_val                           Lab4andahalf
     00000065  LLab4andahalf.read_AD_input$cast   Lab4andahalf
     00000065  _read_AD_input_PARM_2              Lab4andahalf
     00000072  __print_format_PARM_2              printf_large
     00000075  __print_format_PARM_3              printf_large
     00000078  __print_format_PARM_4              printf_large

ASxxxx Linker V03.00 + NoICE + sdld,  page 19.
Hexadecimal  [32-Bits]

Area                                    Addr        Size        Decimal Bytes (Attributes)
--------------------------------        ----        ----        ------- ----- ------------
OSEG                                00000011    00000006 =           6. bytes (REL,OVR)

      Value  Global                              Global Defined In Module
      -----  --------------------------------   ------------------------
     00000011  __divsint_PARM_2                   _divuint
     00000011  __divuint_PARM_2                   _divuint
     00000011  __gptrput_PARM_2                   _gptrput
     00000011  __mulint_PARM_2                    _mulint

ASxxxx Linker V03.00 + NoICE + sdld,  page 20.
Hexadecimal  [32-Bits]

Area                                    Addr        Size        Decimal Bytes (Attributes)
--------------------------------        ----        ----        ------- ----- ------------
ISEG                                00000017    00000006 =           6. bytes (REL,CON)

      Value  Global                              Global Defined In Module
      -----  --------------------------------   ------------------------
ASxxxx Linker V03.00 + NoICE + sdld,  page 21.
Hexadecimal  [32-Bits]

Area                                    Addr        Size        Decimal Bytes (Attributes)
--------------------------------        ----        ----        ------- ----- ------------
SSEG                                00000080    00000080 =         128. bytes (REL,OVR)

      Value  Global                              Global Defined In Module
      -----  --------------------------------   ------------------------
     00000080  __start__stack                     Lab4andahalf

ASxxxx Linker V03.00 + NoICE + sdld,  page 22.
Hexadecimal  [32-Bits]

Area                                    Addr        Size        Decimal Bytes (Attributes)
--------------------------------        ----        ----        ------- ----- ------------
XSEG                                00000001    00000050 =          80. bytes (REL,CON,XDATA)

      Value  Global                              Global Defined In Module
      -----  --------------------------------   ------------------------
D:   00000001  LLab4andahalf.lcd_print$text$1$8   Lab4andahalf

ASxxxx Linker V03.00 + NoICE + sdld,  page 23.
Hexadecimal  [32-Bits]

Area                                    Addr        Size        Decimal Bytes (Attributes)
--------------------------------        ----        ----        ------- ----- ------------
HOME                                00000000    00000051 =          81. bytes (REL,CON,CODE)

      Value  Global                              Global Defined In Module
      -----  --------------------------------   ------------------------
C:   00000000  A$Lab4andahalf$1157                Lab4andahalf
C:   00000003  A$Lab4andahalf$1158                Lab4andahalf
C:   0000000B  A$Lab4andahalf$1160                Lab4andahalf
C:   00000013  A$Lab4andahalf$1162                Lab4andahalf
C:   0000001B  A$Lab4andahalf$1164                Lab4andahalf
C:   00000023  A$Lab4andahalf$1166                Lab4andahalf
C:   0000002B  A$Lab4andahalf$1168                Lab4andahalf
C:   00000033  A$Lab4andahalf$1170                Lab4andahalf
C:   0000003B  A$Lab4andahalf$1172                Lab4andahalf
C:   00000043  A$Lab4andahalf$1174                Lab4andahalf
C:   0000004B  A$Lab4andahalf$1176                Lab4andahalf
C:   0000004E  A$Lab4andahalf$1257                Lab4andahalf
C:   0000004E  __sdcc_program_startup             Lab4andahalf

ASxxxx Linker V03.00 + NoICE + sdld,  page 24.
Hexadecimal  [32-Bits]

Area                                    Addr        Size        Decimal Bytes (Attributes)
--------------------------------        ----        ----        ------- ----- ------------
GSINIT0                             00000051    00000003 =           3. bytes (REL,CON,CODE)

      Value  Global                              Global Defined In Module
      -----  --------------------------------   ------------------------
C:   00000051  __sdcc_gsinit_startup              

ASxxxx Linker V03.00 + NoICE + sdld,  page 25.
Hexadecimal  [32-Bits]

Area                                    Addr        Size        Decimal Bytes (Attributes)
--------------------------------        ----        ----        ------- ----- ------------
GSINIT2                             00000054    0000000A =          10. bytes (REL,CON,CODE)

      Value  Global                              Global Defined In Module
      -----  --------------------------------   ------------------------
ASxxxx Linker V03.00 + NoICE + sdld,  page 26.
Hexadecimal  [32-Bits]

Area                                    Addr        Size        Decimal Bytes (Attributes)
--------------------------------        ----        ----        ------- ----- ------------
GSINIT3                             0000005E    00000022 =          34. bytes (REL,CON,CODE)

      Value  Global                              Global Defined In Module
      -----  --------------------------------   ------------------------
C:   0000005E  __mcs51_genXINIT                   

ASxxxx Linker V03.00 + NoICE + sdld,  page 27.
Hexadecimal  [32-Bits]

Area                                    Addr        Size        Decimal Bytes (Attributes)
--------------------------------        ----        ----        ------- ----- ------------
GSINIT4                             00000080    0000002A =          42. bytes (REL,CON,CODE)

      Value  Global                              Global Defined In Module
      -----  --------------------------------   ------------------------
C:   00000080  __mcs51_genRAMCLEAR                
C:   00000086  __mcs51_genXRAMCLEAR               

ASxxxx Linker V03.00 + NoICE + sdld,  page 28.
Hexadecimal  [32-Bits]

Area                                    Addr        Size        Decimal Bytes (Attributes)
--------------------------------        ----        ----        ------- ----- ------------
GSINIT                              000000AA    0000003F =          63. bytes (REL,CON,CODE)

      Value  Global                              Global Defined In Module
      -----  --------------------------------   ------------------------
C:   000000AA  A$Lab4andahalf$1192                Lab4andahalf
C:   000000AA  C$Lab4andahalf.c$33$1$211          Lab4andahalf
C:   000000AD  A$Lab4andahalf$1193                Lab4andahalf
C:   000000B0  A$Lab4andahalf$1196                Lab4andahalf
C:   000000B0  C$Lab4andahalf.c$34$1$211          Lab4andahalf
C:   000000B3  A$Lab4andahalf$1197                Lab4andahalf
C:   000000B6  A$Lab4andahalf$1200                Lab4andahalf
C:   000000B6  C$Lab4andahalf.c$35$1$211          Lab4andahalf
C:   000000B9  A$Lab4andahalf$1201                Lab4andahalf
C:   000000BC  A$Lab4andahalf$1204                Lab4andahalf
C:   000000BC  C$Lab4andahalf.c$36$1$211          Lab4andahalf
C:   000000BD  A$Lab4andahalf$1205                Lab4andahalf
C:   000000BF  A$Lab4andahalf$1206                Lab4andahalf
C:   000000C1  A$Lab4andahalf$1209                Lab4andahalf
C:   000000C1  C$Lab4andahalf.c$37$1$211          Lab4andahalf
C:   000000C4  A$Lab4andahalf$1210                Lab4andahalf
C:   000000C7  A$Lab4andahalf$1213                Lab4andahalf
C:   000000C7  C$Lab4andahalf.c$38$1$211          Lab4andahalf
C:   000000CA  A$Lab4andahalf$1214                Lab4andahalf
C:   000000CD  A$Lab4andahalf$1217                Lab4andahalf
C:   000000CD  C$Lab4andahalf.c$39$1$211          Lab4andahalf
C:   000000D0  A$Lab4andahalf$1218                Lab4andahalf
C:   000000D3  A$Lab4andahalf$1221                Lab4andahalf
C:   000000D3  C$Lab4andahalf.c$40$1$211          Lab4andahalf
C:   000000D5  A$Lab4andahalf$1222                Lab4andahalf
C:   000000D7  A$Lab4andahalf$1226                Lab4andahalf
C:   000000D7  C$Lab4andahalf.c$42$1$211          Lab4andahalf
C:   000000D9  A$Lab4andahalf$1230                Lab4andahalf
C:   000000D9  C$Lab4andahalf.c$43$1$211          Lab4andahalf
C:   000000DB  A$Lab4andahalf$1234                Lab4andahalf
C:   000000DB  C$Lab4andahalf.c$44$1$211          Lab4andahalf
C:   000000DD  A$Lab4andahalf$1237                Lab4andahalf
C:   000000DD  C$Lab4andahalf.c$49$1$211          Lab4andahalf
C:   000000DF  A$Lab4andahalf$1238                Lab4andahalf
C:   000000E1  A$Lab4andahalf$1241                Lab4andahalf
C:   000000E1  C$Lab4andahalf.c$50$1$211          Lab4andahalf
C:   000000E4  A$Lab4andahalf$1244                Lab4andahalf
C:   000000E4  C$Lab4andahalf.c$51$1$211          Lab4andahalf
C:   000000E7  A$Lab4andahalf$1248                Lab4andahalf
C:   000000E7  C$Lab4andahalf.c$55$1$211          Lab4andahalf

ASxxxx Linker V03.00 + NoICE + sdld,  page 29.
Hexadecimal  [32-Bits]

Area                                    Addr        Size        Decimal Bytes (Attributes)
--------------------------------        ----        ----        ------- ----- ------------
GSFINAL                             000000E9    00000003 =           3. bytes (REL,CON,CODE)

      Value  Global                              Global Defined In Module
      -----  --------------------------------   ------------------------
C:   000000E9  A$Lab4andahalf$1250                Lab4andahalf

ASxxxx Linker V03.00 + NoICE + sdld,  page 30.
Hexadecimal  [32-Bits]

Area                                    Addr        Size        Decimal Bytes (Attributes)
--------------------------------        ----        ----        ------- ----- ------------
CSEG                                000000EC    00001841 =        6209. bytes (REL,CON,CODE)

      Value  Global                              Global Defined In Module
      -----  --------------------------------   ------------------------
C:   000000EC  A$Lab4andahalf$1285                Lab4andahalf
C:   000000EC  C$c8051_SDCC.h$62$0$0              Lab4andahalf
C:   000000EC  C$c8051_SDCC.h$66$1$2              Lab4andahalf
C:   000000EC  G$SYSCLK_Init$0$0                  Lab4andahalf
C:   000000EC  _SYSCLK_Init                       Lab4andahalf
C:   000000EF  A$Lab4andahalf$1288                Lab4andahalf
C:   000000EF  C$c8051_SDCC.h$69$1$2              Lab4andahalf
C:   000000F1  A$Lab4andahalf$1289                Lab4andahalf
C:   000000F3  A$Lab4andahalf$1291                Lab4andahalf
C:   000000F4  A$Lab4andahalf$1292                Lab4andahalf
C:   000000F6  A$Lab4andahalf$1293                Lab4andahalf
C:   000000F7  A$Lab4andahalf$1294                Lab4andahalf
C:   000000F8  A$Lab4andahalf$1295                Lab4andahalf
C:   000000FA  A$Lab4andahalf$1296                Lab4andahalf
C:   000000FB  A$Lab4andahalf$1297                Lab4andahalf
C:   000000FD  A$Lab4andahalf$1298                Lab4andahalf
C:   000000FF  A$Lab4andahalf$1299                Lab4andahalf
C:   00000100  A$Lab4andahalf$1300                Lab4andahalf
C:   00000101  A$Lab4andahalf$1301                Lab4andahalf
C:   00000103  A$Lab4andahalf$1305                Lab4andahalf
C:   00000103  C$c8051_SDCC.h$71$1$2              Lab4andahalf
C:   00000105  A$Lab4andahalf$1306                Lab4andahalf
C:   00000108  A$Lab4andahalf$1309                Lab4andahalf
C:   00000108  C$c8051_SDCC.h$73$1$2              Lab4andahalf
C:   0000010B  A$Lab4andahalf$1312                Lab4andahalf
C:   0000010B  C$c8051_SDCC.h$76$1$2              Lab4andahalf
C:   0000010B  XG$SYSCLK_Init$0$0                 Lab4andahalf
C:   0000010C  A$Lab4andahalf$1325                Lab4andahalf
C:   0000010C  C$c8051_SDCC.h$84$1$2              Lab4andahalf
C:   0000010C  C$c8051_SDCC.h$86$1$4              Lab4andahalf
C:   0000010C  G$UART0_Init$0$0                   Lab4andahalf
C:   0000010C  _UART0_Init                        Lab4andahalf
C:   0000010F  A$Lab4andahalf$1328                Lab4andahalf
C:   0000010F  C$c8051_SDCC.h$87$1$4              Lab4andahalf
C:   00000112  A$Lab4andahalf$1331                Lab4andahalf
C:   00000112  C$c8051_SDCC.h$88$1$4              Lab4andahalf
C:   00000115  A$Lab4andahalf$1334                Lab4andahalf
C:   00000115  C$c8051_SDCC.h$89$1$4              Lab4andahalf
C:   00000117  A$Lab4andahalf$1337                Lab4andahalf
C:   00000117  C$c8051_SDCC.h$90$1$4              Lab4andahalf
C:   0000011A  A$Lab4andahalf$1340                Lab4andahalf
C:   0000011A  C$c8051_SDCC.h$91$1$4              Lab4andahalf
C:   0000011D  A$Lab4andahalf$1343                Lab4andahalf
C:   0000011D  C$c8051_SDCC.h$93$1$4              Lab4andahalf
C:   0000011F  A$Lab4andahalf$1346                Lab4andahalf
C:   0000011F  C$c8051_SDCC.h$94$1$4              Lab4andahalf
C:   00000122  A$Lab4andahalf$1349                Lab4andahalf
C:   00000122  C$c8051_SDCC.h$95$1$4              Lab4andahalf
C:   00000122  XG$UART0_Init$0$0                  Lab4andahalf
C:   00000123  A$Lab4andahalf$1362                Lab4andahalf
ASxxxx Linker V03.00 + NoICE + sdld,  page 31.
Hexadecimal  [32-Bits]

Area                                    Addr        Size        Decimal Bytes (Attributes)
--------------------------------        ----        ----        ------- ----- ------------
CSEG                                000000EC    00001841 =        6209. bytes (REL,CON,CODE)

      Value  Global                              Global Defined In Module
      -----  --------------------------------   ------------------------
C:   00000123  C$c8051_SDCC.h$103$1$4             Lab4andahalf
C:   00000123  C$c8051_SDCC.h$105$1$6             Lab4andahalf
C:   00000123  G$Sys_Init$0$0                     Lab4andahalf
C:   00000123  _Sys_Init                          Lab4andahalf
C:   00000126  A$Lab4andahalf$1365                Lab4andahalf
C:   00000126  C$c8051_SDCC.h$106$1$6             Lab4andahalf
C:   00000129  A$Lab4andahalf$1368                Lab4andahalf
C:   00000129  C$c8051_SDCC.h$108$1$6             Lab4andahalf
C:   0000012C  A$Lab4andahalf$1371                Lab4andahalf
C:   0000012C  C$c8051_SDCC.h$109$1$6             Lab4andahalf
C:   0000012F  A$Lab4andahalf$1374                Lab4andahalf
C:   0000012F  C$c8051_SDCC.h$111$1$6             Lab4andahalf
C:   00000132  A$Lab4andahalf$1377                Lab4andahalf
C:   00000132  C$c8051_SDCC.h$112$1$6             Lab4andahalf
C:   00000135  A$Lab4andahalf$1380                Lab4andahalf
C:   00000135  C$c8051_SDCC.h$113$1$6             Lab4andahalf
C:   00000135  XG$Sys_Init$0$0                    Lab4andahalf
C:   00000136  A$Lab4andahalf$1393                Lab4andahalf
C:   00000136  C$c8051_SDCC.h$129$1$6             Lab4andahalf
C:   00000136  G$putchar$0$0                      Lab4andahalf
C:   00000136  _putchar                           Lab4andahalf
C:   00000138  A$Lab4andahalf$1399                Lab4andahalf
C:   00000138  C$c8051_SDCC.h$132$1$8             Lab4andahalf
C:   00000138  C$c8051_SDCC.h$133$1$8             Lab4andahalf
C:   0000013B  A$Lab4andahalf$1400                Lab4andahalf
C:   0000013D  A$Lab4andahalf$1404                Lab4andahalf
C:   0000013D  C$c8051_SDCC.h$134$1$8             Lab4andahalf
C:   0000013F  A$Lab4andahalf$1407                Lab4andahalf
C:   0000013F  C$c8051_SDCC.h$135$1$8             Lab4andahalf
C:   0000013F  XG$putchar$0$0                     Lab4andahalf
C:   00000140  A$Lab4andahalf$1425                Lab4andahalf
C:   00000140  C$c8051_SDCC.h$154$1$8             Lab4andahalf
C:   00000140  C$c8051_SDCC.h$157$1$10            Lab4andahalf
C:   00000140  C$c8051_SDCC.h$158$1$10            Lab4andahalf
C:   00000140  G$getchar$0$0                      Lab4andahalf
C:   00000143  A$Lab4andahalf$1426                Lab4andahalf
C:   00000145  A$Lab4andahalf$1430                Lab4andahalf
C:   00000145  C$c8051_SDCC.h$159$1$10            Lab4andahalf
C:   00000147  A$Lab4andahalf$1433                Lab4andahalf
C:   00000147  C$c8051_SDCC.h$160$1$10            Lab4andahalf
C:   00000149  A$Lab4andahalf$1434                Lab4andahalf
C:   0000014B  A$Lab4andahalf$1435                Lab4andahalf
C:   0000014E  A$Lab4andahalf$1436                Lab4andahalf
C:   00000150  A$Lab4andahalf$1439                Lab4andahalf
C:   00000150  C$c8051_SDCC.h$161$1$10            Lab4andahalf
C:   00000152  A$Lab4andahalf$1442                Lab4andahalf
C:   00000152  C$c8051_SDCC.h$162$1$10            Lab4andahalf
C:   00000152  XG$getchar$0$0                     Lab4andahalf
C:   00000153  A$Lab4andahalf$1457                Lab4andahalf
C:   00000153  C$c8051_SDCC.h$168$1$10            Lab4andahalf
C:   00000153  C$c8051_SDCC.h$171$1$12            Lab4andahalf
ASxxxx Linker V03.00 + NoICE + sdld,  page 32.
Hexadecimal  [32-Bits]

Area                                    Addr        Size        Decimal Bytes (Attributes)
--------------------------------        ----        ----        ------- ----- ------------
CSEG                                000000EC    00001841 =        6209. bytes (REL,CON,CODE)

      Value  Global                              Global Defined In Module
      -----  --------------------------------   ------------------------
C:   00000153  G$getchar_nw$0$0                   Lab4andahalf
C:   00000153  _getchar_nw                        Lab4andahalf
C:   00000156  A$Lab4andahalf$1458                Lab4andahalf
C:   00000159  A$Lab4andahalf$1459                Lab4andahalf
C:   0000015B  A$Lab4andahalf$1463                Lab4andahalf
C:   0000015B  C$c8051_SDCC.h$174$2$13            Lab4andahalf
C:   0000015D  A$Lab4andahalf$1466                Lab4andahalf
C:   0000015D  C$c8051_SDCC.h$175$2$13            Lab4andahalf
C:   00000160  A$Lab4andahalf$1469                Lab4andahalf
C:   00000160  C$c8051_SDCC.h$176$2$13            Lab4andahalf
C:   00000163  A$Lab4andahalf$1472                Lab4andahalf
C:   00000163  C$c8051_SDCC.h$177$2$13            Lab4andahalf
C:   00000166  A$Lab4andahalf$1476                Lab4andahalf
C:   00000166  C$c8051_SDCC.h$179$1$12            Lab4andahalf
C:   00000166  XG$getchar_nw$0$0                  Lab4andahalf
C:   00000167  A$Lab4andahalf$1493                Lab4andahalf
C:   00000167  C$i2c.h$84$1$12                    Lab4andahalf
C:   00000167  G$lcd_print$0$0                    Lab4andahalf
C:   00000167  _lcd_print                         Lab4andahalf
C:   00000169  A$Lab4andahalf$1494                Lab4andahalf
C:   0000016C  A$Lab4andahalf$1497                Lab4andahalf
C:   0000016C  C$i2c.h$90$1$81                    Lab4andahalf
C:   0000016E  A$Lab4andahalf$1498                Lab4andahalf
C:   00000170  A$Lab4andahalf$1499                Lab4andahalf
C:   00000171  A$Lab4andahalf$1500                Lab4andahalf
C:   00000173  A$Lab4andahalf$1501                Lab4andahalf
C:   00000174  A$Lab4andahalf$1502                Lab4andahalf
C:   00000176  A$Lab4andahalf$1503                Lab4andahalf
C:   00000177  A$Lab4andahalf$1504                Lab4andahalf
C:   00000179  A$Lab4andahalf$1505                Lab4andahalf
C:   0000017C  A$Lab4andahalf$1506                Lab4andahalf
C:   0000017E  A$Lab4andahalf$1507                Lab4andahalf
C:   00000181  A$Lab4andahalf$1508                Lab4andahalf
C:   00000183  A$Lab4andahalf$1509                Lab4andahalf
C:   00000185  A$Lab4andahalf$1510                Lab4andahalf
C:   00000187  A$Lab4andahalf$1514                Lab4andahalf
C:   00000187  C$i2c.h$92$2$82                    Lab4andahalf
C:   00000189  A$Lab4andahalf$1515                Lab4andahalf
C:   0000018B  A$Lab4andahalf$1516                Lab4andahalf
C:   0000018C  A$Lab4andahalf$1517                Lab4andahalf
C:   0000018E  A$Lab4andahalf$1520                Lab4andahalf
C:   0000018E  C$i2c.h$93$1$81                    Lab4andahalf
C:   00000190  A$Lab4andahalf$1521                Lab4andahalf
C:   00000192  A$Lab4andahalf$1522                Lab4andahalf
C:   00000193  A$Lab4andahalf$1523                Lab4andahalf
C:   00000195  A$Lab4andahalf$1524                Lab4andahalf
C:   00000196  A$Lab4andahalf$1525                Lab4andahalf
C:   00000198  A$Lab4andahalf$1526                Lab4andahalf
C:   00000199  A$Lab4andahalf$1527                Lab4andahalf
C:   0000019B  A$Lab4andahalf$1528                Lab4andahalf
C:   0000019E  A$Lab4andahalf$1529                Lab4andahalf
ASxxxx Linker V03.00 + NoICE + sdld,  page 33.
Hexadecimal  [32-Bits]

Area                                    Addr        Size        Decimal Bytes (Attributes)
--------------------------------        ----        ----        ------- ----- ------------
CSEG                                000000EC    00001841 =        6209. bytes (REL,CON,CODE)

      Value  Global                              Global Defined In Module
      -----  --------------------------------   ------------------------
C:   000001A1  A$Lab4andahalf$1530                Lab4andahalf
C:   000001A4  A$Lab4andahalf$1533                Lab4andahalf
C:   000001A4  C$i2c.h$96$1$81                    Lab4andahalf
C:   000001A7  A$Lab4andahalf$1534                Lab4andahalf
C:   000001AA  A$Lab4andahalf$1535                Lab4andahalf
C:   000001AD  A$Lab4andahalf$1536                Lab4andahalf
C:   000001AF  A$Lab4andahalf$1539                Lab4andahalf
C:   000001B1  A$Lab4andahalf$1541                Lab4andahalf
C:   000001B2  A$Lab4andahalf$1542                Lab4andahalf
C:   000001B3  A$Lab4andahalf$1543                Lab4andahalf
C:   000001B4  A$Lab4andahalf$1544                Lab4andahalf
C:   000001B6  A$Lab4andahalf$1547                Lab4andahalf
C:   000001B6  C$i2c.h$99$2$84                    Lab4andahalf
C:   000001B7  A$Lab4andahalf$1548                Lab4andahalf
C:   000001B9  A$Lab4andahalf$1549                Lab4andahalf
C:   000001BB  A$Lab4andahalf$1550                Lab4andahalf
C:   000001BC  A$Lab4andahalf$1551                Lab4andahalf
C:   000001BE  A$Lab4andahalf$1552                Lab4andahalf
C:   000001C0  A$Lab4andahalf$1553                Lab4andahalf
C:   000001C1  A$Lab4andahalf$1554                Lab4andahalf
C:   000001C2  A$Lab4andahalf$1555                Lab4andahalf
C:   000001C5  A$Lab4andahalf$1556                Lab4andahalf
C:   000001C6  A$Lab4andahalf$1557                Lab4andahalf
C:   000001C8  A$Lab4andahalf$1558                Lab4andahalf
C:   000001CA  A$Lab4andahalf$1559                Lab4andahalf
C:   000001CB  A$Lab4andahalf$1560                Lab4andahalf
C:   000001CD  A$Lab4andahalf$1561                Lab4andahalf
C:   000001CF  A$Lab4andahalf$1562                Lab4andahalf
C:   000001D1  A$Lab4andahalf$1563                Lab4andahalf
C:   000001D2  A$Lab4andahalf$1567                Lab4andahalf
C:   000001D2  C$i2c.h$97$1$81                    Lab4andahalf
C:   000001D3  A$Lab4andahalf$1568                Lab4andahalf
C:   000001D5  A$Lab4andahalf$1572                Lab4andahalf
C:   000001D5  C$i2c.h$102$1$81                   Lab4andahalf
C:   000001D8  A$Lab4andahalf$1573                Lab4andahalf
C:   000001DB  A$Lab4andahalf$1574                Lab4andahalf
C:   000001DE  A$Lab4andahalf$1575                Lab4andahalf
C:   000001E1  A$Lab4andahalf$1576                Lab4andahalf
C:   000001E3  A$Lab4andahalf$1577                Lab4andahalf
C:   000001E6  A$Lab4andahalf$1578                Lab4andahalf
C:   000001E9  A$Lab4andahalf$1580                Lab4andahalf
C:   000001EB  A$Lab4andahalf$1583                Lab4andahalf
C:   000001EB  C$i2c.h$103$1$81                   Lab4andahalf
C:   000001EB  XG$lcd_print$0$0                   Lab4andahalf
C:   000001EC  A$Lab4andahalf$1599                Lab4andahalf
C:   000001EC  C$i2c.h$106$1$81                   Lab4andahalf
C:   000001EC  C$i2c.h$108$1$81                   Lab4andahalf
C:   000001EC  G$lcd_clear$0$0                    Lab4andahalf
C:   000001EC  _lcd_clear                         Lab4andahalf
C:   000001EF  A$Lab4andahalf$1603                Lab4andahalf
C:   000001EF  C$i2c.h$110$1$85                   Lab4andahalf
ASxxxx Linker V03.00 + NoICE + sdld,  page 34.
Hexadecimal  [32-Bits]

Area                                    Addr        Size        Decimal Bytes (Attributes)
--------------------------------        ----        ----        ------- ----- ------------
CSEG                                000000EC    00001841 =        6209. bytes (REL,CON,CODE)

      Value  Global                              Global Defined In Module
      -----  --------------------------------   ------------------------
C:   000001F1  A$Lab4andahalf$1604                Lab4andahalf
C:   000001F3  A$Lab4andahalf$1605                Lab4andahalf
[...]

      Value  Global                              Global Defined In Module
      -----  --------------------------------   ------------------------
C:   00000DCB  A$Lab4andahalf$4030                Lab4andahalf
C:   00000DCD  A$Lab4andahalf$4031                Lab4andahalf
C:   00000DD0  A$Lab4andahalf$4034                Lab4andahalf
C:   00000DD0  C$Lab4andahalf.c$380$3$197         Lab4andahalf
C:   00000DD2  A$Lab4andahalf$4035                Lab4andahalf
C:   00000DD4  A$Lab4andahalf$4036                Lab4andahalf
C:   00000DD7  A$Lab4andahalf$4037                Lab4andahalf
C:   00000DD9  A$Lab4andahalf$4038                Lab4andahalf
C:   00000DDB  A$Lab4andahalf$4041                Lab4andahalf
C:   00000DDB  C$Lab4andahalf.c$381$3$197         Lab4andahalf
C:   00000DDC  A$Lab4andahalf$4042                Lab4andahalf
C:   00000DDE  A$Lab4andahalf$4043                Lab4andahalf
C:   00000DDF  A$Lab4andahalf$4044                Lab4andahalf
C:   00000DE0  A$Lab4andahalf$4047                Lab4andahalf
C:   00000DE0  C$Lab4andahalf.c$382$3$197         Lab4andahalf
C:   00000DE2  A$Lab4andahalf$4048                Lab4andahalf
C:   00000DE4  A$Lab4andahalf$4049                Lab4andahalf
C:   00000DE6  A$Lab4andahalf$4050                Lab4andahalf
C:   00000DE8  A$Lab4andahalf$4051                Lab4andahalf
C:   00000DEA  A$Lab4andahalf$4052                Lab4andahalf
C:   00000DEC  A$Lab4andahalf$4053                Lab4andahalf
C:   00000DEE  A$Lab4andahalf$4054                Lab4andahalf
C:   00000DF0  A$Lab4andahalf$4055                Lab4andahalf
C:   00000DF2  A$Lab4andahalf$4056                Lab4andahalf
C:   00000DF4  A$Lab4andahalf$4057                Lab4andahalf
C:   00000DF6  A$Lab4andahalf$4058                Lab4andahalf
C:   00000DF9  A$Lab4andahalf$4059                Lab4andahalf
C:   00000DFB  A$Lab4andahalf$4060                Lab4andahalf
C:   00000DFD  A$Lab4andahalf$4061                Lab4andahalf
C:   00000DFF  A$Lab4andahalf$4062                Lab4andahalf
C:   00000E01  A$Lab4andahalf$4063                Lab4andahalf
C:   00000E03  A$Lab4andahalf$4066                Lab4andahalf
C:   00000E03  C$Lab4andahalf.c$386$1$193         Lab4andahalf
C:   00000E05  A$Lab4andahalf$4067                Lab4andahalf
C:   00000E07  A$Lab4andahalf$4068                Lab4andahalf
C:   00000E09  A$Lab4andahalf$4069                Lab4andahalf
C:   00000E0B  A$Lab4andahalf$4070                Lab4andahalf
C:   00000E0D  A$Lab4andahalf$4071                Lab4andahalf
C:   00000E0F  A$Lab4andahalf$4072                Lab4andahalf
C:   00000E11  A$Lab4andahalf$4073                Lab4andahalf
C:   00000E13  A$Lab4andahalf$4074                Lab4andahalf
C:   00000E15  A$Lab4andahalf$4075                Lab4andahalf
C:   00000E17  A$Lab4andahalf$4076                Lab4andahalf
C:   00000E1A  A$Lab4andahalf$4077                Lab4andahalf
C:   00000E1C  A$Lab4andahalf$4078                Lab4andahalf
C:   00000E1E  A$Lab4andahalf$4079                Lab4andahalf
C:   00000E20  A$Lab4andahalf$4082                Lab4andahalf
C:   00000E20  C$Lab4andahalf.c$387$1$193         Lab4andahalf
C:   00000E23  A$Lab4andahalf$4083                Lab4andahalf
C:   00000E25  A$Lab4andahalf$4084                Lab4andahalf
C:   00000E27  A$Lab4andahalf$4087                Lab4andahalf
ASxxxx Linker V03.00 + NoICE + sdld,  page 71.
Hexadecimal  [32-Bits]

Area                                    Addr        Size        Decimal Bytes (Attributes)
--------------------------------        ----        ----        ------- ----- ------------
CSEG                                000000EC    00001841 =        6209. bytes (REL,CON,CODE)

      Value  Global                              Global Defined In Module
      -----  --------------------------------   ------------------------
C:   00000E27  C$Lab4andahalf.c$388$1$193         Lab4andahalf
C:   00000E29  A$Lab4andahalf$4088                Lab4andahalf
C:   00000E2B  A$Lab4andahalf$4091                Lab4andahalf
C:   00000E2B  C$Lab4andahalf.c$389$1$193         Lab4andahalf
C:   00000E2B  XG$pick_range$0$0                  Lab4andahalf
C:   00000E2C  A$Lab4andahalf$4106                Lab4andahalf
C:   00000E2C  C$Lab4andahalf.c$391$1$193         Lab4andahalf
C:   00000E2C  G$read_AD_input$0$0                Lab4andahalf
C:   00000E2C  _read_AD_input                     Lab4andahalf
C:   00000E2F  A$Lab4andahalf$4109                Lab4andahalf
C:   00000E2F  C$Lab4andahalf.c$395$1$199         Lab4andahalf
C:   00000E32  A$Lab4andahalf$4112                Lab4andahalf
C:   00000E32  C$Lab4andahalf.c$396$1$199         Lab4andahalf
C:   00000E35  A$Lab4andahalf$4116                Lab4andahalf
C:   00000E35  C$Lab4andahalf.c$397$1$199         Lab4andahalf
C:   00000E37  A$Lab4andahalf$4117                Lab4andahalf
C:   00000E3A  A$Lab4andahalf$4120                Lab4andahalf
C:   00000E3A  C$Lab4andahalf.c$398$1$199         Lab4andahalf
C:   00000E3C  A$Lab4andahalf$4121                Lab4andahalf
C:   00000E3E  A$Lab4andahalf$4124                Lab4andahalf
C:   00000E3E  C$Lab4andahalf.c$399$2$200         Lab4andahalf
C:   00000E41  A$Lab4andahalf$4125                Lab4andahalf
C:   00000E43  A$Lab4andahalf$4129                Lab4andahalf
C:   00000E43  C$Lab4andahalf.c$402$2$201         Lab4andahalf
C:   00000E46  A$Lab4andahalf$4130                Lab4andahalf
C:   00000E49  A$Lab4andahalf$4131                Lab4andahalf
C:   00000E4C  A$Lab4andahalf$4132                Lab4andahalf
C:   00000E4F  A$Lab4andahalf$4133                Lab4andahalf
C:   00000E51  A$Lab4andahalf$4134                Lab4andahalf
C:   00000E53  A$Lab4andahalf$4135                Lab4andahalf
C:   00000E54  A$Lab4andahalf$4136                Lab4andahalf
C:   00000E55  A$Lab4andahalf$4139                Lab4andahalf
C:   00000E55  C$Lab4andahalf.c$403$2$201         Lab4andahalf
C:   00000E57  A$Lab4andahalf$4140                Lab4andahalf
C:   00000E59  A$Lab4andahalf$4141                Lab4andahalf
C:   00000E5A  A$Lab4andahalf$4142                Lab4andahalf
C:   00000E5C  A$Lab4andahalf$4146                Lab4andahalf
C:   00000E5C  C$Lab4andahalf.c$405$1$199         Lab4andahalf
C:   00000E5C  XG$read_AD_input$0$0               Lab4andahalf
C:   00000E5D  A$Lab4andahalf$4157                Lab4andahalf
C:   00000E5D  C$Lab4andahalf.c$413$1$199         Lab4andahalf
C:   00000E5D  G$PCA_ISR$0$0                      Lab4andahalf
C:   00000E5D  _PCA_ISR                           Lab4andahalf
C:   00000E5F  A$Lab4andahalf$4158                Lab4andahalf
C:   00000E61  A$Lab4andahalf$4163                Lab4andahalf
C:   00000E61  C$Lab4andahalf.c$415$1$203         Lab4andahalf
C:   00000E61  C$Lab4andahalf.c$417$2$204         Lab4andahalf
C:   00000E64  A$Lab4andahalf$4164                Lab4andahalf
C:   00000E66  A$Lab4andahalf$4168                Lab4andahalf
C:   00000E66  C$Lab4andahalf.c$418$2$204         Lab4andahalf
C:   00000E69  A$Lab4andahalf$4169                Lab4andahalf
ASxxxx Linker V03.00 + NoICE + sdld,  page 72.
Hexadecimal  [32-Bits]

Area                                    Addr        Size        Decimal Bytes (Attributes)
--------------------------------        ----        ----        ------- ----- ------------
CSEG                                000000EC    00001841 =        6209. bytes (REL,CON,CODE)

      Value  Global                              Global Defined In Module
      -----  --------------------------------   ------------------------
C:   00000E6C  A$Lab4andahalf$4172                Lab4andahalf
C:   00000E6C  C$Lab4andahalf.c$419$2$204         Lab4andahalf
C:   00000E6E  A$Lab4andahalf$4175                Lab4andahalf
C:   00000E6E  C$Lab4andahalf.c$420$2$204         Lab4andahalf
C:   00000E70  A$Lab4andahalf$4178                Lab4andahalf
C:   00000E70  C$Lab4andahalf.c$421$2$204         Lab4andahalf
C:   00000E72  A$Lab4andahalf$4179                Lab4andahalf
C:   00000E74  A$Lab4andahalf$4180                Lab4andahalf
C:   00000E76  A$Lab4andahalf$4183                Lab4andahalf
C:   00000E76  C$Lab4andahalf.c$423$3$205         Lab4andahalf
C:   00000E79  A$Lab4andahalf$4186                Lab4andahalf
C:   00000E79  C$Lab4andahalf.c$424$3$205         Lab4andahalf
C:   00000E7C  A$Lab4andahalf$4190                Lab4andahalf
C:   00000E7C  C$Lab4andahalf.c$426$2$204         Lab4andahalf
C:   00000E7E  A$Lab4andahalf$4193                Lab4andahalf
C:   00000E7E  C$Lab4andahalf.c$427$2$204         Lab4andahalf
C:   00000E80  A$Lab4andahalf$4194                Lab4andahalf
C:   00000E82  A$Lab4andahalf$4195                Lab4andahalf
C:   00000E84  A$Lab4andahalf$4198                Lab4andahalf
C:   00000E84  C$Lab4andahalf.c$429$3$206         Lab4andahalf
C:   00000E87  A$Lab4andahalf$4201                Lab4andahalf
C:   00000E87  C$Lab4andahalf.c$430$3$206         Lab4andahalf
C:   00000E8A  A$Lab4andahalf$4205                Lab4andahalf
C:   00000E8A  C$Lab4andahalf.c$432$2$204         Lab4andahalf
C:   00000E8C  A$Lab4andahalf$4208                Lab4andahalf
C:   00000E8C  C$Lab4andahalf.c$433$2$204         Lab4andahalf
C:   00000E8E  A$Lab4andahalf$4209                Lab4andahalf
C:   00000E90  A$Lab4andahalf$4210                Lab4andahalf
C:   00000E92  A$Lab4andahalf$4213                Lab4andahalf
C:   00000E92  C$Lab4andahalf.c$435$3$207         Lab4andahalf
C:   00000E95  A$Lab4andahalf$4216                Lab4andahalf
C:   00000E95  C$Lab4andahalf.c$436$3$207         Lab4andahalf
C:   00000E98  A$Lab4andahalf$4220                Lab4andahalf
C:   00000E98  C$Lab4andahalf.c$440$1$203         Lab4andahalf
C:   00000E9B  A$Lab4andahalf$4221                Lab4andahalf
C:   00000E9D  A$Lab4andahalf$4222                Lab4andahalf
C:   00000E9F  A$Lab4andahalf$4225                Lab4andahalf
C:   00000E9F  C$Lab4andahalf.c$441$1$203         Lab4andahalf
C:   00000E9F  XG$PCA_ISR$0$0                     Lab4andahalf
C:   00000EA0  A$Lab4andahalf$4242                Lab4andahalf
C:   00000EA0  C$Lab4andahalf.c$443$1$203         Lab4andahalf
C:   00000EA0  C$Lab4andahalf.c$445$1$209         Lab4andahalf
C:   00000EA0  G$pause$0$0                        Lab4andahalf
C:   00000EA0  _pause                             Lab4andahalf
C:   00000EA3  A$Lab4andahalf$4246                Lab4andahalf
C:   00000EA3  C$Lab4andahalf.c$446$1$209         Lab4andahalf
C:   00000EA5  A$Lab4andahalf$4247                Lab4andahalf
C:   00000EA7  A$Lab4andahalf$4248                Lab4andahalf
C:   00000EA9  A$Lab4andahalf$4251                Lab4andahalf
C:   00000EA9  C$Lab4andahalf.c$447$1$209         Lab4andahalf
C:   00000EA9  XG$pause$0$0                       Lab4andahalf
ASxxxx Linker V03.00 + NoICE + sdld,  page 73.
Hexadecimal  [32-Bits]

Area                                    Addr        Size        Decimal Bytes (Attributes)
--------------------------------        ----        ----        ------- ----- ------------
CSEG                                000000EC    00001841 =        6209. bytes (REL,CON,CODE)

      Value  Global                              Global Defined In Module
      -----  --------------------------------   ------------------------
C:   00000EAA  A$Lab4andahalf$4264                Lab4andahalf
C:   00000EAA  C$Lab4andahalf.c$449$1$209         Lab4andahalf
C:   00000EAA  C$Lab4andahalf.c$451$1$211         Lab4andahalf
C:   00000EAA  G$wait$0$0                         Lab4andahalf
C:   00000EAA  _wait                              Lab4andahalf
C:   00000EAD  A$Lab4andahalf$4268                Lab4andahalf
C:   00000EAD  C$Lab4andahalf.c$452$1$211         Lab4andahalf
C:   00000EAF  A$Lab4andahalf$4269                Lab4andahalf
C:   00000EB1  A$Lab4andahalf$4270                Lab4andahalf
C:   00000EB3  A$Lab4andahalf$4273                Lab4andahalf
C:   00000EB3  C$Lab4andahalf.c$453$1$211         Lab4andahalf
C:   00000EB3  XG$wait$0$0                        Lab4andahalf
C:   00000EB4  ___fsmul                           _fsmul
C:   00000F57  fsgetargs                          _fsget2args
C:   00000F85  fs_normalize_a                     _fsnormalize
C:   00000FB8  __gptrput                          _gptrput
C:   00000FD3  __mulint                           _mulint
C:   00000FD3  __mulint_dummy                     _mulint
C:   00001060  _vsprintf                          sprintf
C:   0000109D  _sprintf                           sprintf
C:   000010EB  ___fsadd                           _fsadd
C:   000010EE  fsadd_direct_entry                 _fsadd
C:   00001144  __divuint                          _divuint
C:   0000116D  ___sint2fs                         _sint2fs
C:   0000117A  ___uint2fs                         _uint2fs
C:   00001186  ___fs2uint                         _fs2uint
C:   00001191  fs_round_and_return                _fsreturnval
C:   000011A9  fs_zerocheck_return                _fsreturnval
C:   000011B2  fs_return_zero                     _fsreturnval
C:   000011BA  fs_direct_return                   _fsreturnval
C:   000011C8  fs_return_inf                      _fsreturnval
C:   000011D5  fs_return_nan                      _fsreturnval
C:   000011EB  _vprintf                           vprintf
C:   00001204  _printf                            vprintf
C:   000012DB  __print_format                     printf_large
C:   000017E7  fs_swap_a_b                        _fsswapargs
C:   00001801  _strlen                            _strlen
C:   00001819  __gptrget                          _gptrget
C:   00001835  ___slong2fs                        _slong2fs
C:   0000183E  slong2fs_doit                      _slong2fs
C:   00001862  ___ulong2fs                        _ulong2fs
C:   0000186B  ulong2fs_doit                      _ulong2fs
C:   00001875  __divsint                          _divsint
C:   000018AD  fs_rshift_a                        _fsrshift
C:   000018F0  __sdcc_external_startup            _startup
C:   000018F4  ___fs2ulong                        _fs2ulong
C:   000018F6  fs2ulong_begin                     _fs2ulong
C:   0000191B  fsgetarg                           _fsget1arg

ASxxxx Linker V03.00 + NoICE + sdld,  page 74.
Hexadecimal  [32-Bits]

Area                                    Addr        Size        Decimal Bytes (Attributes)
--------------------------------        ----        ----        ------- ----- ------------
CONST                               0000192D    00000220 =         544. bytes (REL,CON,CODE)

      Value  Global                              Global Defined In Module
      -----  --------------------------------   ------------------------
C:   0000192D  FLab4andahalf$__str_0$0$0          Lab4andahalf
C:   00001943  FLab4andahalf$__str_1$0$0          Lab4andahalf
C:   00001953  FLab4andahalf$__str_2$0$0          Lab4andahalf
C:   00001956  FLab4andahalf$__str_3$0$0          Lab4andahalf
C:   0000199C  FLab4andahalf$__str_4$0$0          Lab4andahalf
C:   000019A7  FLab4andahalf$__str_5$0$0          Lab4andahalf
C:   000019C5  FLab4andahalf$__str_6$0$0          Lab4andahalf
C:   000019E0  FLab4andahalf$__str_7$0$0          Lab4andahalf
C:   00001A1F  FLab4andahalf$__str_8$0$0          Lab4andahalf
C:   00001A2A  FLab4andahalf$__str_9$0$0          Lab4andahalf
C:   00001A3D  FLab4andahalf$__str_10$0$0         Lab4andahalf
C:   00001A49  FLab4andahalf$__str_11$0$0         Lab4andahalf
C:   00001A5D  FLab4andahalf$__str_12$0$0         Lab4andahalf
C:   00001A6A  FLab4andahalf$__str_13$0$0         Lab4andahalf
C:   00001A7F  FLab4andahalf$__str_14$0$0         Lab4andahalf
C:   00001A8C  FLab4andahalf$__str_15$0$0         Lab4andahalf
C:   00001AA1  FLab4andahalf$__str_16$0$0         Lab4andahalf
C:   00001AD9  FLab4andahalf$__str_17$0$0         Lab4andahalf
C:   00001ADC  FLab4andahalf$__str_18$0$0         Lab4andahalf
C:   00001AF0  FLab4andahalf$__str_19$0$0         Lab4andahalf
C:   00001B30  FLab4andahalf$__str_20$0$0         Lab4andahalf
ASxxxx Linker V03.00 + NoICE + sdld,  page 75.

Files Linked                              [ module(s) ]

C:\Users\gerlig\Documents\School\LITEC\LAB4\Lab4andahalf.rel
                                          [  ]


Libraries Linked                          [ object file ]

C:\Program Files\SDCC\bin\..\lib\small/libfloat.lib
                                          [ _fsmul.rel ]
C:\Program Files\SDCC\bin\..\lib\small/libfloat.lib
                                          [ _fsget2args.rel ]
C:\Program Files\SDCC\bin\..\lib\small/mcs51.lib
                                          [ crtclear.rel ]
C:\Program Files\SDCC\bin\..\lib\small/libfloat.lib
                                          [ _fsnormalize.rel ]
C:\Program Files\SDCC\bin\..\lib\small/mcs51.lib
                                          [ crtxinit.rel ]
C:\Program Files\SDCC\bin\..\lib\small/libsdcc.lib
                                          [ _gptrput.rel ]
C:\Program Files\SDCC\bin\..\lib\small/libint.lib
                                          [ _mulint.rel ]
C:\Program Files\SDCC\bin\..\lib\small/libsdcc.lib
                                          [ sprintf.rel ]
C:\Program Files\SDCC\bin\..\lib\small/mcs51.lib
                                          [ crtxclear.rel ]
C:\Program Files\SDCC\bin\..\lib\small/libfloat.lib
                                          [ _fsadd.rel ]
C:\Program Files\SDCC\bin\..\lib\small/libint.lib
                                          [ _divuint.rel ]
C:\Program Files\SDCC\bin\..\lib\small/libfloat.lib
                                          [ _sint2fs.rel ]
C:\Program Files\SDCC\bin\..\lib\small/libfloat.lib
                                          [ _uint2fs.rel ]
C:\Program Files\SDCC\bin\..\lib\small/libfloat.lib
                                          [ _fs2uint.rel ]
C:\Program Files\SDCC\bin\..\lib\small/libfloat.lib
                                          [ _fsreturnval.rel ]
C:\Program Files\SDCC\bin\..\lib\small/libsdcc.lib
                                          [ _bp.rel ]
C:\Program Files\SDCC\bin\..\lib\small/libsdcc.lib
                                          [ vprintf.rel ]
C:\Program Files\SDCC\bin\..\lib\small/libsdcc.lib
                                          [ printf_large.rel ]
C:\Program Files\SDCC\bin\..\lib\small/libfloat.lib
                                          [ _fsswapargs.rel ]
C:\Program Files\SDCC\bin\..\lib\small/libsdcc.lib
                                          [ _strlen.rel ]
C:\Program Files\SDCC\bin\..\lib\small/mcs51.lib
                                          [ crtstart.rel ]
C:\Program Files\SDCC\bin\..\lib\small/libsdcc.lib
                                          [ _gptrget.rel ]
C:\Program Files\SDCC\bin\..\lib\small/libfloat.lib
                                          [ _slong2fs.rel ]
C:\Program Files\SDCC\bin\..\lib\small/libfloat.lib
                                          [ _ulong2fs.rel ]
C:\Program Files\SDCC\bin\..\lib\small/libint.lib
                                          [ _divsint.rel ]
C:\Program Files\SDCC\bin\..\lib\small/libfloat.lib
                                          [ _fsrshift.rel ]
C:\Program Files\SDCC\bin\..\lib\small/libsdcc.lib
                                          [ _startup.rel ]
C:\Program Files\SDCC\bin\..\lib\small/libfloat.lib
                                          [ _fs2ulong.rel ]
C:\Program Files\SDCC\bin\..\lib\small/libfloat.lib
                                          [ _fsget1arg.rel ]

ASxxxx Linker V03.00 + NoICE + sdld,  page 76.

User Base Address Definitions

HOME = 0x0000
XSEG = 0x0001
PSEG = 0x0001
ISEG = 0x0000
BSEG = 0x0000

