ASxxxx Linker V03.00 + NoICE + sdld,  page 1.
Hexadecimal  [32-Bits]

Area                                    Addr        Size        Decimal Bytes (Attributes)
--------------------------------        ----        ----        ------- ----- ------------
CABS                                00000000    00000000 =           0. bytes (ABS,CON,CODE)

      Value  Global                              Global Defined In Module
      -----  --------------------------------   ------------------------
C:   00000000  l_BIT_BANK                      
C:   00000000  l_CABS                          
C:   00000000  l_GSINIT                        
C:   00000000  l_GSINIT1                       
C:   00000000  l_GSINIT5                       
C:   00000000  l_IABS                          
C:   00000000  l_PSEG                          
C:   00000000  l_REG_BANK_1                    
C:   00000000  l_REG_BANK_2                    
C:   00000000  l_REG_BANK_3                    
C:   00000000  l_RSEG                          
C:   00000000  l_RSEG0                         
C:   00000000  l_RSEG1                         
C:   00000000  l_XABS                          
C:   00000000  l_XINIT                         
C:   00000000  l_XISEG                         
C:   00000000  l__CODE                         
C:   00000000  s_BSEG                          
C:   00000000  s_CABS                          
C:   00000000  s_DSEG                          
C:   00000000  s_HOME                          
C:   00000000  s_IABS                          
C:   00000000  s_REG_BANK_0                    
C:   00000000  s_RSEG                          
C:   00000000  s_RSEG0                         
C:   00000000  s_RSEG1                         
C:   00000000  s_XABS                          
C:   00000001  s_PSEG                          
C:   00000001  s_XSEG                          
C:   00000002  l_BSEG_BYTES                    
C:   00000003  l_GSFINAL                       
C:   00000003  l_GSINIT0                       
C:   00000006  l_ISEG                          
C:   00000006  l_OSEG                          
C:   00000008  l_REG_BANK_0                    
C:   00000008  s_REG_BANK_1                    
C:   0000000A  l_BSEG                          
C:   0000000A  l_GSINIT2                       
C:   00000010  s_REG_BANK_2                    
C:   00000018  s_BIT_BANK                      
C:   00000018  s_REG_BANK_3                    
C:   00000020  s_BSEG_BYTES                    
C:   00000020  s__CODE                         
C:   00000022  l_GSINIT3                       
C:   0000002A  l_GSINIT4                       
C:   00000045  s_OSEG                          
C:   0000004B  s_ISEG                          
C:   00000050  l_XSEG                          
C:   00000051  l_HOME                          
C:   00000051  s_GSINIT0                       
ASxxxx Linker V03.00 + NoICE + sdld,  page 2.
Hexadecimal  [32-Bits]

Area                                    Addr        Size        Decimal Bytes (Attributes)
--------------------------------        ----        ----        ------- ----- ------------
CABS                                00000000    00000000 =           0. bytes (ABS,CON,CODE)

      Value  Global                              Global Defined In Module
      -----  --------------------------------   ------------------------
C:   00000051  s_SSEG                          
C:   00000051  s_XISEG                         
C:   00000054  s_GSINIT1                       
C:   00000054  s_GSINIT2                       
C:   0000005E  s_GSINIT3                       
C:   00000080  l_DSEG                          
C:   00000080  s_GSINIT4                       
C:   000000AA  s_GSFINAL                       
C:   000000AA  s_GSINIT                        
C:   000000AA  s_GSINIT5                       
C:   000000AD  s_CSEG                          
C:   000000AF  l_SSEG                          
C:   00000100  l_IRAM                          
C:   0000010D  l_CONST                         
C:   00000E7A  l_CSEG                          
C:   00000F27  s_CONST                         
C:   00001034  s_XINIT                         

ASxxxx Linker V03.00 + NoICE + sdld,  page 3.
Hexadecimal  [32-Bits]

Area                                    Addr        Size        Decimal Bytes (Attributes)
--------------------------------        ----        ----        ------- ----- ------------
.  .ABS.                            00000000    00000000 =           0. bytes (ABS,CON)

      Value  Global                              Global Defined In Module
      -----  --------------------------------   ------------------------
     00000000  .__.ABS.                           _startup
     00000080  G$P0$0$0                           kpdlcdtestPCA
     00000080  G$P0_0$0$0                         kpdlcdtestPCA
     00000080  _P0                                kpdlcdtestPCA
     00000080  _P0_0                              kpdlcdtestPCA
     00000081  G$P0_1$0$0                         kpdlcdtestPCA
     00000081  G$SP$0$0                           kpdlcdtestPCA
     00000081  _P0_1                              kpdlcdtestPCA
     00000081  _SP                                kpdlcdtestPCA
     00000082  G$DPL$0$0                          kpdlcdtestPCA
     00000082  G$P0_2$0$0                         kpdlcdtestPCA
     00000082  _DPL                               kpdlcdtestPCA
     00000082  _P0_2                              kpdlcdtestPCA
     00000083  G$BUS_SCL$0$0                      kpdlcdtestPCA
     00000083  G$DPH$0$0                          kpdlcdtestPCA
     00000083  G$P0_3$0$0                         kpdlcdtestPCA
     00000083  _BUS_SCL                           kpdlcdtestPCA
     00000083  _DPH                               kpdlcdtestPCA
     00000083  _P0_3                              kpdlcdtestPCA
     00000084  G$P0_4$0$0                         kpdlcdtestPCA
     00000084  G$P4$0$0                           kpdlcdtestPCA
     00000084  _P0_4                              kpdlcdtestPCA
     00000084  _P4                                kpdlcdtestPCA
     00000085  G$P0_5$0$0                         kpdlcdtestPCA
     00000085  G$P5$0$0                           kpdlcdtestPCA
     00000085  _P0_5                              kpdlcdtestPCA
     00000085  _P5                                kpdlcdtestPCA
     00000086  G$P0_6$0$0                         kpdlcdtestPCA
     00000086  G$P6$0$0                           kpdlcdtestPCA
     00000086  _P0_6                              kpdlcdtestPCA
     00000086  _P6                                kpdlcdtestPCA
     00000087  G$P0_7$0$0                         kpdlcdtestPCA
     00000087  G$PCON$0$0                         kpdlcdtestPCA
     00000087  _P0_7                              kpdlcdtestPCA
     00000087  _PCON                              kpdlcdtestPCA
     00000088  G$IT0$0$0                          kpdlcdtestPCA
     00000088  G$TCON$0$0                         kpdlcdtestPCA
     00000088  _IT0                               kpdlcdtestPCA
     00000088  _TCON                              kpdlcdtestPCA
     00000089  G$IE0$0$0                          kpdlcdtestPCA
     00000089  G$TMOD$0$0                         kpdlcdtestPCA
     00000089  _IE0                               kpdlcdtestPCA
     00000089  _TMOD                              kpdlcdtestPCA
     0000008A  G$IT1$0$0                          kpdlcdtestPCA
     0000008A  G$TL0$0$0                          kpdlcdtestPCA
     0000008A  _IT1                               kpdlcdtestPCA
     0000008A  _TL0                               kpdlcdtestPCA
     0000008B  G$IE1$0$0                          kpdlcdtestPCA
     0000008B  G$TL1$0$0                          kpdlcdtestPCA
     0000008B  _IE1                               kpdlcdtestPCA
ASxxxx Linker V03.00 + NoICE + sdld,  page 4.
Hexadecimal  [32-Bits]

Area                                    Addr        Size        Decimal Bytes (Attributes)
--------------------------------        ----        ----        ------- ----- ------------
.  .ABS.                            00000000    00000000 =           0. bytes (ABS,CON)

      Value  Global                              Global Defined In Module
      -----  --------------------------------   ------------------------
     0000008B  _TL1                               kpdlcdtestPCA
     0000008C  G$TH0$0$0                          kpdlcdtestPCA
     0000008C  G$TR0$0$0                          kpdlcdtestPCA
     0000008C  _TH0                               kpdlcdtestPCA
     0000008C  _TR0                               kpdlcdtestPCA
     0000008D  G$TF0$0$0                          kpdlcdtestPCA
     0000008D  G$TH1$0$0                          kpdlcdtestPCA
     0000008D  _TF0                               kpdlcdtestPCA
     0000008D  _TH1                               kpdlcdtestPCA
     0000008E  G$CKCON$0$0                        kpdlcdtestPCA
     0000008E  G$TR1$0$0                          kpdlcdtestPCA
     0000008E  _CKCON                             kpdlcdtestPCA
     0000008E  _TR1                               kpdlcdtestPCA
     0000008F  G$PSCTL$0$0                        kpdlcdtestPCA
     0000008F  G$TF1$0$0                          kpdlcdtestPCA
     0000008F  _PSCTL                             kpdlcdtestPCA
     0000008F  _TF1                               kpdlcdtestPCA
     00000090  G$P1$0$0                           kpdlcdtestPCA
     00000090  G$P1_0$0$0                         kpdlcdtestPCA
     00000090  _P1                                kpdlcdtestPCA
     00000090  _P1_0                              kpdlcdtestPCA
     00000091  G$P1_1$0$0                         kpdlcdtestPCA
     00000091  G$TMR3CN$0$0                       kpdlcdtestPCA
     00000091  _P1_1                              kpdlcdtestPCA
     00000091  _TMR3CN                            kpdlcdtestPCA
     00000092  G$P1_2$0$0                         kpdlcdtestPCA
     00000092  G$TMR3RLL$0$0                      kpdlcdtestPCA
     00000092  _P1_2                              kpdlcdtestPCA
     00000092  _TMR3RLL                           kpdlcdtestPCA
     00000093  G$P1_3$0$0                         kpdlcdtestPCA
     00000093  G$TMR3RLH$0$0                      kpdlcdtestPCA
     00000093  _P1_3                              kpdlcdtestPCA
     00000093  _TMR3RLH                           kpdlcdtestPCA
     00000094  G$P1_4$0$0                         kpdlcdtestPCA
     00000094  G$TMR3L$0$0                        kpdlcdtestPCA
     00000094  _P1_4                              kpdlcdtestPCA
     00000094  _TMR3L                             kpdlcdtestPCA
     00000095  G$P1_5$0$0                         kpdlcdtestPCA
     00000095  G$TMR3H$0$0                        kpdlcdtestPCA
     00000095  _P1_5                              kpdlcdtestPCA
     00000095  _TMR3H                             kpdlcdtestPCA
     00000096  G$P1_6$0$0                         kpdlcdtestPCA
     00000096  G$P7$0$0                           kpdlcdtestPCA
     00000096  _P1_6                              kpdlcdtestPCA
     00000096  _P7                                kpdlcdtestPCA
     00000097  G$P1_7$0$0                         kpdlcdtestPCA
     00000097  _P1_7                              kpdlcdtestPCA
     00000098  G$RI$0$0                           kpdlcdtestPCA
     00000098  G$RI0$0$0                          kpdlcdtestPCA
     00000098  G$SCON$0$0                         kpdlcdtestPCA
     00000098  G$SCON0$0$0                        kpdlcdtestPCA
ASxxxx Linker V03.00 + NoICE + sdld,  page 5.
Hexadecimal  [32-Bits]

Area                                    Addr        Size        Decimal Bytes (Attributes)
--------------------------------        ----        ----        ------- ----- ------------
.  .ABS.                            00000000    00000000 =           0. bytes (ABS,CON)

      Value  Global                              Global Defined In Module
      -----  --------------------------------   ------------------------
     00000098  _RI                                kpdlcdtestPCA
     00000098  _RI0                               kpdlcdtestPCA
     00000098  _SCON                              kpdlcdtestPCA
     00000098  _SCON0                             kpdlcdtestPCA
     00000099  G$SBUF$0$0                         kpdlcdtestPCA
     00000099  G$SBUF0$0$0                        kpdlcdtestPCA
     00000099  G$TI$0$0                           kpdlcdtestPCA
     00000099  G$TI0$0$0                          kpdlcdtestPCA
     00000099  _SBUF                              kpdlcdtestPCA
     00000099  _SBUF0                             kpdlcdtestPCA
     00000099  _TI                                kpdlcdtestPCA
     00000099  _TI0                               kpdlcdtestPCA
     0000009A  G$RB8$0$0                          kpdlcdtestPCA
     0000009A  G$RB80$0$0                         kpdlcdtestPCA
     0000009A  G$SPI0CFG$0$0                      kpdlcdtestPCA
     0000009A  _RB8                               kpdlcdtestPCA
     0000009A  _RB80                              kpdlcdtestPCA
     0000009A  _SPI0CFG                           kpdlcdtestPCA
     0000009B  G$SPI0DAT$0$0                      kpdlcdtestPCA
     0000009B  G$TB8$0$0                          kpdlcdtestPCA
     0000009B  G$TB80$0$0                         kpdlcdtestPCA
     0000009B  _SPI0DAT                           kpdlcdtestPCA
     0000009B  _TB8                               kpdlcdtestPCA
     0000009B  _TB80                              kpdlcdtestPCA
     0000009C  G$ADC1$0$0                         kpdlcdtestPCA
     0000009C  G$REN$0$0                          kpdlcdtestPCA
     0000009C  G$REN0$0$0                         kpdlcdtestPCA
     0000009C  _ADC1                              kpdlcdtestPCA
     0000009C  _REN                               kpdlcdtestPCA
     0000009C  _REN0                              kpdlcdtestPCA
     0000009D  G$MCE0$0$0                         kpdlcdtestPCA
     0000009D  G$SM2$0$0                          kpdlcdtestPCA
     0000009D  G$SM20$0$0                         kpdlcdtestPCA
     0000009D  G$SPI0CKR$0$0                      kpdlcdtestPCA
     0000009D  _MCE0                              kpdlcdtestPCA
     0000009D  _SM2                               kpdlcdtestPCA
     0000009D  _SM20                              kpdlcdtestPCA
     0000009D  _SPI0CKR                           kpdlcdtestPCA
     0000009E  G$CPT0CN$0$0                       kpdlcdtestPCA
     0000009E  G$SM1$0$0                          kpdlcdtestPCA
     0000009E  G$SM10$0$0                         kpdlcdtestPCA
     0000009E  _CPT0CN                            kpdlcdtestPCA
     0000009E  _SM1                               kpdlcdtestPCA
     0000009E  _SM10                              kpdlcdtestPCA
     0000009F  G$CPT1CN$0$0                       kpdlcdtestPCA
     0000009F  G$S0MODE$0$0                       kpdlcdtestPCA
     0000009F  G$SM0$0$0                          kpdlcdtestPCA
     0000009F  G$SM00$0$0                         kpdlcdtestPCA
     0000009F  _CPT1CN                            kpdlcdtestPCA
     0000009F  _S0MODE                            kpdlcdtestPCA
     0000009F  _SM0                               kpdlcdtestPCA
ASxxxx Linker V03.00 + NoICE + sdld,  page 6.
Hexadecimal  [32-Bits]

Area                                    Addr        Size        Decimal Bytes (Attributes)
--------------------------------        ----        ----        ------- ----- ------------
.  .ABS.                            00000000    00000000 =           0. bytes (ABS,CON)

      Value  Global                              Global Defined In Module
      -----  --------------------------------   ------------------------
     0000009F  _SM00                              kpdlcdtestPCA
     000000A0  G$P2$0$0                           kpdlcdtestPCA
     000000A0  G$P2_0$0$0                         kpdlcdtestPCA
     000000A0  _P2                                kpdlcdtestPCA
     000000A0  _P2_0                              kpdlcdtestPCA
     000000A1  G$EMI0TC$0$0                       kpdlcdtestPCA
     000000A1  G$P2_1$0$0                         kpdlcdtestPCA
     000000A1  _EMI0TC                            kpdlcdtestPCA
     000000A1  _P2_1                              kpdlcdtestPCA
     000000A2  G$P2_2$0$0                         kpdlcdtestPCA
     000000A2  _P2_2                              kpdlcdtestPCA
     000000A3  G$EMI0CF$0$0                       kpdlcdtestPCA
     000000A3  G$P2_3$0$0                         kpdlcdtestPCA
     000000A3  _EMI0CF                            kpdlcdtestPCA
     000000A3  _P2_3                              kpdlcdtestPCA
     000000A4  G$P0MDOUT$0$0                      kpdlcdtestPCA
     000000A4  G$P2_4$0$0                         kpdlcdtestPCA
     000000A4  G$PRT0CF$0$0                       kpdlcdtestPCA
     000000A4  _P0MDOUT                           kpdlcdtestPCA
     000000A4  _P2_4                              kpdlcdtestPCA
     000000A4  _PRT0CF                            kpdlcdtestPCA
     000000A5  G$P1MDOUT$0$0                      kpdlcdtestPCA
     000000A5  G$P2_5$0$0                         kpdlcdtestPCA
     000000A5  G$PRT1CF$0$0                       kpdlcdtestPCA
     000000A5  _P1MDOUT                           kpdlcdtestPCA
     000000A5  _P2_5                              kpdlcdtestPCA
     000000A5  _PRT1CF                            kpdlcdtestPCA
     000000A6  G$P2MDOUT$0$0                      kpdlcdtestPCA
     000000A6  G$P2_6$0$0                         kpdlcdtestPCA
     000000A6  G$PRT2CF$0$0                       kpdlcdtestPCA
     000000A6  _P2MDOUT                           kpdlcdtestPCA
     000000A6  _P2_6                              kpdlcdtestPCA
     000000A6  _PRT2CF                            kpdlcdtestPCA
     000000A7  G$P2_7$0$0                         kpdlcdtestPCA
     000000A7  G$P3MDOUT$0$0                      kpdlcdtestPCA
     000000A7  G$PRT3CF$0$0                       kpdlcdtestPCA
     000000A7  _P2_7                              kpdlcdtestPCA
     000000A7  _P3MDOUT                           kpdlcdtestPCA
     000000A7  _PRT3CF                            kpdlcdtestPCA
     000000A8  G$EX0$0$0                          kpdlcdtestPCA
     000000A8  G$IE$0$0                           kpdlcdtestPCA
     000000A8  _EX0                               kpdlcdtestPCA
     000000A8  _IE                                kpdlcdtestPCA
     000000A9  G$ET0$0$0                          kpdlcdtestPCA
     000000A9  G$SADDR0$0$0                       kpdlcdtestPCA
     000000A9  _ET0                               kpdlcdtestPCA
     000000A9  _SADDR0                            kpdlcdtestPCA
     000000AA  G$ADC1CN$0$0                       kpdlcdtestPCA
     000000AA  G$EX1$0$0                          kpdlcdtestPCA
     000000AA  _ADC1CN                            kpdlcdtestPCA
     000000AA  _EX1                               kpdlcdtestPCA
ASxxxx Linker V03.00 + NoICE + sdld,  page 7.
Hexadecimal  [32-Bits]

Area                                    Addr        Size        Decimal Bytes (Attributes)
--------------------------------        ----        ----        ------- ----- ------------
.  .ABS.                            00000000    00000000 =           0. bytes (ABS,CON)

      Value  Global                              Global Defined In Module
      -----  --------------------------------   ------------------------
     000000AB  G$ADC1CF$0$0                       kpdlcdtestPCA
     000000AB  G$ET1$0$0                          kpdlcdtestPCA
     000000AB  _ADC1CF                            kpdlcdtestPCA
     000000AB  _ET1                               kpdlcdtestPCA
     000000AC  G$AMX1SL$0$0                       kpdlcdtestPCA
     000000AC  G$ES$0$0                           kpdlcdtestPCA
     000000AC  G$ES0$0$0                          kpdlcdtestPCA
     000000AC  _AMX1SL                            kpdlcdtestPCA
     000000AC  _ES                                kpdlcdtestPCA
     000000AC  _ES0                               kpdlcdtestPCA
     000000AD  G$ET2$0$0                          kpdlcdtestPCA
     000000AD  G$P3IF$0$0                         kpdlcdtestPCA
     000000AD  _ET2                               kpdlcdtestPCA
     000000AD  _P3IF                              kpdlcdtestPCA
     000000AE  G$SADEN1$0$0                       kpdlcdtestPCA
     000000AE  _SADEN1                            kpdlcdtestPCA
     000000AF  G$EA$0$0                           kpdlcdtestPCA
     000000AF  G$EMI0CN$0$0                       kpdlcdtestPCA
     000000AF  G$_XPAGE$0$0                       kpdlcdtestPCA
     000000AF  _EA                                kpdlcdtestPCA
     000000AF  _EMI0CN                            kpdlcdtestPCA
     000000AF  __XPAGE                            kpdlcdtestPCA
     000000B0  G$P3$0$0                           kpdlcdtestPCA
     000000B0  G$P3_0$0$0                         kpdlcdtestPCA
     000000B0  _P3                                kpdlcdtestPCA
     000000B0  _P3_0                              kpdlcdtestPCA
     000000B1  G$OSCXCN$0$0                       kpdlcdtestPCA
     000000B1  G$P3_1$0$0                         kpdlcdtestPCA
     000000B1  _OSCXCN                            kpdlcdtestPCA
     000000B1  _P3_1                              kpdlcdtestPCA
     000000B2  G$OSCICN$0$0                       kpdlcdtestPCA
     000000B2  G$P3_2$0$0                         kpdlcdtestPCA
     000000B2  _OSCICN                            kpdlcdtestPCA
     000000B2  _P3_2                              kpdlcdtestPCA
     000000B3  G$P3_3$0$0                         kpdlcdtestPCA
     000000B3  _P3_3                              kpdlcdtestPCA
     000000B4  G$P3_4$0$0                         kpdlcdtestPCA
     000000B4  _P3_4                              kpdlcdtestPCA
     000000B5  G$P3_5$0$0                         kpdlcdtestPCA
     000000B5  G$P74OUT$0$0                       kpdlcdtestPCA
     000000B5  _P3_5                              kpdlcdtestPCA
     000000B5  _P74OUT                            kpdlcdtestPCA
     000000B6  G$FLSCL$0$0                        kpdlcdtestPCA
     000000B6  G$P3_6$0$0                         kpdlcdtestPCA
     000000B6  _FLSCL                             kpdlcdtestPCA
     000000B6  _P3_6                              kpdlcdtestPCA
     000000B7  G$FLACL$0$0                        kpdlcdtestPCA
     000000B7  G$P3_7$0$0                         kpdlcdtestPCA
     000000B7  _FLACL                             kpdlcdtestPCA
     000000B7  _P3_7                              kpdlcdtestPCA
     000000B8  G$IP$0$0                           kpdlcdtestPCA
ASxxxx Linker V03.00 + NoICE + sdld,  page 8.
Hexadecimal  [32-Bits]

Area                                    Addr        Size        Decimal Bytes (Attributes)
--------------------------------        ----        ----        ------- ----- ------------
.  .ABS.                            00000000    00000000 =           0. bytes (ABS,CON)

      Value  Global                              Global Defined In Module
      -----  --------------------------------   ------------------------
     000000B8  G$PX0$0$0                          kpdlcdtestPCA
     000000B8  _IP                                kpdlcdtestPCA
     000000B8  _PX0                               kpdlcdtestPCA
     000000B9  G$PT0$0$0                          kpdlcdtestPCA
     000000B9  G$SADEN0$0$0                       kpdlcdtestPCA
     000000B9  _PT0                               kpdlcdtestPCA
     000000B9  _SADEN0                            kpdlcdtestPCA
     000000BA  G$AMX0CF$0$0                       kpdlcdtestPCA
     000000BA  G$PX1$0$0                          kpdlcdtestPCA
     000000BA  _AMX0CF                            kpdlcdtestPCA
     000000BA  _PX1                               kpdlcdtestPCA
     000000BB  G$AMX0SL$0$0                       kpdlcdtestPCA
     000000BB  G$PT1$0$0                          kpdlcdtestPCA
     000000BB  _AMX0SL                            kpdlcdtestPCA
     000000BB  _PT1                               kpdlcdtestPCA
     000000BC  G$ADC0CF$0$0                       kpdlcdtestPCA
     000000BC  G$PS$0$0                           kpdlcdtestPCA
     000000BC  G$PS0$0$0                          kpdlcdtestPCA
     000000BC  _ADC0CF                            kpdlcdtestPCA
     000000BC  _PS                                kpdlcdtestPCA
     000000BC  _PS0                               kpdlcdtestPCA
     000000BD  G$P1MDIN$0$0                       kpdlcdtestPCA
     000000BD  G$PT2$0$0                          kpdlcdtestPCA
     000000BD  _P1MDIN                            kpdlcdtestPCA
     000000BD  _PT2                               kpdlcdtestPCA
     000000BE  G$ADC0L$0$0                        kpdlcdtestPCA
     000000BE  _ADC0L                             kpdlcdtestPCA
     000000BF  G$ADC0H$0$0                        kpdlcdtestPCA
     000000BF  _ADC0H                             kpdlcdtestPCA
     000000C0  G$BUS_TOE$0$0                      kpdlcdtestPCA
     000000C0  G$SMB0CN$0$0                       kpdlcdtestPCA
     000000C0  G$SMBTOE$0$0                       kpdlcdtestPCA
     000000C0  _BUS_TOE                           kpdlcdtestPCA
     000000C0  _SMB0CN                            kpdlcdtestPCA
     000000C0  _SMBTOE                            kpdlcdtestPCA
     000000C1  G$BUS_FTE$0$0                      kpdlcdtestPCA
     000000C1  G$SMB0STA$0$0                      kpdlcdtestPCA
     000000C1  G$SMBFTE$0$0                       kpdlcdtestPCA
     000000C1  _BUS_FTE                           kpdlcdtestPCA
     000000C1  _SMB0STA                           kpdlcdtestPCA
     000000C1  _SMBFTE                            kpdlcdtestPCA
     000000C2  G$AA$0$0                           kpdlcdtestPCA
     000000C2  G$BUS_AA$0$0                       kpdlcdtestPCA
     000000C2  G$SMB0DAT$0$0                      kpdlcdtestPCA
     000000C2  _AA                                kpdlcdtestPCA
     000000C2  _BUS_AA                            kpdlcdtestPCA
     000000C2  _SMB0DAT                           kpdlcdtestPCA
     000000C3  G$BUS_INT$0$0                      kpdlcdtestPCA
     000000C3  G$SI$0$0                           kpdlcdtestPCA
     000000C3  G$SMB0ADR$0$0                      kpdlcdtestPCA
     000000C3  _BUS_INT                           kpdlcdtestPCA
ASxxxx Linker V03.00 + NoICE + sdld,  page 9.
Hexadecimal  [32-Bits]

Area                                    Addr        Size        Decimal Bytes (Attributes)
--------------------------------        ----        ----        ------- ----- ------------
.  .ABS.                            00000000    00000000 =           0. bytes (ABS,CON)

      Value  Global                              Global Defined In Module
      -----  --------------------------------   ------------------------
     000000C3  _SI                                kpdlcdtestPCA
     000000C3  _SMB0ADR                           kpdlcdtestPCA
     000000C4  G$ADC0GTL$0$0                      kpdlcdtestPCA
     000000C4  G$BUS_STOP$0$0                     kpdlcdtestPCA
     000000C4  G$STO$0$0                          kpdlcdtestPCA
     000000C4  _ADC0GTL                           kpdlcdtestPCA
     000000C4  _BUS_STOP                          kpdlcdtestPCA
     000000C4  _STO                               kpdlcdtestPCA
     000000C5  G$ADC0GTH$0$0                      kpdlcdtestPCA
     000000C5  G$BUS_START$0$0                    kpdlcdtestPCA
     000000C5  G$STA$0$0                          kpdlcdtestPCA
     000000C5  _ADC0GTH                           kpdlcdtestPCA
     000000C5  _BUS_START                         kpdlcdtestPCA
     000000C5  _STA                               kpdlcdtestPCA
     000000C6  G$ADC0LTL$0$0                      kpdlcdtestPCA
     000000C6  G$BUS_EN$0$0                       kpdlcdtestPCA
     000000C6  G$ENSMB$0$0                        kpdlcdtestPCA
     000000C6  _ADC0LTL                           kpdlcdtestPCA
     000000C6  _BUS_EN                            kpdlcdtestPCA
     000000C6  _ENSMB                             kpdlcdtestPCA
     000000C7  G$ADC0LTH$0$0                      kpdlcdtestPCA
     000000C7  G$BUSY$0$0                         kpdlcdtestPCA
     000000C7  G$BUS_BUSY$0$0                     kpdlcdtestPCA
     000000C7  _ADC0LTH                           kpdlcdtestPCA
     000000C7  _BUSY                              kpdlcdtestPCA
     000000C7  _BUS_BUSY                          kpdlcdtestPCA
     000000C8  G$CPRL2$0$0                        kpdlcdtestPCA
     000000C8  G$T2CON$0$0                        kpdlcdtestPCA
     000000C8  _CPRL2                             kpdlcdtestPCA
     000000C8  _T2CON                             kpdlcdtestPCA
     000000C9  G$CT2$0$0                          kpdlcdtestPCA
     000000C9  G$T4CON$0$0                        kpdlcdtestPCA
     000000C9  _CT2                               kpdlcdtestPCA
     000000C9  _T4CON                             kpdlcdtestPCA
     000000CA  G$RCAP2L$0$0                       kpdlcdtestPCA
     000000CA  G$TR2$0$0                          kpdlcdtestPCA
     000000CA  _RCAP2L                            kpdlcdtestPCA
     000000CA  _TR2                               kpdlcdtestPCA
     000000CB  G$EXEN2$0$0                        kpdlcdtestPCA
     000000CB  G$RCAP2H$0$0                       kpdlcdtestPCA
     000000CB  _EXEN2                             kpdlcdtestPCA
     000000CB  _RCAP2H                            kpdlcdtestPCA
     000000CC  G$TCLK$0$0                         kpdlcdtestPCA
     000000CC  G$TL2$0$0                          kpdlcdtestPCA
     000000CC  _TCLK                              kpdlcdtestPCA
     000000CC  _TL2                               kpdlcdtestPCA
     000000CD  G$RCLK$0$0                         kpdlcdtestPCA
     000000CD  G$TH2$0$0                          kpdlcdtestPCA
     000000CD  _RCLK                              kpdlcdtestPCA
     000000CD  _TH2                               kpdlcdtestPCA
     000000CE  G$EXF2$0$0                         kpdlcdtestPCA
ASxxxx Linker V03.00 + NoICE + sdld,  page 10.
Hexadecimal  [32-Bits]

Area                                    Addr        Size        Decimal Bytes (Attributes)
--------------------------------        ----        ----        ------- ----- ------------
.  .ABS.                            00000000    00000000 =           0. bytes (ABS,CON)

      Value  Global                              Global Defined In Module
      -----  --------------------------------   ------------------------
     000000CE  _EXF2                              kpdlcdtestPCA
     000000CF  G$SMB0CR$0$0                       kpdlcdtestPCA
     000000CF  G$TF2$0$0                          kpdlcdtestPCA
     000000CF  _SMB0CR                            kpdlcdtestPCA
     000000CF  _TF2                               kpdlcdtestPCA
     000000D0  G$P$0$0                            kpdlcdtestPCA
     000000D0  G$PSW$0$0                          kpdlcdtestPCA
     000000D0  _P                                 kpdlcdtestPCA
     000000D0  _PSW                               kpdlcdtestPCA
     000000D1  G$F1$0$0                           kpdlcdtestPCA
     000000D1  G$REF0CN$0$0                       kpdlcdtestPCA
     000000D1  _F1                                kpdlcdtestPCA
     000000D1  _REF0CN                            kpdlcdtestPCA
     000000D2  G$DAC0L$0$0                        kpdlcdtestPCA
     000000D2  G$OV$0$0                           kpdlcdtestPCA
     000000D2  _DAC0L                             kpdlcdtestPCA
     000000D2  _OV                                kpdlcdtestPCA
     000000D3  G$DAC0H$0$0                        kpdlcdtestPCA
     000000D3  G$RS0$0$0                          kpdlcdtestPCA
     000000D3  _DAC0H                             kpdlcdtestPCA
     000000D3  _RS0                               kpdlcdtestPCA
     000000D4  G$DAC0CN$0$0                       kpdlcdtestPCA
     000000D4  G$RS1$0$0                          kpdlcdtestPCA
     000000D4  _DAC0CN                            kpdlcdtestPCA
     000000D4  _RS1                               kpdlcdtestPCA
     000000D5  G$DAC1L$0$0                        kpdlcdtestPCA
     000000D5  G$F0$0$0                           kpdlcdtestPCA
     000000D5  _DAC1L                             kpdlcdtestPCA
     000000D5  _F0                                kpdlcdtestPCA
     000000D6  G$AC$0$0                           kpdlcdtestPCA
     000000D6  G$DAC1H$0$0                        kpdlcdtestPCA
     000000D6  _AC                                kpdlcdtestPCA
     000000D6  _DAC1H                             kpdlcdtestPCA
     000000D7  G$CY$0$0                           kpdlcdtestPCA
     000000D7  G$DAC1CN$0$0                       kpdlcdtestPCA
     000000D7  _CY                                kpdlcdtestPCA
     000000D7  _DAC1CN                            kpdlcdtestPCA
     000000D8  G$CCF0$0$0                         kpdlcdtestPCA
     000000D8  G$PCA0CN$0$0                       kpdlcdtestPCA
     000000D8  _CCF0                              kpdlcdtestPCA
     000000D8  _PCA0CN                            kpdlcdtestPCA
     000000D9  G$CCF1$0$0                         kpdlcdtestPCA
     000000D9  G$PCA0MD$0$0                       kpdlcdtestPCA
     000000D9  _CCF1                              kpdlcdtestPCA
     000000D9  _PCA0MD                            kpdlcdtestPCA
     000000DA  G$CCF2$0$0                         kpdlcdtestPCA
     000000DA  G$PCA0CPM0$0$0                     kpdlcdtestPCA
     000000DA  _CCF2                              kpdlcdtestPCA
     000000DA  _PCA0CPM0                          kpdlcdtestPCA
     000000DB  G$CCF3$0$0                         kpdlcdtestPCA
     000000DB  G$PCA0CPM1$0$0                     kpdlcdtestPCA
ASxxxx Linker V03.00 + NoICE + sdld,  page 11.
Hexadecimal  [32-Bits]

Area                                    Addr        Size        Decimal Bytes (Attributes)
--------------------------------        ----        ----        ------- ----- ------------
.  .ABS.                            00000000    00000000 =           0. bytes (ABS,CON)

      Value  Global                              Global Defined In Module
      -----  --------------------------------   ------------------------
     000000DB  _CCF3                              kpdlcdtestPCA
     000000DB  _PCA0CPM1                          kpdlcdtestPCA
     000000DC  G$CCF4$0$0                         kpdlcdtestPCA
     000000DC  G$PCA0CPM2$0$0                     kpdlcdtestPCA
     000000DC  _CCF4                              kpdlcdtestPCA
     000000DC  _PCA0CPM2                          kpdlcdtestPCA
     000000DD  G$PCA0CPM3$0$0                     kpdlcdtestPCA
     000000DD  _PCA0CPM3                          kpdlcdtestPCA
     000000DE  G$CR$0$0                           kpdlcdtestPCA
     000000DE  G$PCA0CPM4$0$0                     kpdlcdtestPCA
     000000DE  _CR                                kpdlcdtestPCA
     000000DE  _PCA0CPM4                          kpdlcdtestPCA
     000000DF  G$CF$0$0                           kpdlcdtestPCA
     000000DF  _CF                                kpdlcdtestPCA
     000000E0  G$ACC$0$0                          kpdlcdtestPCA
     000000E0  _ACC                               kpdlcdtestPCA
     000000E1  G$XBR0$0$0                         kpdlcdtestPCA
     000000E1  _XBR0                              kpdlcdtestPCA
     000000E2  G$XBR1$0$0                         kpdlcdtestPCA
     000000E2  _XBR1                              kpdlcdtestPCA
     000000E3  G$XBR2$0$0                         kpdlcdtestPCA
     000000E3  _XBR2                              kpdlcdtestPCA
     000000E4  G$RCAP4L$0$0                       kpdlcdtestPCA
     000000E4  _RCAP4L                            kpdlcdtestPCA
     000000E5  G$RCAP4H$0$0                       kpdlcdtestPCA
     000000E5  _RCAP4H                            kpdlcdtestPCA
     000000E6  G$EIE1$0$0                         kpdlcdtestPCA
     000000E6  _EIE1                              kpdlcdtestPCA
     000000E7  G$EIE2$0$0                         kpdlcdtestPCA
     000000E7  _EIE2                              kpdlcdtestPCA
     000000E8  G$AD0LJST$0$0                      kpdlcdtestPCA
     000000E8  G$ADC0CN$0$0                       kpdlcdtestPCA
     000000E8  G$ADLJST$0$0                       kpdlcdtestPCA
     000000E8  _AD0LJST                           kpdlcdtestPCA
     000000E8  _ADC0CN                            kpdlcdtestPCA
     000000E8  _ADLJST                            kpdlcdtestPCA
     000000E9  G$AD0WINT$0$0                      kpdlcdtestPCA
     000000E9  G$ADWINT$0$0                       kpdlcdtestPCA
     000000E9  G$PCA0L$0$0                        kpdlcdtestPCA
     000000E9  _AD0WINT                           kpdlcdtestPCA
     000000E9  _ADWINT                            kpdlcdtestPCA
     000000E9  _PCA0L                             kpdlcdtestPCA
     000000EA  G$AD0CM0$0$0                       kpdlcdtestPCA
     000000EA  G$ADSTM0$0$0                       kpdlcdtestPCA
     000000EA  G$PCA0CPL0$0$0                     kpdlcdtestPCA
     000000EA  _AD0CM0                            kpdlcdtestPCA
     000000EA  _ADSTM0                            kpdlcdtestPCA
     000000EA  _PCA0CPL0                          kpdlcdtestPCA
     000000EB  G$AD0CM1$0$0                       kpdlcdtestPCA
     000000EB  G$ADSTM1$0$0                       kpdlcdtestPCA
     000000EB  G$PCA0CPL1$0$0                     kpdlcdtestPCA
ASxxxx Linker V03.00 + NoICE + sdld,  page 12.
Hexadecimal  [32-Bits]

Area                                    Addr        Size        Decimal Bytes (Attributes)
--------------------------------        ----        ----        ------- ----- ------------
.  .ABS.                            00000000    00000000 =           0. bytes (ABS,CON)

      Value  Global                              Global Defined In Module
      -----  --------------------------------   ------------------------
     000000EB  _AD0CM1                            kpdlcdtestPCA
     000000EB  _ADSTM1                            kpdlcdtestPCA
     000000EB  _PCA0CPL1                          kpdlcdtestPCA
     000000EC  G$AD0BUSY$0$0                      kpdlcdtestPCA
     000000EC  G$ADBUSY$0$0                       kpdlcdtestPCA
     000000EC  G$PCA0CPL2$0$0                     kpdlcdtestPCA
     000000EC  _AD0BUSY                           kpdlcdtestPCA
     000000EC  _ADBUSY                            kpdlcdtestPCA
     000000EC  _PCA0CPL2                          kpdlcdtestPCA
     000000ED  G$AD0INT$0$0                       kpdlcdtestPCA
     000000ED  G$ADCINT$0$0                       kpdlcdtestPCA
     000000ED  G$PCA0CPL3$0$0                     kpdlcdtestPCA
     000000ED  _AD0INT                            kpdlcdtestPCA
     000000ED  _ADCINT                            kpdlcdtestPCA
     000000ED  _PCA0CPL3                          kpdlcdtestPCA
     000000EE  G$AD0TM$0$0                        kpdlcdtestPCA
     000000EE  G$ADCTM$0$0                        kpdlcdtestPCA
     000000EE  G$PCA0CPL4$0$0                     kpdlcdtestPCA
     000000EE  _AD0TM                             kpdlcdtestPCA
     000000EE  _ADCTM                             kpdlcdtestPCA
     000000EE  _PCA0CPL4                          kpdlcdtestPCA
     000000EF  G$AD0EN$0$0                        kpdlcdtestPCA
     000000EF  G$ADCEN$0$0                        kpdlcdtestPCA
     000000EF  G$RSTSRC$0$0                       kpdlcdtestPCA
     000000EF  _AD0EN                             kpdlcdtestPCA
     000000EF  _ADCEN                             kpdlcdtestPCA
     000000EF  _RSTSRC                            kpdlcdtestPCA
     000000F0  G$B$0$0                            kpdlcdtestPCA
     000000F0  _B                                 kpdlcdtestPCA
     000000F1  G$SCON1$0$0                        kpdlcdtestPCA
     000000F1  _SCON1                             kpdlcdtestPCA
     000000F2  G$SBUF1$0$0                        kpdlcdtestPCA
     000000F2  _SBUF1                             kpdlcdtestPCA
     000000F3  G$SADDR1$0$0                       kpdlcdtestPCA
     000000F3  _SADDR1                            kpdlcdtestPCA
     000000F4  G$TL4$0$0                          kpdlcdtestPCA
     000000F4  _TL4                               kpdlcdtestPCA
     000000F5  G$TH4$0$0                          kpdlcdtestPCA
     000000F5  _B_5                               _gptrget
     000000F5  _TH4                               kpdlcdtestPCA
     000000F6  G$EIP1$0$0                         kpdlcdtestPCA
     000000F6  _B_6                               _gptrget
     000000F6  _EIP1                              kpdlcdtestPCA
     000000F7  G$EIP2$0$0                         kpdlcdtestPCA
     000000F7  _B_7                               _gptrget
     000000F7  _EIP2                              kpdlcdtestPCA
     000000F8  G$SPI0CN$0$0                       kpdlcdtestPCA
     000000F8  G$SPIEN$0$0                        kpdlcdtestPCA
     000000F8  _SPI0CN                            kpdlcdtestPCA
     000000F8  _SPIEN                             kpdlcdtestPCA
     000000F9  G$MSTEN$0$0                        kpdlcdtestPCA
ASxxxx Linker V03.00 + NoICE + sdld,  page 13.
Hexadecimal  [32-Bits]

Area                                    Addr        Size        Decimal Bytes (Attributes)
--------------------------------        ----        ----        ------- ----- ------------
.  .ABS.                            00000000    00000000 =           0. bytes (ABS,CON)

      Value  Global                              Global Defined In Module
      -----  --------------------------------   ------------------------
     000000F9  G$PCA0H$0$0                        kpdlcdtestPCA
     000000F9  _MSTEN                             kpdlcdtestPCA
     000000F9  _PCA0H                             kpdlcdtestPCA
     000000FA  G$PCA0CPH0$0$0                     kpdlcdtestPCA
     000000FA  G$SLVSEL$0$0                       kpdlcdtestPCA
     000000FA  _PCA0CPH0                          kpdlcdtestPCA
     000000FA  _SLVSEL                            kpdlcdtestPCA
     000000FB  G$PCA0CPH1$0$0                     kpdlcdtestPCA
     000000FB  G$TXBSY$0$0                        kpdlcdtestPCA
     000000FB  _PCA0CPH1                          kpdlcdtestPCA
     000000FB  _TXBSY                             kpdlcdtestPCA
     000000FC  G$PCA0CPH2$0$0                     kpdlcdtestPCA
     000000FC  G$RXOVRN$0$0                       kpdlcdtestPCA
     000000FC  _PCA0CPH2                          kpdlcdtestPCA
     000000FC  _RXOVRN                            kpdlcdtestPCA
     000000FD  G$MODF$0$0                         kpdlcdtestPCA
     000000FD  G$PCA0CPH3$0$0                     kpdlcdtestPCA
     000000FD  _MODF                              kpdlcdtestPCA
     000000FD  _PCA0CPH3                          kpdlcdtestPCA
     000000FE  G$PCA0CPH4$0$0                     kpdlcdtestPCA
     000000FE  G$WCOL$0$0                         kpdlcdtestPCA
     000000FE  _PCA0CPH4                          kpdlcdtestPCA
     000000FE  _WCOL                              kpdlcdtestPCA
     000000FF  G$SPIF$0$0                         kpdlcdtestPCA
     000000FF  G$WDTCN$0$0                        kpdlcdtestPCA
     000000FF  _SPIF                              kpdlcdtestPCA
     000000FF  _WDTCN                             kpdlcdtestPCA
     00008C8A  G$TMR0$0$0                         kpdlcdtestPCA
     00008C8A  _TMR0                              kpdlcdtestPCA
     00008D8B  G$TMR1$0$0                         kpdlcdtestPCA
     00008D8B  _TMR1                              kpdlcdtestPCA
     00009392  G$TMR3RL$0$0                       kpdlcdtestPCA
     00009392  _TMR3RL                            kpdlcdtestPCA
     00009594  G$TMR3$0$0                         kpdlcdtestPCA
     00009594  _TMR3                              kpdlcdtestPCA
     0000BFBE  G$ADC0$0$0                         kpdlcdtestPCA
     0000BFBE  _ADC0                              kpdlcdtestPCA
     0000C5C4  G$ADC0GT$0$0                       kpdlcdtestPCA
     0000C5C4  _ADC0GT                            kpdlcdtestPCA
     0000C7C6  G$ADC0LT$0$0                       kpdlcdtestPCA
     0000C7C6  _ADC0LT                            kpdlcdtestPCA
     0000CBCA  G$RCAP2$0$0                        kpdlcdtestPCA
     0000CBCA  _RCAP2                             kpdlcdtestPCA
     0000CDCC  G$TMR2$0$0                         kpdlcdtestPCA
     0000CDCC  _TMR2                              kpdlcdtestPCA
     0000D3D2  G$DAC0$0$0                         kpdlcdtestPCA
     0000D3D2  _DAC0                              kpdlcdtestPCA
     0000D6D5  G$DAC1$0$0                         kpdlcdtestPCA
     0000D6D5  _DAC1                              kpdlcdtestPCA
     0000E5E4  G$RCAP4$0$0                        kpdlcdtestPCA
     0000E5E4  _RCAP4                             kpdlcdtestPCA
ASxxxx Linker V03.00 + NoICE + sdld,  page 14.
Hexadecimal  [32-Bits]

Area                                    Addr        Size        Decimal Bytes (Attributes)
--------------------------------        ----        ----        ------- ----- ------------
.  .ABS.                            00000000    00000000 =           0. bytes (ABS,CON)

      Value  Global                              Global Defined In Module
      -----  --------------------------------   ------------------------
     0000F5F4  G$TMR4$0$0                         kpdlcdtestPCA
     0000F5F4  _TMR4                              kpdlcdtestPCA
     0000F9E9  G$PCA0$0$0                         kpdlcdtestPCA
     0000F9E9  _PCA0                              kpdlcdtestPCA
     0000FAEA  G$PCA0CP0$0$0                      kpdlcdtestPCA
     0000FAEA  _PCA0CP0                           kpdlcdtestPCA
     0000FBEB  G$PCA0CP1$0$0                      kpdlcdtestPCA
     0000FBEB  _PCA0CP1                           kpdlcdtestPCA
     0000FCEC  G$PCA0CP2$0$0                      kpdlcdtestPCA
     0000FCEC  _PCA0CP2                           kpdlcdtestPCA
     0000FDED  G$PCA0CP3$0$0                      kpdlcdtestPCA
     0000FDED  _PCA0CP3                           kpdlcdtestPCA
     0000FEEE  G$PCA0CP4$0$0                      kpdlcdtestPCA
     0000FEEE  _PCA0CP4                           kpdlcdtestPCA

ASxxxx Linker V03.00 + NoICE + sdld,  page 15.
Hexadecimal  [32-Bits]

Area                                    Addr        Size        Decimal Bytes (Attributes)
--------------------------------        ----        ----        ------- ----- ------------
BSEG_BYTES                          00000020    00000002 =           2. bytes (REL,CON)

      Value  Global                              Global Defined In Module
      -----  --------------------------------   ------------------------
ASxxxx Linker V03.00 + NoICE + sdld,  page 16.
Hexadecimal  [32-Bits]

Area                                    Addr        Size        Decimal Bytes (Attributes)
--------------------------------        ----        ----        ------- ----- ------------
REG_BANK_0                          00000000    00000008 =           8. bytes (REL,OVR)

      Value  Global                              Global Defined In Module
      -----  --------------------------------   ------------------------
ASxxxx Linker V03.00 + NoICE + sdld,  page 17.
Hexadecimal  [32-Bits]

Area                                    Addr        Size        Decimal Bytes (Attributes)
--------------------------------        ----        ----        ------- ----- ------------
DSEG                                00000000    00000080 =         128. bytes (REL,CON)

      Value  Global                              Global Defined In Module
      -----  --------------------------------   ------------------------
     00000008  G$Data2$0$0                        kpdlcdtestPCA
     00000008  _Data2                             kpdlcdtestPCA
     0000000B  LkpdlcdtestPCA.lcd_clear$NumByte   kpdlcdtestPCA
     0000000C  LkpdlcdtestPCA.lcd_clear$Cmd$1$8   kpdlcdtestPCA
     0000000E  LkpdlcdtestPCA.read_keypad$Data$   kpdlcdtestPCA
     00000010  LkpdlcdtestPCA.i2c_write_data$st   kpdlcdtestPCA
     00000010  _i2c_write_data_PARM_2             kpdlcdtestPCA
     00000011  LkpdlcdtestPCA.i2c_write_data$bu   kpdlcdtestPCA
     00000011  _i2c_write_data_PARM_3             kpdlcdtestPCA
     00000014  LkpdlcdtestPCA.i2c_write_data$nu   kpdlcdtestPCA
     00000014  _i2c_write_data_PARM_4             kpdlcdtestPCA
     00000015  LkpdlcdtestPCA.i2c_read_data$sta   kpdlcdtestPCA
     00000015  _i2c_read_data_PARM_2              kpdlcdtestPCA
     00000016  LkpdlcdtestPCA.i2c_read_data$buf   kpdlcdtestPCA
     00000016  _i2c_read_data_PARM_3              kpdlcdtestPCA
     00000019  LkpdlcdtestPCA.i2c_read_data$num   kpdlcdtestPCA
     00000019  _i2c_read_data_PARM_4              kpdlcdtestPCA
     0000001A  G$Counts$0$0                       kpdlcdtestPCA
     0000001A  _Counts                            kpdlcdtestPCA
     0000001C  G$nCounts$0$0                      kpdlcdtestPCA
     0000001C  _nCounts                           kpdlcdtestPCA
     0000001E  G$nOverflows$0$0                   kpdlcdtestPCA
     0000001E  _nOverflows                        kpdlcdtestPCA
     00000022  _vsprintf_PARM_2                   sprintf
     00000025  _vsprintf_PARM_3                   sprintf
     00000029  _bp                                _bp
     0000002A  _vprintf_PARM_2                    vprintf
     00000037  __print_format_PARM_2              printf_large
     0000003A  __print_format_PARM_3              printf_large
     0000003D  __print_format_PARM_4              printf_large
ASxxxx Linker V03.00 + NoICE + sdld,  page 18.
Hexadecimal  [32-Bits]

Area                                    Addr        Size        Decimal Bytes (Attributes)
--------------------------------        ----        ----        ------- ----- ------------
OSEG                                00000045    00000006 =           6. bytes (REL,OVR)

      Value  Global                              Global Defined In Module
      -----  --------------------------------   ------------------------
     00000045  LkpdlcdtestPCA.aligned_alloc$siz   kpdlcdtestPCA
     00000045  __gptrput_PARM_2                   _gptrput
     00000045  __mulint_PARM_2                    _mulint
     00000045  _aligned_alloc_PARM_2              kpdlcdtestPCA

ASxxxx Linker V03.00 + NoICE + sdld,  page 19.
Hexadecimal  [32-Bits]

Area                                    Addr        Size        Decimal Bytes (Attributes)
--------------------------------        ----        ----        ------- ----- ------------
ISEG                                0000004B    00000006 =           6. bytes (REL,CON)

      Value  Global                              Global Defined In Module
      -----  --------------------------------   ------------------------
ASxxxx Linker V03.00 + NoICE + sdld,  page 20.
Hexadecimal  [32-Bits]

Area                                    Addr        Size        Decimal Bytes (Attributes)
--------------------------------        ----        ----        ------- ----- ------------
SSEG                                00000051    000000AF =         175. bytes (REL,OVR)

      Value  Global                              Global Defined In Module
      -----  --------------------------------   ------------------------
     00000051  __start__stack                     kpdlcdtestPCA

ASxxxx Linker V03.00 + NoICE + sdld,  page 21.
Hexadecimal  [32-Bits]

Area                                    Addr        Size        Decimal Bytes (Attributes)
--------------------------------        ----        ----        ------- ----- ------------
XSEG                                00000001    00000050 =          80. bytes (REL,CON,XDATA)

      Value  Global                              Global Defined In Module
      -----  --------------------------------   ------------------------
D:   00000001  LkpdlcdtestPCA.lcd_print$text$1$   kpdlcdtestPCA

ASxxxx Linker V03.00 + NoICE + sdld,  page 22.
Hexadecimal  [32-Bits]

Area                                    Addr        Size        Decimal Bytes (Attributes)
--------------------------------        ----        ----        ------- ----- ------------
HOME                                00000000    00000051 =          81. bytes (REL,CON,CODE)

      Value  Global                              Global Defined In Module
      -----  --------------------------------   ------------------------
C:   00000000  A$kpdlcdtestPCA$1033               kpdlcdtestPCA
C:   00000003  A$kpdlcdtestPCA$1034               kpdlcdtestPCA
C:   0000000B  A$kpdlcdtestPCA$1036               kpdlcdtestPCA
C:   00000013  A$kpdlcdtestPCA$1038               kpdlcdtestPCA
C:   0000001B  A$kpdlcdtestPCA$1040               kpdlcdtestPCA
C:   00000023  A$kpdlcdtestPCA$1042               kpdlcdtestPCA
C:   0000002B  A$kpdlcdtestPCA$1044               kpdlcdtestPCA
C:   00000033  A$kpdlcdtestPCA$1046               kpdlcdtestPCA
C:   0000003B  A$kpdlcdtestPCA$1048               kpdlcdtestPCA
C:   00000043  A$kpdlcdtestPCA$1050               kpdlcdtestPCA
C:   0000004B  A$kpdlcdtestPCA$1052               kpdlcdtestPCA
C:   0000004E  A$kpdlcdtestPCA$1074               kpdlcdtestPCA
C:   0000004E  __sdcc_program_startup             kpdlcdtestPCA

ASxxxx Linker V03.00 + NoICE + sdld,  page 23.
Hexadecimal  [32-Bits]

Area                                    Addr        Size        Decimal Bytes (Attributes)
--------------------------------        ----        ----        ------- ----- ------------
GSINIT0                             00000051    00000003 =           3. bytes (REL,CON,CODE)

      Value  Global                              Global Defined In Module
      -----  --------------------------------   ------------------------
C:   00000051  __sdcc_gsinit_startup              

ASxxxx Linker V03.00 + NoICE + sdld,  page 24.
Hexadecimal  [32-Bits]

Area                                    Addr        Size        Decimal Bytes (Attributes)
--------------------------------        ----        ----        ------- ----- ------------
GSINIT2                             00000054    0000000A =          10. bytes (REL,CON,CODE)

      Value  Global                              Global Defined In Module
      -----  --------------------------------   ------------------------
ASxxxx Linker V03.00 + NoICE + sdld,  page 25.
Hexadecimal  [32-Bits]

Area                                    Addr        Size        Decimal Bytes (Attributes)
--------------------------------        ----        ----        ------- ----- ------------
GSINIT3                             0000005E    00000022 =          34. bytes (REL,CON,CODE)

      Value  Global                              Global Defined In Module
      -----  --------------------------------   ------------------------
C:   0000005E  __mcs51_genXINIT                   

ASxxxx Linker V03.00 + NoICE + sdld,  page 26.
Hexadecimal  [32-Bits]

Area                                    Addr        Size        Decimal Bytes (Attributes)
--------------------------------        ----        ----        ------- ----- ------------
GSINIT4                             00000080    0000002A =          42. bytes (REL,CON,CODE)

      Value  Global                              Global Defined In Module
      -----  --------------------------------   ------------------------
C:   00000080  __mcs51_genRAMCLEAR                
C:   00000086  __mcs51_genXRAMCLEAR               

ASxxxx Linker V03.00 + NoICE + sdld,  page 27.
Hexadecimal  [32-Bits]

Area                                    Addr        Size        Decimal Bytes (Attributes)
--------------------------------        ----        ----        ------- ----- ------------
GSFINAL                             000000AA    00000003 =           3. bytes (REL,CON,CODE)

      Value  Global                              Global Defined In Module
      -----  --------------------------------   ------------------------
C:   000000AA  A$kpdlcdtestPCA$1067               kpdlcdtestPCA

ASxxxx Linker V03.00 + NoICE + sdld,  page 28.
Hexadecimal  [32-Bits]

Area                                    Addr        Size        Decimal Bytes (Attributes)
--------------------------------        ----        ----        ------- ----- ------------
CSEG                                000000AD    00000E7A =        3706. bytes (REL,CON,CODE)

      Value  Global                              Global Defined In Module
      -----  --------------------------------   ------------------------
C:   000000AD  A$kpdlcdtestPCA$1102               kpdlcdtestPCA
C:   000000AD  C$c8051_SDCC.h$62$0$0              kpdlcdtestPCA
C:   000000AD  C$c8051_SDCC.h$66$1$35             kpdlcdtestPCA
C:   000000AD  G$SYSCLK_Init$0$0                  kpdlcdtestPCA
C:   000000AD  _SYSCLK_Init                       kpdlcdtestPCA
C:   000000B0  A$kpdlcdtestPCA$1105               kpdlcdtestPCA
C:   000000B0  C$c8051_SDCC.h$69$1$35             kpdlcdtestPCA
C:   000000B2  A$kpdlcdtestPCA$1106               kpdlcdtestPCA
C:   000000B4  A$kpdlcdtestPCA$1108               kpdlcdtestPCA
C:   000000B5  A$kpdlcdtestPCA$1109               kpdlcdtestPCA
C:   000000B7  A$kpdlcdtestPCA$1110               kpdlcdtestPCA
C:   000000B8  A$kpdlcdtestPCA$1111               kpdlcdtestPCA
C:   000000B9  A$kpdlcdtestPCA$1112               kpdlcdtestPCA
C:   000000BB  A$kpdlcdtestPCA$1113               kpdlcdtestPCA
C:   000000BC  A$kpdlcdtestPCA$1114               kpdlcdtestPCA
C:   000000BE  A$kpdlcdtestPCA$1115               kpdlcdtestPCA
C:   000000C0  A$kpdlcdtestPCA$1116               kpdlcdtestPCA
C:   000000C1  A$kpdlcdtestPCA$1117               kpdlcdtestPCA
C:   000000C2  A$kpdlcdtestPCA$1118               kpdlcdtestPCA
C:   000000C4  A$kpdlcdtestPCA$1122               kpdlcdtestPCA
C:   000000C4  C$c8051_SDCC.h$71$1$35             kpdlcdtestPCA
C:   000000C6  A$kpdlcdtestPCA$1123               kpdlcdtestPCA
C:   000000C9  A$kpdlcdtestPCA$1126               kpdlcdtestPCA
C:   000000C9  C$c8051_SDCC.h$73$1$35             kpdlcdtestPCA
C:   000000CC  A$kpdlcdtestPCA$1129               kpdlcdtestPCA
C:   000000CC  C$c8051_SDCC.h$76$1$35             kpdlcdtestPCA
C:   000000CC  XG$SYSCLK_Init$0$0                 kpdlcdtestPCA
C:   000000CD  A$kpdlcdtestPCA$1142               kpdlcdtestPCA
C:   000000CD  C$c8051_SDCC.h$84$1$35             kpdlcdtestPCA
C:   000000CD  C$c8051_SDCC.h$86$1$37             kpdlcdtestPCA
C:   000000CD  G$UART0_Init$0$0                   kpdlcdtestPCA
C:   000000CD  _UART0_Init                        kpdlcdtestPCA
C:   000000D0  A$kpdlcdtestPCA$1145               kpdlcdtestPCA
C:   000000D0  C$c8051_SDCC.h$87$1$37             kpdlcdtestPCA
C:   000000D3  A$kpdlcdtestPCA$1148               kpdlcdtestPCA
C:   000000D3  C$c8051_SDCC.h$88$1$37             kpdlcdtestPCA
C:   000000D6  A$kpdlcdtestPCA$1151               kpdlcdtestPCA
C:   000000D6  C$c8051_SDCC.h$89$1$37             kpdlcdtestPCA
C:   000000D8  A$kpdlcdtestPCA$1154               kpdlcdtestPCA
C:   000000D8  C$c8051_SDCC.h$90$1$37             kpdlcdtestPCA
C:   000000DB  A$kpdlcdtestPCA$1157               kpdlcdtestPCA
C:   000000DB  C$c8051_SDCC.h$91$1$37             kpdlcdtestPCA
C:   000000DE  A$kpdlcdtestPCA$1160               kpdlcdtestPCA
C:   000000DE  C$c8051_SDCC.h$93$1$37             kpdlcdtestPCA
C:   000000E0  A$kpdlcdtestPCA$1163               kpdlcdtestPCA
C:   000000E0  C$c8051_SDCC.h$94$1$37             kpdlcdtestPCA
C:   000000E3  A$kpdlcdtestPCA$1166               kpdlcdtestPCA
C:   000000E3  C$c8051_SDCC.h$95$1$37             kpdlcdtestPCA
C:   000000E3  XG$UART0_Init$0$0                  kpdlcdtestPCA
C:   000000E4  A$kpdlcdtestPCA$1179               kpdlcdtestPCA
ASxxxx Linker V03.00 + NoICE + sdld,  page 29.
Hexadecimal  [32-Bits]

Area                                    Addr        Size        Decimal Bytes (Attributes)
--------------------------------        ----        ----        ------- ----- ------------
CSEG                                000000AD    00000E7A =        3706. bytes (REL,CON,CODE)

      Value  Global                              Global Defined In Module
      -----  --------------------------------   ------------------------
C:   000000E4  C$c8051_SDCC.h$103$1$37            kpdlcdtestPCA
C:   000000E4  C$c8051_SDCC.h$105$1$39            kpdlcdtestPCA
C:   000000E4  G$Sys_Init$0$0                     kpdlcdtestPCA
C:   000000E4  _Sys_Init                          kpdlcdtestPCA
C:   000000E7  A$kpdlcdtestPCA$1182               kpdlcdtestPCA
C:   000000E7  C$c8051_SDCC.h$106$1$39            kpdlcdtestPCA
C:   000000EA  A$kpdlcdtestPCA$1185               kpdlcdtestPCA
C:   000000EA  C$c8051_SDCC.h$108$1$39            kpdlcdtestPCA
C:   000000ED  A$kpdlcdtestPCA$1188               kpdlcdtestPCA
C:   000000ED  C$c8051_SDCC.h$109$1$39            kpdlcdtestPCA
C:   000000F0  A$kpdlcdtestPCA$1191               kpdlcdtestPCA
C:   000000F0  C$c8051_SDCC.h$111$1$39            kpdlcdtestPCA
C:   000000F3  A$kpdlcdtestPCA$1194               kpdlcdtestPCA
C:   000000F3  C$c8051_SDCC.h$112$1$39            kpdlcdtestPCA
C:   000000F6  A$kpdlcdtestPCA$1197               kpdlcdtestPCA
C:   000000F6  C$c8051_SDCC.h$113$1$39            kpdlcdtestPCA
C:   000000F6  XG$Sys_Init$0$0                    kpdlcdtestPCA
C:   000000F7  A$kpdlcdtestPCA$1210               kpdlcdtestPCA
C:   000000F7  C$c8051_SDCC.h$129$1$39            kpdlcdtestPCA
C:   000000F7  G$putchar$0$0                      kpdlcdtestPCA
C:   000000F7  _putchar                           kpdlcdtestPCA
C:   000000F9  A$kpdlcdtestPCA$1216               kpdlcdtestPCA
C:   000000F9  C$c8051_SDCC.h$132$1$41            kpdlcdtestPCA
C:   000000F9  C$c8051_SDCC.h$133$1$41            kpdlcdtestPCA
C:   000000FC  A$kpdlcdtestPCA$1217               kpdlcdtestPCA
C:   000000FE  A$kpdlcdtestPCA$1221               kpdlcdtestPCA
C:   000000FE  C$c8051_SDCC.h$134$1$41            kpdlcdtestPCA
C:   00000100  A$kpdlcdtestPCA$1224               kpdlcdtestPCA
C:   00000100  C$c8051_SDCC.h$135$1$41            kpdlcdtestPCA
C:   00000100  XG$putchar$0$0                     kpdlcdtestPCA
C:   00000101  A$kpdlcdtestPCA$1242               kpdlcdtestPCA
C:   00000101  C$c8051_SDCC.h$154$1$41            kpdlcdtestPCA
C:   00000101  C$c8051_SDCC.h$157$1$43            kpdlcdtestPCA
C:   00000101  C$c8051_SDCC.h$158$1$43            kpdlcdtestPCA
C:   00000101  G$getchar$0$0                      kpdlcdtestPCA
C:   00000101  _getchar                           kpdlcdtestPCA
C:   00000104  A$kpdlcdtestPCA$1243               kpdlcdtestPCA
C:   00000106  A$kpdlcdtestPCA$1247               kpdlcdtestPCA
C:   00000106  C$c8051_SDCC.h$159$1$43            kpdlcdtestPCA
C:   00000108  A$kpdlcdtestPCA$1250               kpdlcdtestPCA
C:   00000108  C$c8051_SDCC.h$160$1$43            kpdlcdtestPCA
C:   0000010A  A$kpdlcdtestPCA$1251               kpdlcdtestPCA
C:   0000010C  A$kpdlcdtestPCA$1252               kpdlcdtestPCA
C:   0000010F  A$kpdlcdtestPCA$1253               kpdlcdtestPCA
C:   00000111  A$kpdlcdtestPCA$1256               kpdlcdtestPCA
C:   00000111  C$c8051_SDCC.h$161$1$43            kpdlcdtestPCA
C:   00000113  A$kpdlcdtestPCA$1259               kpdlcdtestPCA
C:   00000113  C$c8051_SDCC.h$162$1$43            kpdlcdtestPCA
C:   00000113  XG$getchar$0$0                     kpdlcdtestPCA
C:   00000114  A$kpdlcdtestPCA$1274               kpdlcdtestPCA
C:   00000114  C$c8051_SDCC.h$168$1$43            kpdlcdtestPCA
ASxxxx Linker V03.00 + NoICE + sdld,  page 30.
Hexadecimal  [32-Bits]

Area                                    Addr        Size        Decimal Bytes (Attributes)
--------------------------------        ----        ----        ------- ----- ------------
CSEG                                000000AD    00000E7A =        3706. bytes (REL,CON,CODE)

      Value  Global                              Global Defined In Module
      -----  --------------------------------   ------------------------
C:   00000114  C$c8051_SDCC.h$171$1$45            kpdlcdtestPCA
C:   00000114  G$getchar_nw$0$0                   kpdlcdtestPCA
C:   00000114  _getchar_nw                        kpdlcdtestPCA
C:   00000117  A$kpdlcdtestPCA$1275               kpdlcdtestPCA
C:   0000011A  A$kpdlcdtestPCA$1276               kpdlcdtestPCA
C:   0000011C  A$kpdlcdtestPCA$1280               kpdlcdtestPCA
C:   0000011C  C$c8051_SDCC.h$174$2$46            kpdlcdtestPCA
C:   0000011E  A$kpdlcdtestPCA$1283               kpdlcdtestPCA
C:   0000011E  C$c8051_SDCC.h$175$2$46            kpdlcdtestPCA
C:   00000121  A$kpdlcdtestPCA$1286               kpdlcdtestPCA
C:   00000121  C$c8051_SDCC.h$176$2$46            kpdlcdtestPCA
C:   00000124  A$kpdlcdtestPCA$1289               kpdlcdtestPCA
C:   00000124  C$c8051_SDCC.h$177$2$46            kpdlcdtestPCA
C:   00000127  A$kpdlcdtestPCA$1293               kpdlcdtestPCA
C:   00000127  C$c8051_SDCC.h$179$1$45            kpdlcdtestPCA
C:   00000127  XG$getchar_nw$0$0                  kpdlcdtestPCA
C:   00000128  A$kpdlcdtestPCA$1310               kpdlcdtestPCA
C:   00000128  C$i2c.h$84$1$45                    kpdlcdtestPCA
C:   00000128  G$lcd_print$0$0                    kpdlcdtestPCA
C:   00000128  _lcd_print                         kpdlcdtestPCA
C:   0000012A  A$kpdlcdtestPCA$1311               kpdlcdtestPCA
C:   0000012D  A$kpdlcdtestPCA$1314               kpdlcdtestPCA
C:   0000012D  C$i2c.h$90$1$81                    kpdlcdtestPCA
C:   0000012F  A$kpdlcdtestPCA$1315               kpdlcdtestPCA
C:   00000131  A$kpdlcdtestPCA$1316               kpdlcdtestPCA
C:   00000132  A$kpdlcdtestPCA$1317               kpdlcdtestPCA
C:   00000134  A$kpdlcdtestPCA$1318               kpdlcdtestPCA
C:   00000135  A$kpdlcdtestPCA$1319               kpdlcdtestPCA
C:   00000137  A$kpdlcdtestPCA$1320               kpdlcdtestPCA
C:   00000138  A$kpdlcdtestPCA$1321               kpdlcdtestPCA
C:   0000013A  A$kpdlcdtestPCA$1322               kpdlcdtestPCA
C:   0000013D  A$kpdlcdtestPCA$1323               kpdlcdtestPCA
C:   0000013F  A$kpdlcdtestPCA$1324               kpdlcdtestPCA
C:   00000142  A$kpdlcdtestPCA$1325               kpdlcdtestPCA
C:   00000144  A$kpdlcdtestPCA$1326               kpdlcdtestPCA
C:   00000146  A$kpdlcdtestPCA$1327               kpdlcdtestPCA
C:   00000148  A$kpdlcdtestPCA$1331               kpdlcdtestPCA
C:   00000148  C$i2c.h$92$2$82                    kpdlcdtestPCA
C:   0000014A  A$kpdlcdtestPCA$1332               kpdlcdtestPCA
C:   0000014C  A$kpdlcdtestPCA$1333               kpdlcdtestPCA
C:   0000014D  A$kpdlcdtestPCA$1334               kpdlcdtestPCA
C:   0000014F  A$kpdlcdtestPCA$1337               kpdlcdtestPCA
C:   0000014F  C$i2c.h$93$1$81                    kpdlcdtestPCA
C:   00000151  A$kpdlcdtestPCA$1338               kpdlcdtestPCA
C:   00000153  A$kpdlcdtestPCA$1339               kpdlcdtestPCA
C:   00000154  A$kpdlcdtestPCA$1340               kpdlcdtestPCA
C:   00000156  A$kpdlcdtestPCA$1341               kpdlcdtestPCA
C:   00000157  A$kpdlcdtestPCA$1342               kpdlcdtestPCA
C:   00000159  A$kpdlcdtestPCA$1343               kpdlcdtestPCA
C:   0000015A  A$kpdlcdtestPCA$1344               kpdlcdtestPCA
C:   0000015C  A$kpdlcdtestPCA$1345               kpdlcdtestPCA
ASxxxx Linker V03.00 + NoICE + sdld,  page 31.
Hexadecimal  [32-Bits]

Area                                    Addr        Size        Decimal Bytes (Attributes)
--------------------------------        ----        ----        ------- ----- ------------
CSEG                                000000AD    00000E7A =        3706. bytes (REL,CON,CODE)

      Value  Global                              Global Defined In Module
      -----  --------------------------------   ------------------------
C:   0000015F  A$kpdlcdtestPCA$1346               kpdlcdtestPCA
C:   00000162  A$kpdlcdtestPCA$1347               kpdlcdtestPCA
C:   00000165  A$kpdlcdtestPCA$1350               kpdlcdtestPCA
C:   00000165  C$i2c.h$96$1$81                    kpdlcdtestPCA
C:   00000168  A$kpdlcdtestPCA$1351               kpdlcdtestPCA
C:   0000016B  A$kpdlcdtestPCA$1352               kpdlcdtestPCA
C:   0000016E  A$kpdlcdtestPCA$1353               kpdlcdtestPCA
C:   00000170  A$kpdlcdtestPCA$1356               kpdlcdtestPCA
C:   00000172  A$kpdlcdtestPCA$1358               kpdlcdtestPCA
C:   00000173  A$kpdlcdtestPCA$1359               kpdlcdtestPCA
C:   00000174  A$kpdlcdtestPCA$1360               kpdlcdtestPCA
C:   00000175  A$kpdlcdtestPCA$1361               kpdlcdtestPCA
C:   00000177  A$kpdlcdtestPCA$1364               kpdlcdtestPCA
C:   00000177  C$i2c.h$99$2$84                    kpdlcdtestPCA
C:   00000178  A$kpdlcdtestPCA$1365               kpdlcdtestPCA
C:   0000017A  A$kpdlcdtestPCA$1366               kpdlcdtestPCA
C:   0000017C  A$kpdlcdtestPCA$1367               kpdlcdtestPCA
C:   0000017D  A$kpdlcdtestPCA$1368               kpdlcdtestPCA
C:   0000017F  A$kpdlcdtestPCA$1369               kpdlcdtestPCA
C:   00000181  A$kpdlcdtestPCA$1370               kpdlcdtestPCA
C:   00000182  A$kpdlcdtestPCA$1371               kpdlcdtestPCA
C:   00000183  A$kpdlcdtestPCA$1372               kpdlcdtestPCA
C:   00000186  A$kpdlcdtestPCA$1373               kpdlcdtestPCA
C:   00000187  A$kpdlcdtestPCA$1374               kpdlcdtestPCA
C:   00000189  A$kpdlcdtestPCA$1375               kpdlcdtestPCA
C:   0000018B  A$kpdlcdtestPCA$1376               kpdlcdtestPCA
C:   0000018C  A$kpdlcdtestPCA$1377               kpdlcdtestPCA
C:   0000018E  A$kpdlcdtestPCA$1378               kpdlcdtestPCA
C:   00000190  A$kpdlcdtestPCA$1379               kpdlcdtestPCA
C:   00000192  A$kpdlcdtestPCA$1380               kpdlcdtestPCA
C:   00000193  A$kpdlcdtestPCA$1384               kpdlcdtestPCA
C:   00000193  C$i2c.h$97$1$81                    kpdlcdtestPCA
C:   00000194  A$kpdlcdtestPCA$1385               kpdlcdtestPCA
C:   00000196  A$kpdlcdtestPCA$1389               kpdlcdtestPCA
C:   00000196  C$i2c.h$102$1$81                   kpdlcdtestPCA
C:   00000199  A$kpdlcdtestPCA$1390               kpdlcdtestPCA
C:   0000019C  A$kpdlcdtestPCA$1391               kpdlcdtestPCA
C:   0000019F  A$kpdlcdtestPCA$1392               kpdlcdtestPCA
C:   000001A2  A$kpdlcdtestPCA$1393               kpdlcdtestPCA
C:   000001A4  A$kpdlcdtestPCA$1394               kpdlcdtestPCA
C:   000001A7  A$kpdlcdtestPCA$1395               kpdlcdtestPCA
C:   000001AA  A$kpdlcdtestPCA$1397               kpdlcdtestPCA
C:   000001AC  A$kpdlcdtestPCA$1400               kpdlcdtestPCA
C:   000001AC  C$i2c.h$103$1$81                   kpdlcdtestPCA
C:   000001AC  XG$lcd_print$0$0                   kpdlcdtestPCA
C:   000001AD  A$kpdlcdtestPCA$1416               kpdlcdtestPCA
C:   000001AD  C$i2c.h$106$1$81                   kpdlcdtestPCA
C:   000001AD  C$i2c.h$108$1$81                   kpdlcdtestPCA
C:   000001AD  G$lcd_clear$0$0                    kpdlcdtestPCA
C:   000001AD  _lcd_clear                         kpdlcdtestPCA
C:   000001B0  A$kpdlcdtestPCA$1420               kpdlcdtestPCA
ASxxxx Linker V03.00 + NoICE + sdld,  page 32.
Hexadecimal  [32-Bits]

Area                                    Addr        Size        Decimal Bytes (Attributes)
--------------------------------        ----        ----        ------- ----- ------------
CSEG                                000000AD    00000E7A =        3706. bytes (REL,CON,CODE)

      Value  Global                              Global Defined In Module
      -----  --------------------------------   ------------------------
C:   000001B0  C$i2c.h$110$1$85                   kpdlcdtestPCA
C:   000001B2  A$kpdlcdtestPCA$1421               kpdlcdtestPCA
C:   000001B4  A$kpdlcdtestPCA$1422               kpdlcdtestPCA
C:   000001B6  A$kpdlcdtestPCA$1423               kpdlcdtestPCA
C:   000001B9  A$kpdlcdtestPCA$1424               kpdlcdtestPCA
C:   000001BC  A$kpdlcdtestPCA$1425               kpdlcdtestPCA
C:   000001BF  A$kpdlcdtestPCA$1426               kpdlcdtestPCA
C:   000001C2  A$kpdlcdtestPCA$1427               kpdlcdtestPCA
C:   000001C5  A$kpdlcdtestPCA$1428               kpdlcdtestPCA
C:   000001C8  A$kpdlcdtestPCA$1429               kpdlcdtestPCA
C:   000001CB  A$kpdlcdtestPCA$1430               kpdlcdtestPCA
C:   000001CD  A$kpdlcdtestPCA$1434               kpdlcdtestPCA
C:   000001CD  C$i2c.h$112$1$85                   kpdlcdtestPCA
C:   000001D0  A$kpdlcdtestPCA$1437               kpdlcdtestPCA
C:   000001D0  C$i2c.h$113$1$85                   kpdlcdtestPCA
C:   000001D3  A$kpdlcdtestPCA$1438               kpdlcdtestPCA
C:   000001D6  A$kpdlcdtestPCA$1439               kpdlcdtestPCA
C:   000001D9  A$kpdlcdtestPCA$1440               kpdlcdtestPCA
C:   000001DC  A$kpdlcdtestPCA$1441               kpdlcdtestPCA
C:   000001DF  A$kpdlcdtestPCA$1442               kpdlcdtestPCA
C:   000001E2  A$kpdlcdtestPCA$1443               kpdlcdtestPCA
C:   000001E5  A$kpdlcdtestPCA$1446               kpdlcdtestPCA
C:   000001E5  C$i2c.h$114$1$85                   kpdlcdtestPCA
C:   000001E5  XG$lcd_clear$0$0                   kpdlcdtestPCA
C:   000001E6  A$kpdlcdtestPCA$1462               kpdlcdtestPCA
C:   000001E6  C$i2c.h$117$1$85                   kpdlcdtestPCA
C:   000001E6  C$i2c.h$121$1$86                   kpdlcdtestPCA
C:   000001E6  G$read_keypad$0$0                  kpdlcdtestPCA
C:   000001E6  _read_keypad                       kpdlcdtestPCA
C:   000001E9  A$kpdlcdtestPCA$1463               kpdlcdtestPCA
C:   000001EC  A$kpdlcdtestPCA$1464               kpdlcdtestPCA
C:   000001EF  A$kpdlcdtestPCA$1465               kpdlcdtestPCA
C:   000001F2  A$kpdlcdtestPCA$1466               kpdlcdtestPCA
C:   000001F5  A$kpdlcdtestPCA$1467               kpdlcdtestPCA
C:   000001F8  A$kpdlcdtestPCA$1468               kpdlcdtestPCA
C:   000001FB  A$kpdlcdtestPCA$1471               kpdlcdtestPCA
C:   000001FB  C$i2c.h$122$1$86                   kpdlcdtestPCA
C:   000001FD  A$kpdlcdtestPCA$1472               kpdlcdtestPCA
C:   00000200  A$kpdlcdtestPCA$1473               kpdlcdtestPCA
C:   00000203  A$kpdlcdtestPCA$1474               kpdlcdtestPCA
C:   00000205  A$kpdlcdtestPCA$1478               kpdlcdtestPCA
C:   00000207  A$kpdlcdtestPCA$1479               kpdlcdtestPCA
C:   00000209  A$kpdlcdtestPCA$1483               kpdlcdtestPCA
C:   00000209  C$i2c.h$126$2$87                   kpdlcdtestPCA
C:   0000020B  A$kpdlcdtestPCA$1484               kpdlcdtestPCA
C:   0000020D  A$kpdlcdtestPCA$1485               kpdlcdtestPCA
C:   0000020F  A$kpdlcdtestPCA$1486               kpdlcdtestPCA
C:   00000211  A$kpdlcdtestPCA$1487               kpdlcdtestPCA
C:   00000213  A$kpdlcdtestPCA$1489               kpdlcdtestPCA
C:   00000214  A$kpdlcdtestPCA$1490               kpdlcdtestPCA
C:   00000215  A$kpdlcdtestPCA$1491               kpdlcdtestPCA
ASxxxx Linker V03.00 + NoICE + sdld,  page 33.
Hexadecimal  [32-Bits]

Area                                    Addr        Size        Decimal Bytes (Attributes)
--------------------------------        ----        ----        ------- ----- ------------
CSEG                                000000AD    00000E7A =        3706. bytes (REL,CON,CODE)

      Value  Global                              Global Defined In Module
      -----  --------------------------------   ------------------------
C:   00000216  A$kpdlcdtestPCA$1492               kpdlcdtestPCA
C:   00000217  A$kpdlcdtestPCA$1493               kpdlcdtestPCA
C:   00000218  A$kpdlcdtestPCA$1494               kpdlcdtestPCA
C:   00000219  A$kpdlcdtestPCA$1496               kpdlcdtestPCA
C:   0000021C  A$kpdlcdtestPCA$1497               kpdlcdtestPCA
C:   0000021E  A$kpdlcdtestPCA$1498               kpdlcdtestPCA
C:   00000220  A$kpdlcdtestPCA$1499               kpdlcdtestPCA
C:   00000221  A$kpdlcdtestPCA$1500               kpdlcdtestPCA
C:   00000223  A$kpdlcdtestPCA$1501               kpdlcdtestPCA
C:   00000224  A$kpdlcdtestPCA$1502               kpdlcdtestPCA
C:   00000226  A$kpdlcdtestPCA$1503               kpdlcdtestPCA
C:   00000227  A$kpdlcdtestPCA$1504               kpdlcdtestPCA
C:   00000228  A$kpdlcdtestPCA$1505               kpdlcdtestPCA
C:   0000022A  A$kpdlcdtestPCA$1508               kpdlcdtestPCA
C:   0000022A  C$i2c.h$127$2$87                   kpdlcdtestPCA
C:   0000022C  A$kpdlcdtestPCA$1509               kpdlcdtestPCA
C:   0000022D  A$kpdlcdtestPCA$1510               kpdlcdtestPCA
C:   0000022F  A$kpdlcdtestPCA$1511               kpdlcdtestPCA
C:   00000231  A$kpdlcdtestPCA$1515               kpdlcdtestPCA
C:   00000231  C$i2c.h$124$1$86                   kpdlcdtestPCA
C:   00000232  A$kpdlcdtestPCA$1516               kpdlcdtestPCA
C:   00000234  A$kpdlcdtestPCA$1517               kpdlcdtestPCA
C:   00000237  A$kpdlcdtestPCA$1519               kpdlcdtestPCA
C:   00000239  A$kpdlcdtestPCA$1522               kpdlcdtestPCA
C:   00000239  C$i2c.h$130$1$86                   kpdlcdtestPCA
C:   0000023B  A$kpdlcdtestPCA$1523               kpdlcdtestPCA
C:   0000023E  A$kpdlcdtestPCA$1524               kpdlcdtestPCA
C:   00000241  A$kpdlcdtestPCA$1525               kpdlcdtestPCA
C:   00000243  A$kpdlcdtestPCA$1529               kpdlcdtestPCA
C:   00000243  C$i2c.h$132$1$86                   kpdlcdtestPCA
C:   00000245  A$kpdlcdtestPCA$1530               kpdlcdtestPCA
C:   00000248  A$kpdlcdtestPCA$1531               kpdlcdtestPCA
C:   0000024B  A$kpdlcdtestPCA$1532               kpdlcdtestPCA
C:   0000024D  A$kpdlcdtestPCA$1536               kpdlcdtestPCA
C:   0000024D  C$i2c.h$134$1$86                   kpdlcdtestPCA
C:   0000024F  A$kpdlcdtestPCA$1537               kpdlcdtestPCA
C:   00000252  A$kpdlcdtestPCA$1538               kpdlcdtestPCA
C:   00000255  A$kpdlcdtestPCA$1539               kpdlcdtestPCA
C:   00000257  A$kpdlcdtestPCA$1543               kpdlcdtestPCA
C:   00000257  C$i2c.h$136$1$86                   kpdlcdtestPCA
C:   00000259  A$kpdlcdtestPCA$1544               kpdlcdtestPCA
C:   0000025C  A$kpdlcdtestPCA$1545               kpdlcdtestPCA
C:   0000025F  A$kpdlcdtestPCA$1546               kpdlcdtestPCA
C:   00000261  A$kpdlcdtestPCA$1550               kpdlcdtestPCA
C:   00000261  C$i2c.h$138$1$86                   kpdlcdtestPCA
[...]
C:   0000068B  A$kpdlcdtestPCA$2466               kpdlcdtestPCA
C:   0000068D  A$kpdlcdtestPCA$2467               kpdlcdtestPCA
C:   0000068F  A$kpdlcdtestPCA$2473               kpdlcdtestPCA
C:   0000068F  C$kpdlcdtestPCA.c$69$2$123         kpdlcdtestPCA
C:   0000068F  C$kpdlcdtestPCA.c$70$3$126         kpdlcdtestPCA
C:   00000691  A$kpdlcdtestPCA$2474               kpdlcdtestPCA
C:   00000694  A$kpdlcdtestPCA$2475               kpdlcdtestPCA
C:   00000696  A$kpdlcdtestPCA$2478               kpdlcdtestPCA
C:   00000696  C$kpdlcdtestPCA.c$71$3$126         kpdlcdtestPCA
C:   00000698  A$kpdlcdtestPCA$2479               kpdlcdtestPCA
C:   0000069B  A$kpdlcdtestPCA$2480               kpdlcdtestPCA
C:   0000069D  A$kpdlcdtestPCA$2481               kpdlcdtestPCA
C:   0000069F  A$kpdlcdtestPCA$2484               kpdlcdtestPCA
C:   0000069F  C$kpdlcdtestPCA.c$74$3$126         kpdlcdtestPCA
C:   000006A2  A$kpdlcdtestPCA$2485               kpdlcdtestPCA
C:   000006A4  A$kpdlcdtestPCA$2490               kpdlcdtestPCA
C:   000006A4  C$kpdlcdtestPCA.c$75$4$127         kpdlcdtestPCA
C:   000006A6  A$kpdlcdtestPCA$2491               kpdlcdtestPCA
C:   000006A8  A$kpdlcdtestPCA$2492               kpdlcdtestPCA
C:   000006AB  A$kpdlcdtestPCA$2493               kpdlcdtestPCA
C:   000006AD  A$kpdlcdtestPCA$2494               kpdlcdtestPCA
C:   000006AF  A$kpdlcdtestPCA$2495               kpdlcdtestPCA
C:   000006B1  A$kpdlcdtestPCA$2496               kpdlcdtestPCA
C:   000006B4  A$kpdlcdtestPCA$2499               kpdlcdtestPCA
C:   000006B4  C$kpdlcdtestPCA.c$76$4$127         kpdlcdtestPCA
C:   000006B6  A$kpdlcdtestPCA$2500               kpdlcdtestPCA
C:   000006B8  A$kpdlcdtestPCA$2501               kpdlcdtestPCA
C:   000006BB  A$kpdlcdtestPCA$2502               kpdlcdtestPCA
C:   000006BD  A$kpdlcdtestPCA$2503               kpdlcdtestPCA
C:   000006BF  A$kpdlcdtestPCA$2506               kpdlcdtestPCA
C:   000006BF  C$kpdlcdtestPCA.c$77$4$127         kpdlcdtestPCA
C:   000006C0  A$kpdlcdtestPCA$2507               kpdlcdtestPCA
C:   000006C2  A$kpdlcdtestPCA$2508               kpdlcdtestPCA
C:   000006C5  A$kpdlcdtestPCA$2509               kpdlcdtestPCA
C:   000006C6  A$kpdlcdtestPCA$2510               kpdlcdtestPCA
C:   000006C7  A$kpdlcdtestPCA$2513               kpdlcdtestPCA
C:   000006C7  C$kpdlcdtestPCA.c$78$4$127         kpdlcdtestPCA
C:   000006C8  A$kpdlcdtestPCA$2514               kpdlcdtestPCA
C:   000006CA  A$kpdlcdtestPCA$2515               kpdlcdtestPCA
C:   000006CB  A$kpdlcdtestPCA$2518               kpdlcdtestPCA
C:   000006CB  C$kpdlcdtestPCA.c$79$4$127         kpdlcdtestPCA
C:   000006CC  A$kpdlcdtestPCA$2519               kpdlcdtestPCA
C:   000006CD  A$kpdlcdtestPCA$2520               kpdlcdtestPCA
C:   000006CF  A$kpdlcdtestPCA$2521               kpdlcdtestPCA
C:   000006D1  A$kpdlcdtestPCA$2522               kpdlcdtestPCA
C:   000006D3  A$kpdlcdtestPCA$2523               kpdlcdtestPCA
C:   000006D5  A$kpdlcdtestPCA$2524               kpdlcdtestPCA
C:   000006D7  A$kpdlcdtestPCA$2525               kpdlcdtestPCA
C:   000006D9  A$kpdlcdtestPCA$2526               kpdlcdtestPCA
C:   000006DB  A$kpdlcdtestPCA$2527               kpdlcdtestPCA
C:   000006DD  A$kpdlcdtestPCA$2528               kpdlcdtestPCA
ASxxxx Linker V03.00 + NoICE + sdld,  page 48.
Hexadecimal  [32-Bits]

Area                                    Addr        Size        Decimal Bytes (Attributes)
--------------------------------        ----        ----        ------- ----- ------------
CSEG                                000000AD    00000E7A =        3706. bytes (REL,CON,CODE)

      Value  Global                              Global Defined In Module
      -----  --------------------------------   ------------------------
C:   000006DF  A$kpdlcdtestPCA$2529               kpdlcdtestPCA
C:   000006E1  A$kpdlcdtestPCA$2530               kpdlcdtestPCA
C:   000006E3  A$kpdlcdtestPCA$2531               kpdlcdtestPCA
C:   000006E5  A$kpdlcdtestPCA$2532               kpdlcdtestPCA
C:   000006E7  A$kpdlcdtestPCA$2533               kpdlcdtestPCA
C:   000006E9  A$kpdlcdtestPCA$2534               kpdlcdtestPCA
C:   000006EB  A$kpdlcdtestPCA$2535               kpdlcdtestPCA
C:   000006ED  A$kpdlcdtestPCA$2536               kpdlcdtestPCA
C:   000006EF  A$kpdlcdtestPCA$2537               kpdlcdtestPCA
C:   000006F2  A$kpdlcdtestPCA$2538               kpdlcdtestPCA
C:   000006F4  A$kpdlcdtestPCA$2539               kpdlcdtestPCA
C:   000006F6  A$kpdlcdtestPCA$2540               kpdlcdtestPCA
C:   000006F8  A$kpdlcdtestPCA$2541               kpdlcdtestPCA
C:   000006FA  A$kpdlcdtestPCA$2542               kpdlcdtestPCA
C:   000006FC  A$kpdlcdtestPCA$2545               kpdlcdtestPCA
C:   000006FC  C$kpdlcdtestPCA.c$80$4$127         kpdlcdtestPCA
C:   000006FE  A$kpdlcdtestPCA$2546               kpdlcdtestPCA
C:   00000700  A$kpdlcdtestPCA$2547               kpdlcdtestPCA
C:   00000702  A$kpdlcdtestPCA$2548               kpdlcdtestPCA
C:   00000704  A$kpdlcdtestPCA$2549               kpdlcdtestPCA
C:   00000706  A$kpdlcdtestPCA$2550               kpdlcdtestPCA
C:   00000708  A$kpdlcdtestPCA$2551               kpdlcdtestPCA
C:   0000070A  A$kpdlcdtestPCA$2552               kpdlcdtestPCA
C:   0000070C  A$kpdlcdtestPCA$2553               kpdlcdtestPCA
C:   0000070E  A$kpdlcdtestPCA$2554               kpdlcdtestPCA
C:   00000710  A$kpdlcdtestPCA$2555               kpdlcdtestPCA
C:   00000713  A$kpdlcdtestPCA$2556               kpdlcdtestPCA
C:   00000715  A$kpdlcdtestPCA$2557               kpdlcdtestPCA
C:   00000717  A$kpdlcdtestPCA$2558               kpdlcdtestPCA
C:   00000719  A$kpdlcdtestPCA$2559               kpdlcdtestPCA
C:   0000071B  A$kpdlcdtestPCA$2562               kpdlcdtestPCA
C:   0000071B  C$kpdlcdtestPCA.c$81$4$127         kpdlcdtestPCA
C:   0000071C  A$kpdlcdtestPCA$2563               kpdlcdtestPCA
C:   0000071E  A$kpdlcdtestPCA$2564               kpdlcdtestPCA
C:   00000721  A$kpdlcdtestPCA$2566               kpdlcdtestPCA
C:   00000723  A$kpdlcdtestPCA$2567               kpdlcdtestPCA
C:   00000725  A$kpdlcdtestPCA$2568               kpdlcdtestPCA
C:   00000727  A$kpdlcdtestPCA$2569               kpdlcdtestPCA
C:   00000729  A$kpdlcdtestPCA$2570               kpdlcdtestPCA
C:   0000072B  A$kpdlcdtestPCA$2571               kpdlcdtestPCA
C:   0000072D  A$kpdlcdtestPCA$2572               kpdlcdtestPCA
C:   00000730  A$kpdlcdtestPCA$2573               kpdlcdtestPCA
C:   00000732  A$kpdlcdtestPCA$2574               kpdlcdtestPCA
C:   00000734  A$kpdlcdtestPCA$2575               kpdlcdtestPCA
C:   00000736  A$kpdlcdtestPCA$2578               kpdlcdtestPCA
C:   00000736  C$kpdlcdtestPCA.c$82$4$127         kpdlcdtestPCA
C:   00000739  A$kpdlcdtestPCA$2581               kpdlcdtestPCA
C:   00000739  C$kpdlcdtestPCA.c$88$1$122         kpdlcdtestPCA
C:   00000739  XG$main$0$0                        kpdlcdtestPCA
C:   0000073A  A$kpdlcdtestPCA$2594               kpdlcdtestPCA
C:   0000073A  C$kpdlcdtestPCA.c$91$1$122         kpdlcdtestPCA
ASxxxx Linker V03.00 + NoICE + sdld,  page 49.
Hexadecimal  [32-Bits]

Area                                    Addr        Size        Decimal Bytes (Attributes)
--------------------------------        ----        ----        ------- ----- ------------
CSEG                                000000AD    00000E7A =        3706. bytes (REL,CON,CODE)

      Value  Global                              Global Defined In Module
      -----  --------------------------------   ------------------------
C:   0000073A  C$kpdlcdtestPCA.c$93$1$129         kpdlcdtestPCA
C:   0000073A  G$Port_Init$0$0                    kpdlcdtestPCA
C:   0000073A  _Port_Init                         kpdlcdtestPCA
C:   0000073D  A$kpdlcdtestPCA$2597               kpdlcdtestPCA
C:   0000073D  C$kpdlcdtestPCA.c$94$1$129         kpdlcdtestPCA
C:   0000073D  XG$Port_Init$0$0                   kpdlcdtestPCA
C:   0000073E  A$kpdlcdtestPCA$2610               kpdlcdtestPCA
C:   0000073E  C$kpdlcdtestPCA.c$96$1$129         kpdlcdtestPCA
C:   0000073E  C$kpdlcdtestPCA.c$98$1$131         kpdlcdtestPCA
C:   0000073E  G$Interrupt_Init$0$0               kpdlcdtestPCA
C:   0000073E  _Interrupt_Init                    kpdlcdtestPCA
C:   00000741  A$kpdlcdtestPCA$2613               kpdlcdtestPCA
C:   00000741  C$kpdlcdtestPCA.c$99$1$131         kpdlcdtestPCA
C:   00000744  A$kpdlcdtestPCA$2616               kpdlcdtestPCA
C:   00000744  C$kpdlcdtestPCA.c$100$1$131        kpdlcdtestPCA
C:   00000746  A$kpdlcdtestPCA$2619               kpdlcdtestPCA
C:   00000746  C$kpdlcdtestPCA.c$101$1$131        kpdlcdtestPCA
C:   00000746  XG$Interrupt_Init$0$0              kpdlcdtestPCA
C:   00000747  A$kpdlcdtestPCA$2632               kpdlcdtestPCA
C:   00000747  C$kpdlcdtestPCA.c$103$1$131        kpdlcdtestPCA
C:   00000747  C$kpdlcdtestPCA.c$105$1$133        kpdlcdtestPCA
C:   00000747  G$PCA_Init$0$0                     kpdlcdtestPCA
C:   00000747  _PCA_Init                          kpdlcdtestPCA
C:   0000074A  A$kpdlcdtestPCA$2635               kpdlcdtestPCA
C:   0000074A  C$kpdlcdtestPCA.c$107$1$133        kpdlcdtestPCA
C:   0000074D  A$kpdlcdtestPCA$2638               kpdlcdtestPCA
C:   0000074D  C$kpdlcdtestPCA.c$108$1$133        kpdlcdtestPCA
C:   0000074D  XG$PCA_Init$0$0                    kpdlcdtestPCA
C:   0000074E  A$kpdlcdtestPCA$2651               kpdlcdtestPCA
C:   0000074E  C$kpdlcdtestPCA.c$110$1$133        kpdlcdtestPCA
C:   0000074E  C$kpdlcdtestPCA.c$112$1$135        kpdlcdtestPCA
C:   0000074E  G$SMB0_Init$0$0                    kpdlcdtestPCA
C:   0000074E  _SMB0_Init                         kpdlcdtestPCA
C:   00000751  A$kpdlcdtestPCA$2654               kpdlcdtestPCA
C:   00000751  C$kpdlcdtestPCA.c$113$1$135        kpdlcdtestPCA
C:   00000753  A$kpdlcdtestPCA$2657               kpdlcdtestPCA
C:   00000753  C$kpdlcdtestPCA.c$114$1$135        kpdlcdtestPCA
C:   00000753  XG$SMB0_Init$0$0                   kpdlcdtestPCA
C:   00000754  A$kpdlcdtestPCA$2668               kpdlcdtestPCA
C:   00000754  C$kpdlcdtestPCA.c$116$1$135        kpdlcdtestPCA
C:   00000754  G$PCA_ISR$0$0                      kpdlcdtestPCA
C:   00000754  _PCA_ISR                           kpdlcdtestPCA
C:   00000756  A$kpdlcdtestPCA$2669               kpdlcdtestPCA
C:   00000758  A$kpdlcdtestPCA$2674               kpdlcdtestPCA
C:   00000758  C$kpdlcdtestPCA.c$118$1$137        kpdlcdtestPCA
C:   00000758  C$kpdlcdtestPCA.c$120$2$138        kpdlcdtestPCA
C:   0000075B  A$kpdlcdtestPCA$2675               kpdlcdtestPCA
C:   0000075D  A$kpdlcdtestPCA$2679               kpdlcdtestPCA
C:   0000075D  C$kpdlcdtestPCA.c$121$2$138        kpdlcdtestPCA
C:   0000075F  A$kpdlcdtestPCA$2680               kpdlcdtestPCA
C:   00000760  A$kpdlcdtestPCA$2681               kpdlcdtestPCA
ASxxxx Linker V03.00 + NoICE + sdld,  page 50.
Hexadecimal  [32-Bits]

Area                                    Addr        Size        Decimal Bytes (Attributes)
--------------------------------        ----        ----        ------- ----- ------------
CSEG                                000000AD    00000E7A =        3706. bytes (REL,CON,CODE)

      Value  Global                              Global Defined In Module
      -----  --------------------------------   ------------------------
C:   00000763  A$kpdlcdtestPCA$2682               kpdlcdtestPCA
C:   00000765  A$kpdlcdtestPCA$2686               kpdlcdtestPCA
C:   00000765  C$kpdlcdtestPCA.c$122$2$138        kpdlcdtestPCA
C:   00000767  A$kpdlcdtestPCA$2687               kpdlcdtestPCA
C:   00000768  A$kpdlcdtestPCA$2688               kpdlcdtestPCA
C:   0000076B  A$kpdlcdtestPCA$2689               kpdlcdtestPCA
C:   0000076D  A$kpdlcdtestPCA$2693               kpdlcdtestPCA
C:   0000076D  C$kpdlcdtestPCA.c$123$2$138        kpdlcdtestPCA
C:   00000770  A$kpdlcdtestPCA$2696               kpdlcdtestPCA
C:   00000770  C$kpdlcdtestPCA.c$124$2$138        kpdlcdtestPCA
C:   00000773  A$kpdlcdtestPCA$2699               kpdlcdtestPCA
C:   00000773  C$kpdlcdtestPCA.c$125$2$138        kpdlcdtestPCA
C:   00000774  A$kpdlcdtestPCA$2700               kpdlcdtestPCA
C:   00000776  A$kpdlcdtestPCA$2701               kpdlcdtestPCA
C:   00000778  A$kpdlcdtestPCA$2702               kpdlcdtestPCA
C:   00000779  A$kpdlcdtestPCA$2703               kpdlcdtestPCA
C:   0000077B  A$kpdlcdtestPCA$2704               kpdlcdtestPCA
C:   0000077D  A$kpdlcdtestPCA$2707               kpdlcdtestPCA
C:   0000077D  C$kpdlcdtestPCA.c$127$3$139        kpdlcdtestPCA
C:   0000077E  A$kpdlcdtestPCA$2708               kpdlcdtestPCA
C:   00000780  A$kpdlcdtestPCA$2709               kpdlcdtestPCA
C:   00000782  A$kpdlcdtestPCA$2712               kpdlcdtestPCA
C:   00000782  C$kpdlcdtestPCA.c$128$3$139        kpdlcdtestPCA
C:   00000784  A$kpdlcdtestPCA$2714               kpdlcdtestPCA
C:   00000787  A$kpdlcdtestPCA$2715               kpdlcdtestPCA
C:   00000789  A$kpdlcdtestPCA$2716               kpdlcdtestPCA
C:   0000078B  A$kpdlcdtestPCA$2720               kpdlcdtestPCA
C:   0000078B  C$kpdlcdtestPCA.c$131$1$137        kpdlcdtestPCA
C:   0000078E  A$kpdlcdtestPCA$2722               kpdlcdtestPCA
C:   00000790  A$kpdlcdtestPCA$2723               kpdlcdtestPCA
C:   00000792  A$kpdlcdtestPCA$2726               kpdlcdtestPCA
C:   00000792  C$kpdlcdtestPCA.c$132$1$137        kpdlcdtestPCA
C:   00000792  XG$PCA_ISR$0$0                     kpdlcdtestPCA
C:   00000793  A$kpdlcdtestPCA$2743               kpdlcdtestPCA
C:   00000793  C$kpdlcdtestPCA.c$134$1$137        kpdlcdtestPCA
C:   00000793  C$kpdlcdtestPCA.c$136$1$141        kpdlcdtestPCA
C:   00000793  G$pause$0$0                        kpdlcdtestPCA
C:   00000793  _pause                             kpdlcdtestPCA
C:   00000794  A$kpdlcdtestPCA$2744               kpdlcdtestPCA
C:   00000796  A$kpdlcdtestPCA$2745               kpdlcdtestPCA
C:   00000798  A$kpdlcdtestPCA$2749               kpdlcdtestPCA
C:   00000798  C$kpdlcdtestPCA.c$137$1$141        kpdlcdtestPCA
C:   00000799  A$kpdlcdtestPCA$2750               kpdlcdtestPCA
C:   0000079B  A$kpdlcdtestPCA$2751               kpdlcdtestPCA
C:   0000079D  A$kpdlcdtestPCA$2752               kpdlcdtestPCA
C:   0000079F  A$kpdlcdtestPCA$2753               kpdlcdtestPCA
C:   000007A1  A$kpdlcdtestPCA$2754               kpdlcdtestPCA
C:   000007A3  A$kpdlcdtestPCA$2757               kpdlcdtestPCA
C:   000007A3  C$kpdlcdtestPCA.c$138$1$141        kpdlcdtestPCA
C:   000007A3  XG$pause$0$0                       kpdlcdtestPCA
C:   000007A4  A$kpdlcdtestPCA$2770               kpdlcdtestPCA
ASxxxx Linker V03.00 + NoICE + sdld,  page 51.
Hexadecimal  [32-Bits]

Area                                    Addr        Size        Decimal Bytes (Attributes)
--------------------------------        ----        ----        ------- ----- ------------
CSEG                                000000AD    00000E7A =        3706. bytes (REL,CON,CODE)

      Value  Global                              Global Defined In Module
      -----  --------------------------------   ------------------------
C:   000007A4  C$kpdlcdtestPCA.c$140$1$141        kpdlcdtestPCA
C:   000007A4  C$kpdlcdtestPCA.c$142$1$143        kpdlcdtestPCA
C:   000007A4  G$wait$0$0                         kpdlcdtestPCA
C:   000007A4  _wait                              kpdlcdtestPCA
C:   000007A5  A$kpdlcdtestPCA$2771               kpdlcdtestPCA
C:   000007A7  A$kpdlcdtestPCA$2772               kpdlcdtestPCA
C:   000007A9  A$kpdlcdtestPCA$2776               kpdlcdtestPCA
C:   000007A9  C$kpdlcdtestPCA.c$143$1$143        kpdlcdtestPCA
C:   000007AA  A$kpdlcdtestPCA$2777               kpdlcdtestPCA
C:   000007AC  A$kpdlcdtestPCA$2778               kpdlcdtestPCA
C:   000007AE  A$kpdlcdtestPCA$2779               kpdlcdtestPCA
C:   000007B0  A$kpdlcdtestPCA$2780               kpdlcdtestPCA
C:   000007B2  A$kpdlcdtestPCA$2781               kpdlcdtestPCA
C:   000007B4  A$kpdlcdtestPCA$2784               kpdlcdtestPCA
C:   000007B4  C$kpdlcdtestPCA.c$144$1$143        kpdlcdtestPCA
C:   000007B4  XG$wait$0$0                        kpdlcdtestPCA
C:   000007B5  __gptrput                          _gptrput
C:   000007D0  __mulint                           _mulint
C:   000007D0  __mulint_dummy                     _mulint
C:   0000085D  _vsprintf                          sprintf
C:   0000089A  _sprintf                           sprintf
C:   000008F3  _vprintf                           vprintf
C:   0000090C  _printf                            vprintf
C:   000009E3  __print_format                     printf_large
C:   00000EEF  _strlen                            _strlen
C:   00000F07  __gptrget                          _gptrget
C:   00000F23  __sdcc_external_startup            _startup

ASxxxx Linker V03.00 + NoICE + sdld,  page 52.
Hexadecimal  [32-Bits]

Area                                    Addr        Size        Decimal Bytes (Attributes)
--------------------------------        ----        ----        ------- ----- ------------
CONST                               00000F27    0000010D =         269. bytes (REL,CON,CODE)

      Value  Global                              Global Defined In Module
      -----  --------------------------------   ------------------------
C:   00000F27  FkpdlcdtestPCA$__str_0$0$0         kpdlcdtestPCA
C:   00000F3D  FkpdlcdtestPCA$__str_1$0$0         kpdlcdtestPCA
C:   00000F4D  FkpdlcdtestPCA$__str_2$0$0         kpdlcdtestPCA
C:   00000F50  FkpdlcdtestPCA$__str_3$0$0         kpdlcdtestPCA
C:   00000F59  FkpdlcdtestPCA$__str_4$0$0         kpdlcdtestPCA
C:   00000F8D  FkpdlcdtestPCA$__str_5$0$0         kpdlcdtestPCA
C:   00000FB9  FkpdlcdtestPCA$__str_6$0$0         kpdlcdtestPCA
C:   00000FD7  FkpdlcdtestPCA$__str_7$0$0         kpdlcdtestPCA
C:   00000FFC  FkpdlcdtestPCA$__str_8$0$0         kpdlcdtestPCA
ASxxxx Linker V03.00 + NoICE + sdld,  page 53.

Files Linked                              [ module(s) ]

C:\Users\gerlig\Documents\School\LITEC\WRKSHT10\kpdlcdtestPCA.rel
                                          [  ]


Libraries Linked                          [ object file ]

C:\Program Files\SDCC\bin\..\lib\small/mcs51.lib
                                          [ crtclear.rel ]
C:\Program Files\SDCC\bin\..\lib\small/mcs51.lib
                                          [ crtxinit.rel ]
C:\Program Files\SDCC\bin\..\lib\small/libsdcc.lib
                                          [ _gptrput.rel ]
C:\Program Files\SDCC\bin\..\lib\small/libint.lib
                                          [ _mulint.rel ]
C:\Program Files\SDCC\bin\..\lib\small/libsdcc.lib
                                          [ sprintf.rel ]
C:\Program Files\SDCC\bin\..\lib\small/mcs51.lib
                                          [ crtxclear.rel ]
C:\Program Files\SDCC\bin\..\lib\small/libsdcc.lib
                                          [ _bp.rel ]
C:\Program Files\SDCC\bin\..\lib\small/libsdcc.lib
                                          [ vprintf.rel ]
C:\Program Files\SDCC\bin\..\lib\small/libsdcc.lib
                                          [ printf_large.rel ]
C:\Program Files\SDCC\bin\..\lib\small/libsdcc.lib
                                          [ _strlen.rel ]
C:\Program Files\SDCC\bin\..\lib\small/mcs51.lib
                                          [ crtstart.rel ]
C:\Program Files\SDCC\bin\..\lib\small/libsdcc.lib
                                          [ _gptrget.rel ]
C:\Program Files\SDCC\bin\..\lib\small/libsdcc.lib
                                          [ _startup.rel ]

ASxxxx Linker V03.00 + NoICE + sdld,  page 54.

User Base Address Definitions

HOME = 0x0000
XSEG = 0x0001
PSEG = 0x0001
ISEG = 0x0000
BSEG = 0x0000

