ASxxxx Linker V03.00 + NoICE + sdld,  page 1.
Hexadecimal  [32-Bits]

Area                                    Addr        Size        Decimal Bytes (Attributes)
--------------------------------        ----        ----        ------- ----- ------------
CABS                                00000000    00000000 =           0. bytes (ABS,CON,CODE)

      Value  Global                              Global Defined In Module
      -----  --------------------------------   ------------------------
C:   00000000  l_BIT_BANK                      
C:   00000000  l_CABS                          
C:   00000000  l_GSINIT1                       
C:   00000000  l_GSINIT5                       
C:   00000000  l_IABS                          
C:   00000000  l_PSEG                          
C:   00000000  l_REG_BANK_1                    
C:   00000000  l_REG_BANK_2                    
C:   00000000  l_REG_BANK_3                    
C:   00000000  l_RSEG                          
C:   00000000  l_RSEG0                         
C:   00000000  l_RSEG1                         
C:   00000000  l_XABS                          
C:   00000000  l_XINIT                         
C:   00000000  l_XISEG                         
C:   00000000  l__CODE                         
C:   00000000  s_BSEG                          
C:   00000000  s_CABS                          
C:   00000000  s_DSEG                          
C:   00000000  s_HOME                          
C:   00000000  s_IABS                          
C:   00000000  s_REG_BANK_0                    
C:   00000000  s_RSEG                          
C:   00000000  s_RSEG0                         
C:   00000000  s_RSEG1                         
C:   00000000  s_XABS                          
C:   00000001  s_PSEG                          
C:   00000001  s_XSEG                          
C:   00000002  l_BSEG_BYTES                    
C:   00000003  l_GSFINAL                       
C:   00000003  l_GSINIT0                       
C:   00000006  l_ISEG                          
C:   00000006  l_OSEG                          
C:   00000008  l_REG_BANK_0                    
C:   00000008  s_REG_BANK_1                    
C:   0000000A  l_BSEG                          
C:   0000000A  l_GSINIT2                       
C:   00000010  s_REG_BANK_2                    
C:   00000011  s_OSEG                          
C:   00000017  s_ISEG                          
C:   00000018  s_BIT_BANK                      
C:   00000018  s_REG_BANK_3                    
C:   00000020  s_BSEG_BYTES                    
C:   00000020  s__CODE                         
C:   00000022  l_GSINIT3                       
C:   0000002A  l_GSINIT4                       
C:   0000004D  l_GSINIT                        
C:   00000050  l_XSEG                          
C:   00000051  l_HOME                          
C:   00000051  s_GSINIT0                       
ASxxxx Linker V03.00 + NoICE + sdld,  page 2.
Hexadecimal  [32-Bits]

Area                                    Addr        Size        Decimal Bytes (Attributes)
--------------------------------        ----        ----        ------- ----- ------------
CABS                                00000000    00000000 =           0. bytes (ABS,CON,CODE)

      Value  Global                              Global Defined In Module
      -----  --------------------------------   ------------------------
C:   00000051  s_XISEG                         
C:   00000054  s_GSINIT1                       
C:   00000054  s_GSINIT2                       
C:   0000005E  s_GSINIT3                       
C:   0000007D  l_DSEG                          
C:   00000080  l_SSEG                          
C:   00000080  s_GSINIT4                       
C:   00000080  s_SSEG                          
C:   000000AA  s_GSINIT                        
C:   000000AA  s_GSINIT5                       
C:   000000F7  s_GSFINAL                       
C:   000000FA  s_CSEG                          
C:   00000100  l_IRAM                          
C:   00000233  l_CONST                         
C:   00001878  l_CSEG                          
C:   00001972  s_CONST                         
C:   00001BA5  s_XINIT                         

ASxxxx Linker V03.00 + NoICE + sdld,  page 3.
Hexadecimal  [32-Bits]

Area                                    Addr        Size        Decimal Bytes (Attributes)
--------------------------------        ----        ----        ------- ----- ------------
.  .ABS.                            00000000    00000000 =           0. bytes (ABS,CON)

      Value  Global                              Global Defined In Module
      -----  --------------------------------   ------------------------
     00000000  .__.ABS.                           _startup
     00000080  G$P0$0$0                           lab_5
     00000080  G$P0_0$0$0                         lab_5
     00000080  _P0                                lab_5
     00000080  _P0_0                              lab_5
     00000081  G$P0_1$0$0                         lab_5
     00000081  G$SP$0$0                           lab_5
     00000081  _P0_1                              lab_5
     00000081  _SP                                lab_5
     00000082  G$DPL$0$0                          lab_5
     00000082  G$P0_2$0$0                         lab_5
     00000082  _DPL                               lab_5
     00000082  _P0_2                              lab_5
     00000083  G$BUS_SCL$0$0                      lab_5
     00000083  G$DPH$0$0                          lab_5
     00000083  G$P0_3$0$0                         lab_5
     00000083  _BUS_SCL                           lab_5
     00000083  _DPH                               lab_5
     00000083  _P0_3                              lab_5
     00000084  G$P0_4$0$0                         lab_5
     00000084  G$P4$0$0                           lab_5
     00000084  _P0_4                              lab_5
     00000084  _P4                                lab_5
     00000085  G$P0_5$0$0                         lab_5
     00000085  G$P5$0$0                           lab_5
     00000085  _P0_5                              lab_5
     00000085  _P5                                lab_5
     00000086  G$P0_6$0$0                         lab_5
     00000086  G$P6$0$0                           lab_5
     00000086  _P0_6                              lab_5
     00000086  _P6                                lab_5
     00000087  G$P0_7$0$0                         lab_5
     00000087  G$PCON$0$0                         lab_5
     00000087  _P0_7                              lab_5
     00000087  _PCON                              lab_5
     00000088  G$IT0$0$0                          lab_5
     00000088  G$TCON$0$0                         lab_5
     00000088  _IT0                               lab_5
     00000088  _TCON                              lab_5
     00000089  G$IE0$0$0                          lab_5
     00000089  G$TMOD$0$0                         lab_5
     00000089  _IE0                               lab_5
     00000089  _TMOD                              lab_5
     0000008A  G$IT1$0$0                          lab_5
     0000008A  G$TL0$0$0                          lab_5
     0000008A  _IT1                               lab_5
     0000008A  _TL0                               lab_5
     0000008B  G$IE1$0$0                          lab_5
     0000008B  G$TL1$0$0                          lab_5
     0000008B  _IE1                               lab_5
ASxxxx Linker V03.00 + NoICE + sdld,  page 4.
Hexadecimal  [32-Bits]

Area                                    Addr        Size        Decimal Bytes (Attributes)
--------------------------------        ----        ----        ------- ----- ------------
.  .ABS.                            00000000    00000000 =           0. bytes (ABS,CON)

      Value  Global                              Global Defined In Module
      -----  --------------------------------   ------------------------
     0000008B  _TL1                               lab_5
     0000008C  G$TH0$0$0                          lab_5
     0000008C  G$TR0$0$0                          lab_5
     0000008C  _TH0                               lab_5
     0000008C  _TR0                               lab_5
     0000008D  G$TF0$0$0                          lab_5
     0000008D  G$TH1$0$0                          lab_5
     0000008D  _TF0                               lab_5
     0000008D  _TH1                               lab_5
     0000008E  G$CKCON$0$0                        lab_5
     0000008E  G$TR1$0$0                          lab_5
     0000008E  _CKCON                             lab_5
     0000008E  _TR1                               lab_5
     0000008F  G$PSCTL$0$0                        lab_5
     0000008F  G$TF1$0$0                          lab_5
     0000008F  _PSCTL                             lab_5
     0000008F  _TF1                               lab_5
     00000090  G$P1$0$0                           lab_5
     00000090  G$P1_0$0$0                         lab_5
     00000090  _P1                                lab_5
     00000090  _P1_0                              lab_5
     00000091  G$P1_1$0$0                         lab_5
     00000091  G$TMR3CN$0$0                       lab_5
     00000091  _P1_1                              lab_5
     00000091  _TMR3CN                            lab_5
     00000092  G$P1_2$0$0                         lab_5
     00000092  G$TMR3RLL$0$0                      lab_5
     00000092  _P1_2                              lab_5
     00000092  _TMR3RLL                           lab_5
     00000093  G$P1_3$0$0                         lab_5
     00000093  G$TMR3RLH$0$0                      lab_5
     00000093  _P1_3                              lab_5
     00000093  _TMR3RLH                           lab_5
     00000094  G$P1_4$0$0                         lab_5
     00000094  G$TMR3L$0$0                        lab_5
     00000094  _P1_4                              lab_5
     00000094  _TMR3L                             lab_5
     00000095  G$P1_5$0$0                         lab_5
     00000095  G$TMR3H$0$0                        lab_5
     00000095  _P1_5                              lab_5
     00000095  _TMR3H                             lab_5
     00000096  G$P1_6$0$0                         lab_5
     00000096  G$P7$0$0                           lab_5
     00000096  _P1_6                              lab_5
     00000096  _P7                                lab_5
     00000097  G$P1_7$0$0                         lab_5
     00000097  _P1_7                              lab_5
     00000098  G$RI$0$0                           lab_5
     00000098  G$RI0$0$0                          lab_5
     00000098  G$SCON$0$0                         lab_5
     00000098  G$SCON0$0$0                        lab_5
ASxxxx Linker V03.00 + NoICE + sdld,  page 5.
Hexadecimal  [32-Bits]

Area                                    Addr        Size        Decimal Bytes (Attributes)
--------------------------------        ----        ----        ------- ----- ------------
.  .ABS.                            00000000    00000000 =           0. bytes (ABS,CON)

      Value  Global                              Global Defined In Module
      -----  --------------------------------   ------------------------
     00000098  _RI                                lab_5
     00000098  _RI0                               lab_5
     00000098  _SCON                              lab_5
     00000098  _SCON0                             lab_5
     00000099  G$SBUF$0$0                         lab_5
     00000099  G$SBUF0$0$0                        lab_5
     00000099  G$TI$0$0                           lab_5
     00000099  G$TI0$0$0                          lab_5
     00000099  _SBUF                              lab_5
     00000099  _SBUF0                             lab_5
     00000099  _TI                                lab_5
     00000099  _TI0                               lab_5
     0000009A  G$RB8$0$0                          lab_5
     0000009A  G$RB80$0$0                         lab_5
     0000009A  G$SPI0CFG$0$0                      lab_5
     0000009A  _RB8                               lab_5
     0000009A  _RB80                              lab_5
     0000009A  _SPI0CFG                           lab_5
     0000009B  G$SPI0DAT$0$0                      lab_5
     0000009B  G$TB8$0$0                          lab_5
     0000009B  G$TB80$0$0                         lab_5
     0000009B  _SPI0DAT                           lab_5
     0000009B  _TB8                               lab_5
     0000009B  _TB80                              lab_5
     0000009C  G$ADC1$0$0                         lab_5
     0000009C  G$REN$0$0                          lab_5
     0000009C  G$REN0$0$0                         lab_5
     0000009C  _ADC1                              lab_5
     0000009C  _REN                               lab_5
     0000009C  _REN0                              lab_5
     0000009D  G$MCE0$0$0                         lab_5
     0000009D  G$SM2$0$0                          lab_5
     0000009D  G$SM20$0$0                         lab_5
     0000009D  G$SPI0CKR$0$0                      lab_5
     0000009D  _MCE0                              lab_5
     0000009D  _SM2                               lab_5
     0000009D  _SM20                              lab_5
     0000009D  _SPI0CKR                           lab_5
     0000009E  G$CPT0CN$0$0                       lab_5
     0000009E  G$SM1$0$0                          lab_5
     0000009E  G$SM10$0$0                         lab_5
     0000009E  _CPT0CN                            lab_5
     0000009E  _SM1                               lab_5
     0000009E  _SM10                              lab_5
     0000009F  G$CPT1CN$0$0                       lab_5
     0000009F  G$S0MODE$0$0                       lab_5
     0000009F  G$SM0$0$0                          lab_5
     0000009F  G$SM00$0$0                         lab_5
     0000009F  _CPT1CN                            lab_5
     0000009F  _S0MODE                            lab_5
     0000009F  _SM0                               lab_5
ASxxxx Linker V03.00 + NoICE + sdld,  page 6.
Hexadecimal  [32-Bits]

Area                                    Addr        Size        Decimal Bytes (Attributes)
--------------------------------        ----        ----        ------- ----- ------------
.  .ABS.                            00000000    00000000 =           0. bytes (ABS,CON)

      Value  Global                              Global Defined In Module
      -----  --------------------------------   ------------------------
     0000009F  _SM00                              lab_5
     000000A0  G$P2$0$0                           lab_5
     000000A0  G$P2_0$0$0                         lab_5
     000000A0  _P2                                lab_5
     000000A0  _P2_0                              lab_5
     000000A1  G$EMI0TC$0$0                       lab_5
     000000A1  G$P2_1$0$0                         lab_5
     000000A1  _EMI0TC                            lab_5
     000000A1  _P2_1                              lab_5
     000000A2  G$P2_2$0$0                         lab_5
     000000A2  _P2_2                              lab_5
     000000A3  G$BILED1$0$0                       lab_5
     000000A3  G$EMI0CF$0$0                       lab_5
     000000A3  G$P2_3$0$0                         lab_5
     000000A3  _BILED1                            lab_5
     000000A3  _EMI0CF                            lab_5
     000000A3  _P2_3                              lab_5
     000000A4  G$P0MDOUT$0$0                      lab_5
     000000A4  G$P2_4$0$0                         lab_5
     000000A4  G$PRT0CF$0$0                       lab_5
     000000A4  _P0MDOUT                           lab_5
     000000A4  _P2_4                              lab_5
     000000A4  _PRT0CF                            lab_5
     000000A5  G$BILED0$0$0                       lab_5
     000000A5  G$P1MDOUT$0$0                      lab_5
     000000A5  G$P2_5$0$0                         lab_5
     000000A5  G$PRT1CF$0$0                       lab_5
     000000A5  _BILED0                            lab_5
     000000A5  _P1MDOUT                           lab_5
     000000A5  _P2_5                              lab_5
     000000A5  _PRT1CF                            lab_5
     000000A6  G$P2MDOUT$0$0                      lab_5
     000000A6  G$P2_6$0$0                         lab_5
     000000A6  G$PRT2CF$0$0                       lab_5
     000000A6  _P2MDOUT                           lab_5
     000000A6  _P2_6                              lab_5
     000000A6  _PRT2CF                            lab_5
     000000A7  G$P2_7$0$0                         lab_5
     000000A7  G$P3MDOUT$0$0                      lab_5
     000000A7  G$PRT3CF$0$0                       lab_5
     000000A7  _P2_7                              lab_5
     000000A7  _P3MDOUT                           lab_5
     000000A7  _PRT3CF                            lab_5
     000000A8  G$EX0$0$0                          lab_5
     000000A8  G$IE$0$0                           lab_5
     000000A8  _EX0                               lab_5
     000000A8  _IE                                lab_5
     000000A9  G$ET0$0$0                          lab_5
     000000A9  G$SADDR0$0$0                       lab_5
     000000A9  _ET0                               lab_5
     000000A9  _SADDR0                            lab_5
ASxxxx Linker V03.00 + NoICE + sdld,  page 7.
Hexadecimal  [32-Bits]

Area                                    Addr        Size        Decimal Bytes (Attributes)
--------------------------------        ----        ----        ------- ----- ------------
.  .ABS.                            00000000    00000000 =           0. bytes (ABS,CON)

      Value  Global                              Global Defined In Module
      -----  --------------------------------   ------------------------
     000000AA  G$ADC1CN$0$0                       lab_5
     000000AA  G$EX1$0$0                          lab_5
     000000AA  _ADC1CN                            lab_5
     000000AA  _EX1                               lab_5
     000000AB  G$ADC1CF$0$0                       lab_5
     000000AB  G$ET1$0$0                          lab_5
     000000AB  _ADC1CF                            lab_5
     000000AB  _ET1                               lab_5
     000000AC  G$AMX1SL$0$0                       lab_5
     000000AC  G$ES$0$0                           lab_5
     000000AC  G$ES0$0$0                          lab_5
     000000AC  _AMX1SL                            lab_5
     000000AC  _ES                                lab_5
     000000AC  _ES0                               lab_5
     000000AD  G$ET2$0$0                          lab_5
     000000AD  G$P3IF$0$0                         lab_5
     000000AD  _ET2                               lab_5
     000000AD  _P3IF                              lab_5
     000000AE  G$SADEN1$0$0                       lab_5
     000000AE  _SADEN1                            lab_5
     000000AF  G$EA$0$0                           lab_5
     000000AF  G$EMI0CN$0$0                       lab_5
     000000AF  G$_XPAGE$0$0                       lab_5
     000000AF  _EA                                lab_5
     000000AF  _EMI0CN                            lab_5
     000000AF  __XPAGE                            lab_5
     000000B0  G$P3$0$0                           lab_5
     000000B0  G$P3_0$0$0                         lab_5
     000000B0  _P3                                lab_5
     000000B0  _P3_0                              lab_5
     000000B1  G$OSCXCN$0$0                       lab_5
     000000B1  G$P3_1$0$0                         lab_5
     000000B1  _OSCXCN                            lab_5
     000000B1  _P3_1                              lab_5
     000000B2  G$OSCICN$0$0                       lab_5
     000000B2  G$P3_2$0$0                         lab_5
     000000B2  _OSCICN                            lab_5
     000000B2  _P3_2                              lab_5
     000000B3  G$P3_3$0$0                         lab_5
     000000B3  _P3_3                              lab_5
     000000B4  G$P3_4$0$0                         lab_5
     000000B4  _P3_4                              lab_5
     000000B5  G$P3_5$0$0                         lab_5
     000000B5  G$P74OUT$0$0                       lab_5
     000000B5  _P3_5                              lab_5
     000000B5  _P74OUT                            lab_5
     000000B6  G$FLSCL$0$0                        lab_5
     000000B6  G$P3_6$0$0                         lab_5
     000000B6  _FLSCL                             lab_5
     000000B6  _P3_6                              lab_5
     000000B7  G$FLACL$0$0                        lab_5
ASxxxx Linker V03.00 + NoICE + sdld,  page 8.
Hexadecimal  [32-Bits]

Area                                    Addr        Size        Decimal Bytes (Attributes)
--------------------------------        ----        ----        ------- ----- ------------
.  .ABS.                            00000000    00000000 =           0. bytes (ABS,CON)

      Value  Global                              Global Defined In Module
      -----  --------------------------------   ------------------------
     000000B7  G$P3_7$0$0                         lab_5
     000000B7  G$run$0$0                          lab_5
     000000B7  _FLACL                             lab_5
     000000B7  _P3_7                              lab_5
     000000B7  _run                               lab_5
     000000B8  G$IP$0$0                           lab_5
     000000B8  G$PX0$0$0                          lab_5
     000000B8  _IP                                lab_5
     000000B8  _PX0                               lab_5
     000000B9  G$PT0$0$0                          lab_5
     000000B9  G$SADEN0$0$0                       lab_5
     000000B9  _PT0                               lab_5
     000000B9  _SADEN0                            lab_5
     000000BA  G$AMX0CF$0$0                       lab_5
     000000BA  G$PX1$0$0                          lab_5
     000000BA  _AMX0CF                            lab_5
     000000BA  _PX1                               lab_5
     000000BB  G$AMX0SL$0$0                       lab_5
     000000BB  G$PT1$0$0                          lab_5
     000000BB  _AMX0SL                            lab_5
     000000BB  _PT1                               lab_5
     000000BC  G$ADC0CF$0$0                       lab_5
     000000BC  G$PS$0$0                           lab_5
     000000BC  G$PS0$0$0                          lab_5
     000000BC  _ADC0CF                            lab_5
     000000BC  _PS                                lab_5
     000000BC  _PS0                               lab_5
     000000BD  G$P1MDIN$0$0                       lab_5
     000000BD  G$PT2$0$0                          lab_5
     000000BD  _P1MDIN                            lab_5
     000000BD  _PT2                               lab_5
     000000BE  G$ADC0L$0$0                        lab_5
     000000BE  _ADC0L                             lab_5
     000000BF  G$ADC0H$0$0                        lab_5
     000000BF  _ADC0H                             lab_5
     000000C0  G$BUS_TOE$0$0                      lab_5
     000000C0  G$SMB0CN$0$0                       lab_5
     000000C0  G$SMBTOE$0$0                       lab_5
     000000C0  _BUS_TOE                           lab_5
     000000C0  _SMB0CN                            lab_5
     000000C0  _SMBTOE                            lab_5
     000000C1  G$BUS_FTE$0$0                      lab_5
     000000C1  G$SMB0STA$0$0                      lab_5
     000000C1  G$SMBFTE$0$0                       lab_5
     000000C1  _BUS_FTE                           lab_5
     000000C1  _SMB0STA                           lab_5
     000000C1  _SMBFTE                            lab_5
     000000C2  G$AA$0$0                           lab_5
     000000C2  G$BUS_AA$0$0                       lab_5
     000000C2  G$SMB0DAT$0$0                      lab_5
     000000C2  _AA                                lab_5
ASxxxx Linker V03.00 + NoICE + sdld,  page 9.
Hexadecimal  [32-Bits]

Area                                    Addr        Size        Decimal Bytes (Attributes)
--------------------------------        ----        ----        ------- ----- ------------
.  .ABS.                            00000000    00000000 =           0. bytes (ABS,CON)

      Value  Global                              Global Defined In Module
      -----  --------------------------------   ------------------------
     000000C2  _BUS_AA                            lab_5
     000000C2  _SMB0DAT                           lab_5
     000000C3  G$BUS_INT$0$0                      lab_5
     000000C3  G$SI$0$0                           lab_5
     000000C3  G$SMB0ADR$0$0                      lab_5
     000000C3  _BUS_INT                           lab_5
     000000C3  _SI                                lab_5
     000000C3  _SMB0ADR                           lab_5
     000000C4  G$ADC0GTL$0$0                      lab_5
     000000C4  G$BUS_STOP$0$0                     lab_5
     000000C4  G$STO$0$0                          lab_5
     000000C4  _ADC0GTL                           lab_5
     000000C4  _BUS_STOP                          lab_5
     000000C4  _STO                               lab_5
     000000C5  G$ADC0GTH$0$0                      lab_5
     000000C5  G$BUS_START$0$0                    lab_5
     000000C5  G$STA$0$0                          lab_5
     000000C5  _ADC0GTH                           lab_5
     000000C5  _BUS_START                         lab_5
     000000C5  _STA                               lab_5
     000000C6  G$ADC0LTL$0$0                      lab_5
     000000C6  G$BUS_EN$0$0                       lab_5
     000000C6  G$ENSMB$0$0                        lab_5
     000000C6  _ADC0LTL                           lab_5
     000000C6  _BUS_EN                            lab_5
     000000C6  _ENSMB                             lab_5
     000000C7  G$ADC0LTH$0$0                      lab_5
     000000C7  G$BUSY$0$0                         lab_5
     000000C7  G$BUS_BUSY$0$0                     lab_5
     000000C7  _ADC0LTH                           lab_5
     000000C7  _BUSY                              lab_5
     000000C7  _BUS_BUSY                          lab_5
     000000C8  G$CPRL2$0$0                        lab_5
     000000C8  G$T2CON$0$0                        lab_5
     000000C8  _CPRL2                             lab_5
     000000C8  _T2CON                             lab_5
     000000C9  G$CT2$0$0                          lab_5
     000000C9  G$T4CON$0$0                        lab_5
     000000C9  _CT2                               lab_5
     000000C9  _T4CON                             lab_5
     000000CA  G$RCAP2L$0$0                       lab_5
     000000CA  G$TR2$0$0                          lab_5
     000000CA  _RCAP2L                            lab_5
     000000CA  _TR2                               lab_5
     000000CB  G$EXEN2$0$0                        lab_5
     000000CB  G$RCAP2H$0$0                       lab_5
     000000CB  _EXEN2                             lab_5
     000000CB  _RCAP2H                            lab_5
     000000CC  G$TCLK$0$0                         lab_5
     000000CC  G$TL2$0$0                          lab_5
     000000CC  _TCLK                              lab_5
ASxxxx Linker V03.00 + NoICE + sdld,  page 10.
Hexadecimal  [32-Bits]

Area                                    Addr        Size        Decimal Bytes (Attributes)
--------------------------------        ----        ----        ------- ----- ------------
.  .ABS.                            00000000    00000000 =           0. bytes (ABS,CON)

      Value  Global                              Global Defined In Module
      -----  --------------------------------   ------------------------
     000000CC  _TL2                               lab_5
     000000CD  G$RCLK$0$0                         lab_5
     000000CD  G$TH2$0$0                          lab_5
     000000CD  _RCLK                              lab_5
     000000CD  _TH2                               lab_5
     000000CE  G$EXF2$0$0                         lab_5
     000000CE  _EXF2                              lab_5
     000000CF  G$SMB0CR$0$0                       lab_5
     000000CF  G$TF2$0$0                          lab_5
     000000CF  _SMB0CR                            lab_5
     000000CF  _TF2                               lab_5
     000000D0  G$P$0$0                            lab_5
     000000D0  G$PSW$0$0                          lab_5
     000000D0  _P                                 lab_5
     000000D0  _PSW                               lab_5
     000000D1  G$F1$0$0                           lab_5
     000000D1  G$REF0CN$0$0                       lab_5
     000000D1  _F1                                lab_5
     000000D1  _REF0CN                            lab_5
     000000D2  G$DAC0L$0$0                        lab_5
     000000D2  G$OV$0$0                           lab_5
     000000D2  _DAC0L                             lab_5
     000000D2  _OV                                lab_5
     000000D3  G$DAC0H$0$0                        lab_5
     000000D3  G$RS0$0$0                          lab_5
     000000D3  _DAC0H                             lab_5
     000000D3  _RS0                               lab_5
     000000D4  G$DAC0CN$0$0                       lab_5
     000000D4  G$RS1$0$0                          lab_5
     000000D4  _DAC0CN                            lab_5
     000000D4  _RS1                               lab_5
     000000D5  G$DAC1L$0$0                        lab_5
     000000D5  G$F0$0$0                           lab_5
     000000D5  _DAC1L                             lab_5
     000000D5  _F0                                lab_5
     000000D6  G$AC$0$0                           lab_5
     000000D6  G$DAC1H$0$0                        lab_5
     000000D6  _AC                                lab_5
     000000D6  _DAC1H                             lab_5
     000000D7  G$CY$0$0                           lab_5
     000000D7  G$DAC1CN$0$0                       lab_5
     000000D7  _CY                                lab_5
     000000D7  _DAC1CN                            lab_5
     000000D8  G$CCF0$0$0                         lab_5
     000000D8  G$PCA0CN$0$0                       lab_5
     000000D8  _CCF0                              lab_5
     000000D8  _PCA0CN                            lab_5
     000000D9  G$CCF1$0$0                         lab_5
     000000D9  G$PCA0MD$0$0                       lab_5
     000000D9  _CCF1                              lab_5
     000000D9  _PCA0MD                            lab_5
ASxxxx Linker V03.00 + NoICE + sdld,  page 11.
Hexadecimal  [32-Bits]

Area                                    Addr        Size        Decimal Bytes (Attributes)
--------------------------------        ----        ----        ------- ----- ------------
.  .ABS.                            00000000    00000000 =           0. bytes (ABS,CON)

      Value  Global                              Global Defined In Module
      -----  --------------------------------   ------------------------
     000000DA  G$CCF2$0$0                         lab_5
     000000DA  G$PCA0CPM0$0$0                     lab_5
     000000DA  _CCF2                              lab_5
     000000DA  _PCA0CPM0                          lab_5
     000000DB  G$CCF3$0$0                         lab_5
     000000DB  G$PCA0CPM1$0$0                     lab_5
     000000DB  _CCF3                              lab_5
     000000DB  _PCA0CPM1                          lab_5
     000000DC  G$CCF4$0$0                         lab_5
     000000DC  G$PCA0CPM2$0$0                     lab_5
     000000DC  _CCF4                              lab_5
     000000DC  _PCA0CPM2                          lab_5
     000000DD  G$PCA0CPM3$0$0                     lab_5
     000000DD  _PCA0CPM3                          lab_5
     000000DE  G$CR$0$0                           lab_5
     000000DE  G$PCA0CPM4$0$0                     lab_5
     000000DE  _CR                                lab_5
     000000DE  _PCA0CPM4                          lab_5
     000000DF  G$CF$0$0                           lab_5
     000000DF  _CF                                lab_5
     000000E0  G$ACC$0$0                          lab_5
     000000E0  _ACC                               lab_5
     000000E1  G$XBR0$0$0                         lab_5
     000000E1  _XBR0                              lab_5
     000000E2  G$XBR1$0$0                         lab_5
     000000E2  _XBR1                              lab_5
     000000E3  G$XBR2$0$0                         lab_5
     000000E3  _XBR2                              lab_5
     000000E4  G$RCAP4L$0$0                       lab_5
     000000E4  _RCAP4L                            lab_5
     000000E5  G$RCAP4H$0$0                       lab_5
     000000E5  _RCAP4H                            lab_5
     000000E6  G$EIE1$0$0                         lab_5
     000000E6  _EIE1                              lab_5
     000000E7  G$EIE2$0$0                         lab_5
     000000E7  _EIE2                              lab_5
     000000E8  G$AD0LJST$0$0                      lab_5
     000000E8  G$ADC0CN$0$0                       lab_5
     000000E8  G$ADLJST$0$0                       lab_5
     000000E8  _AD0LJST                           lab_5
     000000E8  _ADC0CN                            lab_5
     000000E8  _ADLJST                            lab_5
     000000E9  G$AD0WINT$0$0                      lab_5
     000000E9  G$ADWINT$0$0                       lab_5
     000000E9  G$PCA0L$0$0                        lab_5
     000000E9  _AD0WINT                           lab_5
     000000E9  _ADWINT                            lab_5
     000000E9  _PCA0L                             lab_5
     000000EA  G$AD0CM0$0$0                       lab_5
     000000EA  G$ADSTM0$0$0                       lab_5
     000000EA  G$PCA0CPL0$0$0                     lab_5
ASxxxx Linker V03.00 + NoICE + sdld,  page 12.
Hexadecimal  [32-Bits]

Area                                    Addr        Size        Decimal Bytes (Attributes)
--------------------------------        ----        ----        ------- ----- ------------
.  .ABS.                            00000000    00000000 =           0. bytes (ABS,CON)

      Value  Global                              Global Defined In Module
      -----  --------------------------------   ------------------------
     000000EA  _AD0CM0                            lab_5
     000000EA  _ADSTM0                            lab_5
     000000EA  _PCA0CPL0                          lab_5
     000000EB  G$AD0CM1$0$0                       lab_5
     000000EB  G$ADSTM1$0$0                       lab_5
     000000EB  G$PCA0CPL1$0$0                     lab_5
     000000EB  _AD0CM1                            lab_5
     000000EB  _ADSTM1                            lab_5
     000000EB  _PCA0CPL1                          lab_5
     000000EC  G$AD0BUSY$0$0                      lab_5
     000000EC  G$ADBUSY$0$0                       lab_5
     000000EC  G$PCA0CPL2$0$0                     lab_5
     000000EC  _AD0BUSY                           lab_5
     000000EC  _ADBUSY                            lab_5
     000000EC  _PCA0CPL2                          lab_5
     000000ED  G$AD0INT$0$0                       lab_5
     000000ED  G$ADCINT$0$0                       lab_5
     000000ED  G$PCA0CPL3$0$0                     lab_5
     000000ED  _AD0INT                            lab_5
     000000ED  _ADCINT                            lab_5
     000000ED  _PCA0CPL3                          lab_5
     000000EE  G$AD0TM$0$0                        lab_5
     000000EE  G$ADCTM$0$0                        lab_5
     000000EE  G$PCA0CPL4$0$0                     lab_5
     000000EE  _AD0TM                             lab_5
     000000EE  _ADCTM                             lab_5
     000000EE  _PCA0CPL4                          lab_5
     000000EF  G$AD0EN$0$0                        lab_5
     000000EF  G$ADCEN$0$0                        lab_5
     000000EF  G$RSTSRC$0$0                       lab_5
     000000EF  _AD0EN                             lab_5
     000000EF  _ADCEN                             lab_5
     000000EF  _RSTSRC                            lab_5
     000000F0  G$B$0$0                            lab_5
     000000F0  _B                                 lab_5
     000000F1  G$SCON1$0$0                        lab_5
     000000F1  _SCON1                             lab_5
     000000F2  G$SBUF1$0$0                        lab_5
     000000F2  _SBUF1                             lab_5
     000000F3  G$SADDR1$0$0                       lab_5
     000000F3  _SADDR1                            lab_5
     000000F4  G$TL4$0$0                          lab_5
     000000F4  _TL4                               lab_5
     000000F5  G$TH4$0$0                          lab_5
     000000F5  _B_5                               _gptrget
     000000F5  _TH4                               lab_5
     000000F6  G$EIP1$0$0                         lab_5
     000000F6  _B_6                               _gptrget
     000000F6  _EIP1                              lab_5
     000000F7  G$EIP2$0$0                         lab_5
     000000F7  _B_7                               _gptrget
ASxxxx Linker V03.00 + NoICE + sdld,  page 13.
Hexadecimal  [32-Bits]

Area                                    Addr        Size        Decimal Bytes (Attributes)
--------------------------------        ----        ----        ------- ----- ------------
.  .ABS.                            00000000    00000000 =           0. bytes (ABS,CON)

      Value  Global                              Global Defined In Module
      -----  --------------------------------   ------------------------
     000000F7  _EIP2                              lab_5
     000000F8  G$SPI0CN$0$0                       lab_5
     000000F8  G$SPIEN$0$0                        lab_5
     000000F8  _SPI0CN                            lab_5
     000000F8  _SPIEN                             lab_5
     000000F9  G$MSTEN$0$0                        lab_5
     000000F9  G$PCA0H$0$0                        lab_5
     000000F9  _MSTEN                             lab_5
     000000F9  _PCA0H                             lab_5
     000000FA  G$PCA0CPH0$0$0                     lab_5
     000000FA  G$SLVSEL$0$0                       lab_5
     000000FA  _PCA0CPH0                          lab_5
     000000FA  _SLVSEL                            lab_5
     000000FB  G$PCA0CPH1$0$0                     lab_5
     000000FB  G$TXBSY$0$0                        lab_5
     000000FB  _PCA0CPH1                          lab_5
     000000FB  _TXBSY                             lab_5
     000000FC  G$PCA0CPH2$0$0                     lab_5
     000000FC  G$RXOVRN$0$0                       lab_5
     000000FC  _PCA0CPH2                          lab_5
     000000FC  _RXOVRN                            lab_5
     000000FD  G$MODF$0$0                         lab_5
     000000FD  G$PCA0CPH3$0$0                     lab_5
     000000FD  _MODF                              lab_5
     000000FD  _PCA0CPH3                          lab_5
     000000FE  G$PCA0CPH4$0$0                     lab_5
     000000FE  G$WCOL$0$0                         lab_5
     000000FE  _PCA0CPH4                          lab_5
     000000FE  _WCOL                              lab_5
     000000FF  G$SPIF$0$0                         lab_5
     000000FF  G$WDTCN$0$0                        lab_5
     000000FF  _SPIF                              lab_5
     000000FF  _WDTCN                             lab_5
     00008C8A  G$TMR0$0$0                         lab_5
     00008C8A  _TMR0                              lab_5
     00008D8B  G$TMR1$0$0                         lab_5
     00008D8B  _TMR1                              lab_5
     00009392  G$TMR3RL$0$0                       lab_5
     00009392  _TMR3RL                            lab_5
     00009594  G$TMR3$0$0                         lab_5
     00009594  _TMR3                              lab_5
     0000BFBE  G$ADC0$0$0                         lab_5
     0000BFBE  _ADC0                              lab_5
     0000C5C4  G$ADC0GT$0$0                       lab_5
     0000C5C4  _ADC0GT                            lab_5
     0000C7C6  G$ADC0LT$0$0                       lab_5
     0000C7C6  _ADC0LT                            lab_5
     0000CBCA  G$RCAP2$0$0                        lab_5
     0000CBCA  _RCAP2                             lab_5
     0000CDCC  G$TMR2$0$0                         lab_5
     0000CDCC  _TMR2                              lab_5
ASxxxx Linker V03.00 + NoICE + sdld,  page 14.
Hexadecimal  [32-Bits]

Area                                    Addr        Size        Decimal Bytes (Attributes)
--------------------------------        ----        ----        ------- ----- ------------
.  .ABS.                            00000000    00000000 =           0. bytes (ABS,CON)

      Value  Global                              Global Defined In Module
      -----  --------------------------------   ------------------------
     0000D3D2  G$DAC0$0$0                         lab_5
     0000D3D2  _DAC0                              lab_5
     0000D6D5  G$DAC1$0$0                         lab_5
     0000D6D5  _DAC1                              lab_5
     0000E5E4  G$RCAP4$0$0                        lab_5
     0000E5E4  _RCAP4                             lab_5
     0000F5F4  G$TMR4$0$0                         lab_5
     0000F5F4  _TMR4                              lab_5
     0000F9E9  G$PCA0$0$0                         lab_5
     0000F9E9  _PCA0                              lab_5
     0000FAEA  G$PCA0CP0$0$0                      lab_5
     0000FAEA  _PCA0CP0                           lab_5
     0000FBEB  G$PCA0CP1$0$0                      lab_5
     0000FBEB  _PCA0CP1                           lab_5
     0000FCEC  G$PCA0CP2$0$0                      lab_5
     0000FCEC  _PCA0CP2                           lab_5
     0000FDED  G$PCA0CP3$0$0                      lab_5
     0000FDED  _PCA0CP3                           lab_5
     0000FEEE  G$PCA0CP4$0$0                      lab_5
     0000FEEE  _PCA0CP4                           lab_5

ASxxxx Linker V03.00 + NoICE + sdld,  page 15.
Hexadecimal  [32-Bits]

Area                                    Addr        Size        Decimal Bytes (Attributes)
--------------------------------        ----        ----        ------- ----- ------------
BSEG_BYTES                          00000020    00000002 =           2. bytes (REL,CON)

      Value  Global                              Global Defined In Module
      -----  --------------------------------   ------------------------
ASxxxx Linker V03.00 + NoICE + sdld,  page 16.
Hexadecimal  [32-Bits]

Area                                    Addr        Size        Decimal Bytes (Attributes)
--------------------------------        ----        ----        ------- ----- ------------
REG_BANK_0                          00000000    00000008 =           8. bytes (REL,OVR)

      Value  Global                              Global Defined In Module
      -----  --------------------------------   ------------------------
ASxxxx Linker V03.00 + NoICE + sdld,  page 17.
Hexadecimal  [32-Bits]

Area                                    Addr        Size        Decimal Bytes (Attributes)
--------------------------------        ----        ----        ------- ----- ------------
DSEG                                00000000    0000007D =         125. bytes (REL,CON)

      Value  Global                              Global Defined In Module
      -----  --------------------------------   ------------------------
     00000008  _vsprintf_PARM_2                   sprintf
     0000000B  _vsprintf_PARM_3                   sprintf
     0000000F  _bp                                _bp
     00000010  _vprintf_PARM_2                    vprintf
     00000022  G$Data2$0$0                        lab_5
     00000022  _Data2                             lab_5
     00000025  Llab_5.aligned_alloc$size$1$26     lab_5
     00000025  _aligned_alloc_PARM_2              lab_5
     00000027  Llab_5.lcd_clear$NumBytes$1$85     lab_5
     00000028  Llab_5.lcd_clear$Cmd$1$85          lab_5
     0000002A  Llab_5.read_keypad$Data$1$86       lab_5
     0000002C  Llab_5.i2c_write_data$start_reg$   lab_5
     0000002C  _i2c_write_data_PARM_2             lab_5
     0000002D  Llab_5.i2c_write_data$buffer$1$1   lab_5
     0000002D  _i2c_write_data_PARM_3             lab_5
     00000030  Llab_5.i2c_write_data$num_bytes$   lab_5
     00000030  _i2c_write_data_PARM_4             lab_5
     00000031  Llab_5.i2c_read_data$start_reg$1   lab_5
     00000031  _i2c_read_data_PARM_2              lab_5
     00000032  Llab_5.i2c_read_data$buffer$1$10   lab_5
     00000032  _i2c_read_data_PARM_3              lab_5
     00000035  Llab_5.i2c_read_data$num_bytes$1   lab_5
     00000035  _i2c_read_data_PARM_4              lab_5
     00000036  G$MOTOR_STOP$0$0                   lab_5
     00000036  _MOTOR_STOP                        lab_5
     00000038  G$MOTOR_MAX$0$0                    lab_5
     00000038  _MOTOR_MAX                         lab_5
     0000003A  G$MOTOR_MIN$0$0                    lab_5
     0000003A  _MOTOR_MIN                         lab_5
     0000003C  G$MOTOR_PW$0$0                     lab_5
     0000003C  _MOTOR_PW                          lab_5
     0000003E  G$SERVO_CENTER$0$0                 lab_5
     0000003E  _SERVO_CENTER                      lab_5
     00000040  G$SERVO_RIGHT$0$0                  lab_5
     00000040  _SERVO_RIGHT                       lab_5
     00000042  G$SERVO_LEFT$0$0                   lab_5
     00000042  _SERVO_LEFT                        lab_5
     00000044  G$SERVO_PW$0$0                     lab_5
     00000044  _SERVO_PW                          lab_5
     00000046  G$new_accel$0$0                    lab_5
     00000046  _new_accel                         lab_5
     00000047  G$new_lcd$0$0                      lab_5
     00000047  _new_lcd                           lab_5
     00000048  G$range$0$0                        lab_5
     00000048  _range                             lab_5
     0000004A  G$a_count$0$0                      lab_5
     0000004A  _a_count                           lab_5
     0000004B  G$lcd_count$0$0                    lab_5
     0000004B  _lcd_count                         lab_5
     0000004C  G$Data$0$0                         lab_5
ASxxxx Linker V03.00 + NoICE + sdld,  page 18.
Hexadecimal  [32-Bits]

Area                                    Addr        Size        Decimal Bytes (Attributes)
--------------------------------        ----        ----        ------- ----- ------------
DSEG                                00000000    0000007D =         125. bytes (REL,CON)

      Value  Global                              Global Defined In Module
      -----  --------------------------------   ------------------------
     0000004C  _Data                              lab_5
     00000050  G$gx$0$0                           lab_5
     00000050  _gx                                lab_5
     00000052  G$gy$0$0                           lab_5
     00000052  _gy                                lab_5
     00000054  G$x0$0$0                           lab_5
     00000054  _x0                                lab_5
     00000056  G$y0$0$0                           lab_5
     00000056  _y0                                lab_5
     00000058  G$ks$0$0                           lab_5
     00000058  _ks                                lab_5
     00000059  G$kdx$0$0                          lab_5
     00000059  _kdx                               lab_5
     0000005A  G$kdy$0$0                          lab_5
     0000005A  _kdy                               lab_5
     0000005B  G$levelflag$0$0                    lab_5
     0000005B  _levelflag                         lab_5
     0000005C  G$nCounts$0$0                      lab_5
     0000005C  _nCounts                           lab_5
     0000005E  G$direction$0$0                    lab_5
     0000005E  _direction                         lab_5
     0000005F  G$Constant$0$0                     lab_5
     0000005F  _Constant                          lab_5
     00000061  G$avg_gx$0$0                       lab_5
     00000061  _avg_gx                            lab_5
     00000063  G$avg_gy$0$0                       lab_5
     00000063  _avg_gy                            lab_5
     00000065  Llab_5.read_AD_input$cast$1$166    lab_5
     00000065  _read_AD_input_PARM_2              lab_5
     00000072  __print_format_PARM_2              printf_large
     00000075  __print_format_PARM_3              printf_large
     00000078  __print_format_PARM_4              printf_large

ASxxxx Linker V03.00 + NoICE + sdld,  page 19.
Hexadecimal  [32-Bits]

Area                                    Addr        Size        Decimal Bytes (Attributes)
--------------------------------        ----        ----        ------- ----- ------------
OSEG                                00000011    00000006 =           6. bytes (REL,OVR)

      Value  Global                              Global Defined In Module
      -----  --------------------------------   ------------------------
     00000011  __divsint_PARM_2                   _divuint
     00000011  __divuint_PARM_2                   _divuint
     00000011  __gptrput_PARM_2                   _gptrput
     00000011  __mulint_PARM_2                    _mulint

ASxxxx Linker V03.00 + NoICE + sdld,  page 20.
Hexadecimal  [32-Bits]

Area                                    Addr        Size        Decimal Bytes (Attributes)
--------------------------------        ----        ----        ------- ----- ------------
ISEG                                00000017    00000006 =           6. bytes (REL,CON)

      Value  Global                              Global Defined In Module
      -----  --------------------------------   ------------------------
ASxxxx Linker V03.00 + NoICE + sdld,  page 21.
Hexadecimal  [32-Bits]

Area                                    Addr        Size        Decimal Bytes (Attributes)
--------------------------------        ----        ----        ------- ----- ------------
SSEG                                00000080    00000080 =         128. bytes (REL,OVR)

      Value  Global                              Global Defined In Module
      -----  --------------------------------   ------------------------
     00000080  __start__stack                     lab_5

ASxxxx Linker V03.00 + NoICE + sdld,  page 22.
Hexadecimal  [32-Bits]

Area                                    Addr        Size        Decimal Bytes (Attributes)
--------------------------------        ----        ----        ------- ----- ------------
XSEG                                00000001    00000050 =          80. bytes (REL,CON,XDATA)

      Value  Global                              Global Defined In Module
      -----  --------------------------------   ------------------------
D:   00000001  Llab_5.lcd_print$text$1$81         lab_5

ASxxxx Linker V03.00 + NoICE + sdld,  page 23.
Hexadecimal  [32-Bits]

Area                                    Addr        Size        Decimal Bytes (Attributes)
--------------------------------        ----        ----        ------- ----- ------------
HOME                                00000000    00000051 =          81. bytes (REL,CON,CODE)

      Value  Global                              Global Defined In Module
      -----  --------------------------------   ------------------------
C:   00000000  A$lab-5$1149                       lab_5
C:   00000003  A$lab-5$1150                       lab_5
C:   0000000B  A$lab-5$1152                       lab_5
C:   00000013  A$lab-5$1154                       lab_5
C:   0000001B  A$lab-5$1156                       lab_5
C:   00000023  A$lab-5$1158                       lab_5
C:   0000002B  A$lab-5$1160                       lab_5
C:   00000033  A$lab-5$1162                       lab_5
C:   0000003B  A$lab-5$1164                       lab_5
C:   00000043  A$lab-5$1166                       lab_5
C:   0000004B  A$lab-5$1168                       lab_5
C:   0000004E  A$lab-5$1259                       lab_5
C:   0000004E  __sdcc_program_startup             lab_5

ASxxxx Linker V03.00 + NoICE + sdld,  page 24.
Hexadecimal  [32-Bits]

Area                                    Addr        Size        Decimal Bytes (Attributes)
--------------------------------        ----        ----        ------- ----- ------------
GSINIT0                             00000051    00000003 =           3. bytes (REL,CON,CODE)

      Value  Global                              Global Defined In Module
      -----  --------------------------------   ------------------------
C:   00000051  __sdcc_gsinit_startup              

ASxxxx Linker V03.00 + NoICE + sdld,  page 25.
Hexadecimal  [32-Bits]

Area                                    Addr        Size        Decimal Bytes (Attributes)
--------------------------------        ----        ----        ------- ----- ------------
GSINIT2                             00000054    0000000A =          10. bytes (REL,CON,CODE)

      Value  Global                              Global Defined In Module
      -----  --------------------------------   ------------------------
ASxxxx Linker V03.00 + NoICE + sdld,  page 26.
Hexadecimal  [32-Bits]

Area                                    Addr        Size        Decimal Bytes (Attributes)
--------------------------------        ----        ----        ------- ----- ------------
GSINIT3                             0000005E    00000022 =          34. bytes (REL,CON,CODE)

      Value  Global                              Global Defined In Module
      -----  --------------------------------   ------------------------
C:   0000005E  __mcs51_genXINIT                   

ASxxxx Linker V03.00 + NoICE + sdld,  page 27.
Hexadecimal  [32-Bits]

Area                                    Addr        Size        Decimal Bytes (Attributes)
--------------------------------        ----        ----        ------- ----- ------------
GSINIT4                             00000080    0000002A =          42. bytes (REL,CON,CODE)

      Value  Global                              Global Defined In Module
      -----  --------------------------------   ------------------------
C:   00000080  __mcs51_genRAMCLEAR                
C:   00000086  __mcs51_genXRAMCLEAR               

ASxxxx Linker V03.00 + NoICE + sdld,  page 28.
Hexadecimal  [32-Bits]

Area                                    Addr        Size        Decimal Bytes (Attributes)
--------------------------------        ----        ----        ------- ----- ------------
GSINIT                              000000AA    0000004D =          77. bytes (REL,CON,CODE)

      Value  Global                              Global Defined In Module
      -----  --------------------------------   ------------------------
C:   000000AA  A$lab-5$1184                       lab_5
C:   000000AA  C$lab_5.c$29$1$197                 lab_5
C:   000000AD  A$lab-5$1185                       lab_5
C:   000000B0  A$lab-5$1188                       lab_5
C:   000000B0  C$lab_5.c$30$1$197                 lab_5
C:   000000B3  A$lab-5$1189                       lab_5
C:   000000B6  A$lab-5$1192                       lab_5
C:   000000B6  C$lab_5.c$31$1$197                 lab_5
C:   000000B9  A$lab-5$1193                       lab_5
C:   000000BC  A$lab-5$1196                       lab_5
C:   000000BC  C$lab_5.c$32$1$197                 lab_5
C:   000000BD  A$lab-5$1197                       lab_5
C:   000000BF  A$lab-5$1198                       lab_5
C:   000000C1  A$lab-5$1201                       lab_5
C:   000000C1  C$lab_5.c$33$1$197                 lab_5
C:   000000C4  A$lab-5$1202                       lab_5
C:   000000C7  A$lab-5$1205                       lab_5
C:   000000C7  C$lab_5.c$34$1$197                 lab_5
C:   000000CA  A$lab-5$1206                       lab_5
C:   000000CD  A$lab-5$1209                       lab_5
C:   000000CD  C$lab_5.c$35$1$197                 lab_5
C:   000000D0  A$lab-5$1210                       lab_5
C:   000000D3  A$lab-5$1213                       lab_5
C:   000000D3  C$lab_5.c$36$1$197                 lab_5
C:   000000D5  A$lab-5$1214                       lab_5
C:   000000D7  A$lab-5$1218                       lab_5
C:   000000D7  C$lab_5.c$38$1$197                 lab_5
C:   000000D9  A$lab-5$1222                       lab_5
C:   000000D9  C$lab_5.c$39$1$197                 lab_5
C:   000000DB  A$lab-5$1225                       lab_5
C:   000000DB  C$lab_5.c$44$1$197                 lab_5
C:   000000DD  A$lab-5$1226                       lab_5
C:   000000DF  A$lab-5$1229                       lab_5
C:   000000DF  C$lab_5.c$45$1$197                 lab_5
C:   000000E1  A$lab-5$1230                       lab_5
C:   000000E3  A$lab-5$1233                       lab_5
C:   000000E3  C$lab_5.c$46$1$197                 lab_5
C:   000000E5  A$lab-5$1234                       lab_5
C:   000000E7  A$lab-5$1237                       lab_5
C:   000000E7  C$lab_5.c$47$1$197                 lab_5
C:   000000E9  A$lab-5$1238                       lab_5
C:   000000EB  A$lab-5$1241                       lab_5
C:   000000EB  C$lab_5.c$51$1$197                 lab_5
C:   000000EE  A$lab-5$1244                       lab_5
C:   000000EE  C$lab_5.c$52$1$197                 lab_5
C:   000000F0  A$lab-5$1245                       lab_5
C:   000000F2  A$lab-5$1248                       lab_5
C:   000000F2  C$lab_5.c$54$1$197                 lab_5
C:   000000F5  A$lab-5$1250                       lab_5

ASxxxx Linker V03.00 + NoICE + sdld,  page 29.
Hexadecimal  [32-Bits]

Area                                    Addr        Size        Decimal Bytes (Attributes)
--------------------------------        ----        ----        ------- ----- ------------
GSFINAL                             000000F7    00000003 =           3. bytes (REL,CON,CODE)

      Value  Global                              Global Defined In Module
      -----  --------------------------------   ------------------------
C:   000000F7  A$lab-5$1252                       lab_5

ASxxxx Linker V03.00 + NoICE + sdld,  page 30.
Hexadecimal  [32-Bits]

Area                                    Addr        Size        Decimal Bytes (Attributes)
--------------------------------        ----        ----        ------- ----- ------------
CSEG                                000000FA    00001878 =        6264. bytes (REL,CON,CODE)

      Value  Global                              Global Defined In Module
      -----  --------------------------------   ------------------------
C:   000000FA  A$lab-5$1287                       lab_5
C:   000000FA  C$c8051_SDCC.h$62$0$0              lab_5
C:   000000FA  C$c8051_SDCC.h$66$1$2              lab_5
C:   000000FA  G$SYSCLK_Init$0$0                  lab_5
C:   000000FA  _SYSCLK_Init                       lab_5
C:   000000FD  A$lab-5$1290                       lab_5
C:   000000FD  C$c8051_SDCC.h$69$1$2              lab_5
C:   000000FF  A$lab-5$1291                       lab_5
C:   00000101  A$lab-5$1293                       lab_5
C:   00000102  A$lab-5$1294                       lab_5
C:   00000104  A$lab-5$1295                       lab_5
C:   00000105  A$lab-5$1296                       lab_5
C:   00000106  A$lab-5$1297                       lab_5
C:   00000108  A$lab-5$1298                       lab_5
C:   00000109  A$lab-5$1299                       lab_5
C:   0000010B  A$lab-5$1300                       lab_5
C:   0000010D  A$lab-5$1301                       lab_5
C:   0000010E  A$lab-5$1302                       lab_5
C:   0000010F  A$lab-5$1303                       lab_5
C:   00000111  A$lab-5$1307                       lab_5
C:   00000111  C$c8051_SDCC.h$71$1$2              lab_5
C:   00000113  A$lab-5$1308                       lab_5
C:   00000116  A$lab-5$1311                       lab_5
C:   00000116  C$c8051_SDCC.h$73$1$2              lab_5
C:   00000119  A$lab-5$1314                       lab_5
C:   00000119  C$c8051_SDCC.h$76$1$2              lab_5
C:   00000119  XG$SYSCLK_Init$0$0                 lab_5
C:   0000011A  A$lab-5$1327                       lab_5
C:   0000011A  C$c8051_SDCC.h$84$1$2              lab_5
C:   0000011A  C$c8051_SDCC.h$86$1$4              lab_5
C:   0000011A  G$UART0_Init$0$0                   lab_5
C:   0000011A  _UART0_Init                        lab_5
C:   0000011D  A$lab-5$1330                       lab_5
C:   0000011D  C$c8051_SDCC.h$87$1$4              lab_5
C:   00000120  A$lab-5$1333                       lab_5
C:   00000120  C$c8051_SDCC.h$88$1$4              lab_5
C:   00000123  A$lab-5$1336                       lab_5
C:   00000123  C$c8051_SDCC.h$89$1$4              lab_5
C:   00000125  A$lab-5$1339                       lab_5
C:   00000125  C$c8051_SDCC.h$90$1$4              lab_5
C:   00000128  A$lab-5$1342                       lab_5
C:   00000128  C$c8051_SDCC.h$91$1$4              lab_5
C:   0000012B  A$lab-5$1345                       lab_5
C:   0000012B  C$c8051_SDCC.h$93$1$4              lab_5
C:   0000012D  A$lab-5$1348                       lab_5
C:   0000012D  C$c8051_SDCC.h$94$1$4              lab_5
C:   00000130  A$lab-5$1351                       lab_5
C:   00000130  C$c8051_SDCC.h$95$1$4              lab_5
C:   00000130  XG$UART0_Init$0$0                  lab_5
C:   00000131  A$lab-5$1364                       lab_5
ASxxxx Linker V03.00 + NoICE + sdld,  page 31.
Hexadecimal  [32-Bits]

Area                                    Addr        Size        Decimal Bytes (Attributes)
--------------------------------        ----        ----        ------- ----- ------------
CSEG                                000000FA    00001878 =        6264. bytes (REL,CON,CODE)

      Value  Global                              Global Defined In Module
      -----  --------------------------------   ------------------------
C:   00000131  C$c8051_SDCC.h$103$1$4             lab_5
C:   00000131  C$c8051_SDCC.h$105$1$6             lab_5
C:   00000131  G$Sys_Init$0$0                     lab_5
C:   00000131  _Sys_Init                          lab_5
C:   00000134  A$lab-5$1367                       lab_5
C:   00000134  C$c8051_SDCC.h$106$1$6             lab_5
C:   00000137  A$lab-5$1370                       lab_5
C:   00000137  C$c8051_SDCC.h$108$1$6             lab_5
C:   0000013A  A$lab-5$1373                       lab_5
C:   0000013A  C$c8051_SDCC.h$109$1$6             lab_5
C:   0000013D  A$lab-5$1376                       lab_5
C:   0000013D  C$c8051_SDCC.h$111$1$6             lab_5
C:   00000140  A$lab-5$1379                       lab_5
C:   00000140  C$c8051_SDCC.h$112$1$6             lab_5
C:   00000143  A$lab-5$1382                       lab_5
C:   00000143  C$c8051_SDCC.h$113$1$6             lab_5
C:   00000143  XG$Sys_Init$0$0                    lab_5
C:   00000144  A$lab-5$1395                       lab_5
C:   00000144  C$c8051_SDCC.h$129$1$6             lab_5
C:   00000144  G$putchar$0$0                      lab_5
C:   00000144  _putchar                           lab_5
C:   00000146  A$lab-5$1401                       lab_5
C:   00000146  C$c8051_SDCC.h$132$1$8             lab_5
C:   00000146  C$c8051_SDCC.h$133$1$8             lab_5
C:   00000149  A$lab-5$1402                       lab_5
C:   0000014B  A$lab-5$1406                       lab_5
C:   0000014B  C$c8051_SDCC.h$134$1$8             lab_5
C:   0000014D  A$lab-5$1409                       lab_5
C:   0000014D  C$c8051_SDCC.h$135$1$8             lab_5
C:   0000014D  XG$putchar$0$0                     lab_5
C:   0000014E  A$lab-5$1427                       lab_5
C:   0000014E  C$c8051_SDCC.h$154$1$8             lab_5
C:   0000014E  C$c8051_SDCC.h$157$1$10            lab_5
C:   0000014E  C$c8051_SDCC.h$158$1$10            lab_5
C:   0000014E  G$getchar$0$0                      lab_5
C:   00000151  A$lab-5$1428                       lab_5
C:   00000153  A$lab-5$1432                       lab_5
C:   00000153  C$c8051_SDCC.h$159$1$10            lab_5
C:   00000155  A$lab-5$1435                       lab_5
C:   00000155  C$c8051_SDCC.h$160$1$10            lab_5
C:   00000157  A$lab-5$1436                       lab_5
C:   00000159  A$lab-5$1437                       lab_5
C:   0000015C  A$lab-5$1438                       lab_5
C:   0000015E  A$lab-5$1441                       lab_5
C:   0000015E  C$c8051_SDCC.h$161$1$10            lab_5
C:   00000160  A$lab-5$1444                       lab_5
C:   00000160  C$c8051_SDCC.h$162$1$10            lab_5
C:   00000160  XG$getchar$0$0                     lab_5
C:   00000161  A$lab-5$1459                       lab_5
C:   00000161  C$c8051_SDCC.h$168$1$10            lab_5
C:   00000161  C$c8051_SDCC.h$171$1$12            lab_5
ASxxxx Linker V03.00 + NoICE + sdld,  page 32.
Hexadecimal  [32-Bits]

Area                                    Addr        Size        Decimal Bytes (Attributes)
--------------------------------        ----        ----        ------- ----- ------------
CSEG                                000000FA    00001878 =        6264. bytes (REL,CON,CODE)

      Value  Global                              Global Defined In Module
      -----  --------------------------------   ------------------------
C:   00000161  G$getchar_nw$0$0                   lab_5
C:   00000161  _getchar_nw                        lab_5
C:   00000164  A$lab-5$1460                       lab_5
C:   00000167  A$lab-5$1461                       lab_5
C:   00000169  A$lab-5$1465                       lab_5
C:   00000169  C$c8051_SDCC.h$174$2$13            lab_5
C:   0000016B  A$lab-5$1468                       lab_5
C:   0000016B  C$c8051_SDCC.h$175$2$13            lab_5
C:   0000016E  A$lab-5$1471                       lab_5
C:   0000016E  C$c8051_SDCC.h$176$2$13            lab_5
C:   00000171  A$lab-5$1474                       lab_5
C:   00000171  C$c8051_SDCC.h$177$2$13            lab_5
C:   00000174  A$lab-5$1478                       lab_5
C:   00000174  C$c8051_SDCC.h$179$1$12            lab_5
C:   00000174  XG$getchar_nw$0$0                  lab_5
C:   00000175  A$lab-5$1495                       lab_5
C:   00000175  C$i2c.h$84$1$12                    lab_5
C:   00000175  G$lcd_print$0$0                    lab_5
C:   00000175  _lcd_print                         lab_5
C:   00000177  A$lab-5$1496                       lab_5
C:   0000017A  A$lab-5$1499                       lab_5
C:   0000017A  C$i2c.h$90$1$81                    lab_5
C:   0000017C  A$lab-5$1500                       lab_5
C:   0000017E  A$lab-5$1501                       lab_5
C:   0000017F  A$lab-5$1502                       lab_5
C:   00000181  A$lab-5$1503                       lab_5
C:   00000182  A$lab-5$1504                       lab_5
C:   00000184  A$lab-5$1505                       lab_5
C:   00000185  A$lab-5$1506                       lab_5
C:   00000187  A$lab-5$1507                       lab_5
C:   0000018A  A$lab-5$1508                       lab_5
C:   0000018C  A$lab-5$1509                       lab_5
C:   0000018F  A$lab-5$1510                       lab_5
C:   00000191  A$lab-5$1511                       lab_5
C:   00000193  A$lab-5$1512                       lab_5
C:   00000195  A$lab-5$1516                       lab_5
C:   00000195  C$i2c.h$92$2$82                    lab_5
C:   00000197  A$lab-5$1517                       lab_5
C:   00000199  A$lab-5$1518                       lab_5
C:   0000019A  A$lab-5$1519                       lab_5
C:   0000019C  A$lab-5$1522                       lab_5
C:   0000019C  C$i2c.h$93$1$81                    lab_5
C:   0000019E  A$lab-5$1523                       lab_5
C:   000001A0  A$lab-5$1524                       lab_5
C:   000001A1  A$lab-5$1525                       lab_5
C:   000001A3  A$lab-5$1526                       lab_5
C:   000001A4  A$lab-5$1527                       lab_5
C:   000001A6  A$lab-5$1528                       lab_5
C:   000001A7  A$lab-5$1529                       lab_5
C:   000001A9  A$lab-5$1530                       lab_5
C:   000001AC  A$lab-5$1531                       lab_5
ASxxxx Linker V03.00 + NoICE + sdld,  page 33.
Hexadecimal  [32-Bits]

Area                                    Addr        Size        Decimal Bytes (Attributes)
--------------------------------        ----        ----        ------- ----- ------------
CSEG                                000000FA    00001878 =        6264. bytes (REL,CON,CODE)

      Value  Global                              Global Defined In Module
      -----  --------------------------------   ------------------------
C:   000001AF  A$lab-5$1532                       lab_5
C:   000001B2  A$lab-5$1535                       lab_5
C:   000001B2  C$i2c.h$96$1$81                    lab_5
C:   000001B5  A$lab-5$1536                       lab_5
C:   000001B8  A$lab-5$1537                       lab_5
C:   000001BB  A$lab-5$1538                       lab_5
C:   000001BD  A$lab-5$1541                       lab_5
C:   000001BF  A$lab-5$1543                       lab_5
C:   000001C0  A$lab-5$1544                       lab_5
C:   000001C1  A$lab-5$1545                       lab_5
C:   000001C2  A$lab-5$1546                       lab_5
C:   000001C4  A$lab-5$1549                       lab_5
C:   000001C4  C$i2c.h$99$2$84                    lab_5
C:   000001C5  A$lab-5$1550                       lab_5
C:   000001C7  A$lab-5$1551                       lab_5
C:   000001C9  A$lab-5$1552                       lab_5
C:   000001CA  A$lab-5$1553                       lab_5
C:   000001CC  A$lab-5$1554                       lab_5
C:   000001CE  A$lab-5$1555                       lab_5
C:   000001CF  A$lab-5$1556                       lab_5
C:   000001D0  A$lab-5$1557                       lab_5
C:   000001D3  A$lab-5$1558                       lab_5
C:   000001D4  A$lab-5$1559                       lab_5
C:   000001D6  A$lab-5$1560                       lab_5
C:   000001D8  A$lab-5$1561                       lab_5
C:   000001D9  A$lab-5$1562                       lab_5
C:   000001DB  A$lab-5$1563                       lab_5
C:   000001DD  A$lab-5$1564                       lab_5
C:   000001DF  A$lab-5$1565                       lab_5
C:   000001E0  A$lab-5$1569                       lab_5
C:   000001E0  C$i2c.h$97$1$81                    lab_5
C:   000001E1  A$lab-5$1570                       lab_5
C:   000001E3  A$lab-5$1574                       lab_5
C:   000001E3  C$i2c.h$102$1$81                   lab_5
C:   000001E6  A$lab-5$1575                       lab_5
C:   000001E9  A$lab-5$1576                       lab_5
C:   000001EC  A$lab-5$1577                       lab_5
C:   000001EF  A$lab-5$1578                       lab_5
C:   000001F1  A$lab-5$1579                       lab_5
C:   000001F4  A$lab-5$1580                       lab_5
C:   000001F7  A$lab-5$1582                       lab_5
C:   000001F9  A$lab-5$1585                       lab_5
C:   000001F9  C$i2c.h$103$1$81                   lab_5
C:   000001F9  XG$lcd_print$0$0                   lab_5
C:   000001FA  A$lab-5$1601                       lab_5
C:   000001FA  C$i2c.h$106$1$81                   lab_5
C:   000001FA  C$i2c.h$108$1$81                   lab_5
C:   000001FA  G$lcd_clear$0$0                    lab_5
C:   000001FA  _lcd_clear                         lab_5
C:   000001FD  A$lab-5$1605                       lab_5
C:   000001FD  C$i2c.h$110$1$85                   lab_5
ASxxxx Linker V03.00 + NoICE + sdld,  page 34.
Hexadecimal  [32-Bits]

Area                                    Addr        Size        Decimal Bytes (Attributes)
--------------------------------        ----        ----        ------- ----- ------------
CSEG                                000000FA    00001878 =        6264. bytes (REL,CON,CODE)

      Value  Global                              Global Defined In Module
      -----  --------------------------------   ------------------------
C:   000001FF  A$lab-5$1606                       lab_5
C:   00000201  A$lab-5$1607                       lab_5
C:   00000203  A$lab-5$1608                       lab_5
C:   00000206  A$lab-5$1609                       lab_5
C:   00000209  A$lab-5$1610                       lab_5
C:   0000020C  A$lab-5$1611                       lab_5
C:   0000020F  A$lab-5$1612                       lab_5
C:   00000212  A$lab-5$1613                       lab_5
C:   00000215  A$lab-5$1614                       lab_5
C:   00000218  A$lab-5$1615                       lab_5
C:   0000021A  A$lab-5$1619                       lab_5
C:   0000021A  C$i2c.h$112$1$85                   lab_5
C:   0000021D  A$lab-5$1622                       lab_5
C:   0000021D  C$i2c.h$113$1$85                   lab_5
C:   00000220  A$lab-5$1623                       lab_5
C:   00000223  A$lab-5$1624                       lab_5
C:   00000226  A$lab-5$1625                       lab_5
C:   00000229  A$lab-5$1626                       lab_5
C:   0000022C  A$lab-5$1627                       lab_5
C:   0000022F  A$lab-5$1628                       lab_5
C:   00000232  A$lab-5$1631                       lab_5
C:   00000232  C$i2c.h$114$1$85                   lab_5
C:   00000232  XG$lcd_clear$0$0                   lab_5
C:   00000233  A$lab-5$1647                       lab_5
C:   00000233  C$i2c.h$117$1$85                   lab_5
C:   00000233  C$i2c.h$121$1$86                   lab_5
C:   00000233  G$read_keypad$0$0                  lab_5
C:   00000233  _read_keypad                       lab_5
C:   00000236  A$lab-5$1648                       lab_5
C:   00000239  A$lab-5$1649                       lab_5
C:   0000023C  A$lab-5$1650                       lab_5
C:   0000023F  A$lab-5$1651                       lab_5
C:   00000242  A$lab-5$1652                       lab_5
C:   00000245  A$lab-5$1653                       lab_5
C:   00000248  A$lab-5$1656                       lab_5
C:   00000248  C$i2c.h$122$1$86                   lab_5
C:   0000024A  A$lab-5$1657                       lab_5
C:   0000024D  A$lab-5$1658                       lab_5
C:   00000250  A$lab-5$1659                       lab_5
C:   00000252  A$lab-5$1663                       lab_5
C:   00000254  A$lab-5$1664                       lab_5
C:   00000256  A$lab-5$1668                       lab_5
C:   00000256  C$i2c.h$126$2$87                   lab_5
C:   00000258  A$lab-5$1669                       lab_5
C:   0000025A  A$lab-5$1670                       lab_5
C:   0000025C  A$lab-5$1671                       lab_5
C:   0000025E  A$lab-5$1672                       lab_5
C:   00000260  A$lab-5$1674                       lab_5
C:   00000261  A$lab-5$1675                       lab_5
C:   00000262  A$lab-5$1676                       lab_5
C:   00000263  A$lab-5$1677                       lab_5
ASxxxx Linker V03.00 + NoICE + sdld,  page 35.
Hexadecimal  [32-Bits]

Area                                    Addr        Size        Decimal Bytes (Attributes)
--------------------------------        ----        ----        ------- ----- ------------
CSEG                                000000FA    00001878 =        6264. bytes (REL,CON,CODE)

      Value  Global                              Global Defined In Module
      -----  --------------------------------   ------------------------
C:   00000264  A$lab-5$1678                       lab_5
C:   00000265  A$lab-5$1679                       lab_5
C:   00000266  A$lab-5$1681                       lab_5
C:   00000269  A$lab-5$1682                       lab_5
C:   0000026B  A$lab-5$1683                       lab_5
C:   0000026D  A$lab-5$1684                       lab_5
C:   0000026E  A$lab-5$1685                       lab_5
C:   00000270  A$lab-5$1686                       lab_5
C:   00000271  A$lab-5$1687                       lab_5
C:   00000273  A$lab-5$1688                       lab_5
C:   00000274  A$lab-5$1689                       lab_5
C:   00000275  A$lab-5$1690                       lab_5
C:   00000277  A$lab-5$1693                       lab_5
C:   00000277  C$i2c.h$127$2$87                   lab_5
C:   00000279  A$lab-5$1694                       lab_5
C:   0000027A  A$lab-5$1695                       lab_5
C:   0000027C  A$lab-5$1696                       lab_5
C:   0000027E  A$lab-5$1700                       lab_5
C:   0000027E  C$i2c.h$124$1$86                   lab_5
C:   0000027F  A$lab-5$1701                       lab_5
C:   00000281  A$lab-5$1702                       lab_5
C:   00000284  A$lab-5$1704                       lab_5
C:   00000286  A$lab-5$1707                       lab_5
C:   00000286  C$i2c.h$130$1$86                   lab_5
C:   00000288  A$lab-5$1708                       lab_5
C:   0000028B  A$lab-5$1709                       lab_5
C:   0000028E  A$lab-5$1710                       lab_5
C:   00000290  A$lab-5$1714                       lab_5
C:   00000290  C$i2c.h$132$1$86                   lab_5
C:   00000292  A$lab-5$1715                       lab_5
C:   00000295  A$lab-5$1716                       lab_5
C:   00000298  A$lab-5$1717                       lab_5
C:   0000029A  A$lab-5$1721                       lab_5
C:   0000029A  C$i2c.h$134$1$86                   lab_5
C:   0000029C  A$lab-5$1722                       lab_5
C:   0000029F  A$lab-5$1723                       lab_5
C:   000002A2  A$lab-5$1724                       lab_5
C:   000002A4  A$lab-5$1728                       lab_5
C:   000002A4  C$i2c.h$136$1$86                   lab_5
C:   000002A6  A$lab-5$1729                       lab_5
C:   000002A9  A$lab-5$1730                       lab_5
C:   000002AC  A$lab-5$1731                       lab_5
C:   000002AE  A$lab-5$1735                       lab_5
C:   000002AE  C$i2c.h$138$1$86                   lab_5
C:   000002B1  A$lab-5$1739                       lab_5
C:   000002B1  C$i2c.h$139$1$86                   lab_5
C:   000002B1  XG$read_keypad$0$0                 lab_5
C:   000002B2  A$lab-5$1755                       lab_5
[...]
C:   0000100C  C$lab_5.c$577$3$212                lab_5
C:   0000100F  A$lab-5$4548                       lab_5
C:   0000100F  C$lab_5.c$578$4$216                lab_5
C:   00001012  A$lab-5$4551                       lab_5
C:   00001012  C$lab_5.c$579$4$216                lab_5
C:   00001014  A$lab-5$4552                       lab_5
C:   00001016  A$lab-5$4553                       lab_5
C:   00001018  A$lab-5$4554                       lab_5
C:   0000101A  A$lab-5$4555                       lab_5
C:   0000101C  A$lab-5$4556                       lab_5
C:   0000101E  A$lab-5$4557                       lab_5
C:   00001021  A$lab-5$4558                       lab_5
C:   00001023  A$lab-5$4559                       lab_5
C:   00001025  A$lab-5$4560                       lab_5
C:   00001027  A$lab-5$4563                       lab_5
C:   00001027  C$lab_5.c$580$4$216                lab_5
C:   00001029  A$lab-5$4564                       lab_5
C:   0000102B  A$lab-5$4565                       lab_5
C:   0000102D  A$lab-5$4566                       lab_5
C:   0000102F  A$lab-5$4567                       lab_5
C:   00001031  A$lab-5$4568                       lab_5
C:   00001033  A$lab-5$4569                       lab_5
C:   00001036  A$lab-5$4570                       lab_5
C:   00001038  A$lab-5$4571                       lab_5
C:   0000103A  A$lab-5$4572                       lab_5
C:   0000103C  A$lab-5$4575                       lab_5
C:   0000103C  C$lab_5.c$581$4$216                lab_5
C:   0000103F  A$lab-5$4578                       lab_5
C:   0000103F  C$lab_5.c$582$4$216                lab_5
C:   00001042  A$lab-5$4581                       lab_5
C:   00001042  C$lab_5.c$583$4$216                lab_5
C:   00001045  A$lab-5$4585                       lab_5
C:   00001045  C$lab_5.c$585$3$212                lab_5
C:   00001048  A$lab-5$4586                       lab_5
C:   0000104A  A$lab-5$4588                       lab_5
C:   0000104D  A$lab-5$4592                       lab_5
C:   0000104D  C$lab_5.c$587$4$217                lab_5
C:   00001050  A$lab-5$4595                       lab_5
C:   00001050  C$lab_5.c$588$4$217                lab_5
C:   00001052  A$lab-5$4596                       lab_5
C:   00001054  A$lab-5$4597                       lab_5
C:   00001056  A$lab-5$4598                       lab_5
C:   00001058  A$lab-5$4599                       lab_5
C:   0000105A  A$lab-5$4600                       lab_5
C:   0000105C  A$lab-5$4601                       lab_5
C:   0000105F  A$lab-5$4602                       lab_5
ASxxxx Linker V03.00 + NoICE + sdld,  page 78.
Hexadecimal  [32-Bits]

Area                                    Addr        Size        Decimal Bytes (Attributes)
--------------------------------        ----        ----        ------- ----- ------------
CSEG                                000000FA    00001878 =        6264. bytes (REL,CON,CODE)

      Value  Global                              Global Defined In Module
      -----  --------------------------------   ------------------------
C:   00001061  A$lab-5$4603                       lab_5
C:   00001063  A$lab-5$4604                       lab_5
C:   00001065  A$lab-5$4610                       lab_5
C:   00001065  C$lab_5.c$589$4$217                lab_5
C:   00001065  C$lab_5.c$590$5$218                lab_5
C:   00001068  A$lab-5$4611                       lab_5
C:   0000106A  A$lab-5$4614                       lab_5
C:   0000106A  C$lab_5.c$591$5$218                lab_5
C:   0000106C  A$lab-5$4615                       lab_5
C:   0000106F  A$lab-5$4616                       lab_5
C:   00001071  A$lab-5$4619                       lab_5
C:   00001071  C$lab_5.c$592$5$218                lab_5
C:   00001074  A$lab-5$4620                       lab_5
C:   00001076  A$lab-5$4625                       lab_5
C:   00001076  C$lab_5.c$593$6$219                lab_5
C:   00001078  A$lab-5$4626                       lab_5
C:   0000107B  A$lab-5$4627                       lab_5
C:   0000107D  A$lab-5$4628                       lab_5
C:   0000107F  A$lab-5$4629                       lab_5
C:   00001082  A$lab-5$4632                       lab_5
C:   00001082  C$lab_5.c$594$6$219                lab_5
C:   00001084  A$lab-5$4633                       lab_5
C:   00001087  A$lab-5$4634                       lab_5
C:   00001089  A$lab-5$4637                       lab_5
C:   00001089  C$lab_5.c$595$6$219                lab_5
C:   0000108A  A$lab-5$4638                       lab_5
C:   0000108C  A$lab-5$4639                       lab_5
C:   0000108F  A$lab-5$4640                       lab_5
C:   00001090  A$lab-5$4643                       lab_5
C:   00001090  C$lab_5.c$596$6$219                lab_5
C:   00001091  A$lab-5$4644                       lab_5
C:   00001092  A$lab-5$4645                       lab_5
C:   00001094  A$lab-5$4646                       lab_5
C:   00001096  A$lab-5$4647                       lab_5
C:   00001098  A$lab-5$4648                       lab_5
C:   0000109A  A$lab-5$4649                       lab_5
C:   0000109C  A$lab-5$4650                       lab_5
C:   0000109E  A$lab-5$4651                       lab_5
C:   000010A0  A$lab-5$4652                       lab_5
C:   000010A2  A$lab-5$4653                       lab_5
C:   000010A4  A$lab-5$4654                       lab_5
C:   000010A6  A$lab-5$4655                       lab_5
C:   000010A9  A$lab-5$4656                       lab_5
C:   000010AB  A$lab-5$4657                       lab_5
C:   000010AD  A$lab-5$4658                       lab_5
C:   000010AF  A$lab-5$4659                       lab_5
C:   000010B1  A$lab-5$4665                       lab_5
C:   000010B1  C$lab_5.c$600$4$217                lab_5
C:   000010B1  C$lab_5.c$601$5$220                lab_5
C:   000010B3  A$lab-5$4666                       lab_5
C:   000010B6  A$lab-5$4667                       lab_5
ASxxxx Linker V03.00 + NoICE + sdld,  page 79.
Hexadecimal  [32-Bits]

Area                                    Addr        Size        Decimal Bytes (Attributes)
--------------------------------        ----        ----        ------- ----- ------------
CSEG                                000000FA    00001878 =        6264. bytes (REL,CON,CODE)

      Value  Global                              Global Defined In Module
      -----  --------------------------------   ------------------------
C:   000010B8  A$lab-5$4668                       lab_5
C:   000010BA  A$lab-5$4671                       lab_5
C:   000010BA  C$lab_5.c$602$5$220                lab_5
C:   000010BC  A$lab-5$4672                       lab_5
C:   000010BE  A$lab-5$4673                       lab_5
C:   000010C1  A$lab-5$4674                       lab_5
C:   000010C3  A$lab-5$4675                       lab_5
C:   000010C5  A$lab-5$4678                       lab_5
C:   000010C5  C$lab_5.c$603$5$220                lab_5
C:   000010C8  A$lab-5$4679                       lab_5
C:   000010CA  A$lab-5$4684                       lab_5
C:   000010CA  C$lab_5.c$604$6$221                lab_5
C:   000010CC  A$lab-5$4685                       lab_5
C:   000010CE  A$lab-5$4686                       lab_5
C:   000010D1  A$lab-5$4687                       lab_5
C:   000010D3  A$lab-5$4688                       lab_5
C:   000010D5  A$lab-5$4689                       lab_5
C:   000010D7  A$lab-5$4690                       lab_5
C:   000010DA  A$lab-5$4693                       lab_5
C:   000010DA  C$lab_5.c$605$6$221                lab_5
C:   000010DC  A$lab-5$4694                       lab_5
C:   000010DE  A$lab-5$4695                       lab_5
C:   000010E1  A$lab-5$4696                       lab_5
C:   000010E3  A$lab-5$4697                       lab_5
C:   000010E5  A$lab-5$4700                       lab_5
C:   000010E5  C$lab_5.c$606$6$221                lab_5
C:   000010E6  A$lab-5$4701                       lab_5
C:   000010E8  A$lab-5$4702                       lab_5
C:   000010EB  A$lab-5$4703                       lab_5
C:   000010EC  A$lab-5$4704                       lab_5
C:   000010ED  A$lab-5$4707                       lab_5
C:   000010ED  C$lab_5.c$607$6$221                lab_5
C:   000010EE  A$lab-5$4708                       lab_5
C:   000010EF  A$lab-5$4709                       lab_5
C:   000010F1  A$lab-5$4710                       lab_5
C:   000010F3  A$lab-5$4711                       lab_5
C:   000010F5  A$lab-5$4712                       lab_5
C:   000010F7  A$lab-5$4713                       lab_5
C:   000010F9  A$lab-5$4714                       lab_5
C:   000010FB  A$lab-5$4715                       lab_5
C:   000010FD  A$lab-5$4716                       lab_5
C:   000010FF  A$lab-5$4717                       lab_5
C:   00001101  A$lab-5$4718                       lab_5
C:   00001103  A$lab-5$4719                       lab_5
C:   00001106  A$lab-5$4720                       lab_5
C:   00001108  A$lab-5$4721                       lab_5
C:   0000110A  A$lab-5$4722                       lab_5
C:   0000110C  A$lab-5$4723                       lab_5
C:   0000110E  A$lab-5$4729                       lab_5
C:   0000110E  C$lab_5.c$611$4$217                lab_5
C:   0000110E  C$lab_5.c$612$5$222                lab_5
ASxxxx Linker V03.00 + NoICE + sdld,  page 80.
Hexadecimal  [32-Bits]

Area                                    Addr        Size        Decimal Bytes (Attributes)
--------------------------------        ----        ----        ------- ----- ------------
CSEG                                000000FA    00001878 =        6264. bytes (REL,CON,CODE)

      Value  Global                              Global Defined In Module
      -----  --------------------------------   ------------------------
C:   00001110  A$lab-5$4730                       lab_5
C:   00001113  A$lab-5$4731                       lab_5
C:   00001115  A$lab-5$4732                       lab_5
C:   00001117  A$lab-5$4735                       lab_5
C:   00001117  C$lab_5.c$613$5$222                lab_5
C:   00001119  A$lab-5$4736                       lab_5
C:   0000111B  A$lab-5$4737                       lab_5
C:   0000111E  A$lab-5$4738                       lab_5
C:   00001120  A$lab-5$4739                       lab_5
C:   00001122  A$lab-5$4742                       lab_5
C:   00001122  C$lab_5.c$614$5$222                lab_5
C:   00001125  A$lab-5$4743                       lab_5
C:   00001127  A$lab-5$4748                       lab_5
C:   00001127  C$lab_5.c$615$6$223                lab_5
C:   00001129  A$lab-5$4749                       lab_5
C:   0000112B  A$lab-5$4750                       lab_5
C:   0000112E  A$lab-5$4751                       lab_5
C:   00001130  A$lab-5$4752                       lab_5
C:   00001132  A$lab-5$4753                       lab_5
C:   00001134  A$lab-5$4754                       lab_5
C:   00001137  A$lab-5$4757                       lab_5
C:   00001137  C$lab_5.c$616$6$223                lab_5
C:   00001139  A$lab-5$4758                       lab_5
C:   0000113B  A$lab-5$4759                       lab_5
C:   0000113E  A$lab-5$4760                       lab_5
C:   00001140  A$lab-5$4761                       lab_5
C:   00001142  A$lab-5$4764                       lab_5
C:   00001142  C$lab_5.c$617$6$223                lab_5
C:   00001143  A$lab-5$4765                       lab_5
C:   00001145  A$lab-5$4766                       lab_5
C:   00001146  A$lab-5$4769                       lab_5
C:   00001146  C$lab_5.c$618$6$223                lab_5
C:   00001147  A$lab-5$4770                       lab_5
C:   00001148  A$lab-5$4771                       lab_5
C:   0000114A  A$lab-5$4772                       lab_5
C:   0000114C  A$lab-5$4773                       lab_5
C:   0000114E  A$lab-5$4774                       lab_5
C:   00001150  A$lab-5$4775                       lab_5
C:   00001152  A$lab-5$4776                       lab_5
C:   00001154  A$lab-5$4777                       lab_5
C:   00001156  A$lab-5$4778                       lab_5
C:   00001158  A$lab-5$4779                       lab_5
C:   0000115A  A$lab-5$4780                       lab_5
C:   0000115C  A$lab-5$4781                       lab_5
C:   0000115E  A$lab-5$4782                       lab_5
C:   00001160  A$lab-5$4783                       lab_5
C:   00001163  A$lab-5$4784                       lab_5
C:   00001165  A$lab-5$4785                       lab_5
C:   00001167  A$lab-5$4786                       lab_5
C:   00001169  A$lab-5$4787                       lab_5
C:   0000116B  A$lab-5$4788                       lab_5
ASxxxx Linker V03.00 + NoICE + sdld,  page 81.
Hexadecimal  [32-Bits]

Area                                    Addr        Size        Decimal Bytes (Attributes)
--------------------------------        ----        ----        ------- ----- ------------
CSEG                                000000FA    00001878 =        6264. bytes (REL,CON,CODE)

      Value  Global                              Global Defined In Module
      -----  --------------------------------   ------------------------
C:   0000116D  A$lab-5$4789                       lab_5
C:   0000116F  A$lab-5$4792                       lab_5
C:   0000116F  C$lab_5.c$622$4$217                lab_5
C:   00001171  A$lab-5$4793                       lab_5
C:   00001173  A$lab-5$4794                       lab_5
C:   00001175  A$lab-5$4795                       lab_5
C:   00001177  A$lab-5$4796                       lab_5
C:   00001179  A$lab-5$4797                       lab_5
C:   0000117B  A$lab-5$4798                       lab_5
C:   0000117D  A$lab-5$4799                       lab_5
C:   0000117F  A$lab-5$4800                       lab_5
C:   00001181  A$lab-5$4801                       lab_5
C:   00001184  A$lab-5$4802                       lab_5
C:   00001186  A$lab-5$4803                       lab_5
C:   00001188  A$lab-5$4804                       lab_5
C:   0000118A  A$lab-5$4807                       lab_5
C:   0000118A  C$lab_5.c$623$4$217                lab_5
C:   0000118D  A$lab-5$4808                       lab_5
C:   0000118F  A$lab-5$4811                       lab_5
C:   0000118F  C$lab_5.c$624$4$217                lab_5
C:   00001191  A$lab-5$4817                       lab_5
C:   00001191  C$lab_5.c$625$1$197                lab_5
C:   00001191  C$lab_5.c$629$1$197                lab_5
C:   00001191  XG$set_gains$0$0                   lab_5
C:   00001192  __gptrput                          _gptrput
C:   000011AD  _abs                               abs
C:   000011BA  __mulint                           _mulint
C:   000011BA  __mulint_dummy                     _mulint
C:   00001247  _vsprintf                          sprintf
C:   00001284  _sprintf                           sprintf
C:   000012D2  __divuint                          _divuint
C:   00001306  _vprintf                           vprintf
C:   0000131F  _printf                            vprintf
C:   000013F6  __print_format                     printf_large
C:   00001902  _strlen                            _strlen
C:   0000191A  __gptrget                          _gptrget
C:   00001936  __divsint                          _divsint
C:   0000196E  __sdcc_external_startup            _startup

ASxxxx Linker V03.00 + NoICE + sdld,  page 82.
Hexadecimal  [32-Bits]

Area                                    Addr        Size        Decimal Bytes (Attributes)
--------------------------------        ----        ----        ------- ----- ------------
CONST                               00001972    00000233 =         563. bytes (REL,CON,CODE)

      Value  Global                              Global Defined In Module
      -----  --------------------------------   ------------------------
C:   00001972  Flab_5$__str_0$0$0                 lab_5
C:   00001988  Flab_5$__str_1$0$0                 lab_5
C:   00001998  Flab_5$__str_2$0$0                 lab_5
C:   0000199B  Flab_5$__str_3$0$0                 lab_5
C:   000019C9  Flab_5$__str_4$0$0                 lab_5
C:   000019D5  Flab_5$__str_5$0$0                 lab_5
C:   000019E4  Flab_5$__str_6$0$0                 lab_5
C:   000019F5  Flab_5$__str_7$0$0                 lab_5
C:   000019FB  Flab_5$__str_8$0$0                 lab_5
C:   00001A00  Flab_5$__str_9$0$0                 lab_5
C:   00001A23  Flab_5$__str_10$0$0                lab_5
C:   00001A31  Flab_5$__str_11$0$0                lab_5
C:   00001A68  Flab_5$__str_12$0$0                lab_5
C:   00001A70  Flab_5$__str_13$0$0                lab_5
C:   00001A80  Flab_5$__str_14$0$0                lab_5
C:   00001A88  Flab_5$__str_15$0$0                lab_5
C:   00001A98  Flab_5$__str_16$0$0                lab_5
C:   00001AA0  Flab_5$__str_17$0$0                lab_5
C:   00001AB0  Flab_5$__str_18$0$0                lab_5
C:   00001AB8  Flab_5$__str_19$0$0                lab_5
C:   00001AC8  Flab_5$__str_20$0$0                lab_5
C:   00001B00  Flab_5$__str_21$0$0                lab_5
C:   00001B03  Flab_5$__str_22$0$0                lab_5
C:   00001B14  Flab_5$__str_23$0$0                lab_5
C:   00001B50  Flab_5$__str_24$0$0                lab_5
C:   00001B58  Flab_5$__str_25$0$0                lab_5
C:   00001B68  Flab_5$__str_26$0$0                lab_5
C:   00001B70  Flab_5$__str_27$0$0                lab_5
C:   00001B80  Flab_5$__str_28$0$0                lab_5
C:   00001B89  Flab_5$__str_29$0$0                lab_5
ASxxxx Linker V03.00 + NoICE + sdld,  page 83.

Files Linked                              [ module(s) ]

C:\Users\gerlig\Documents\School\LITEC\LAB5\lab-5.rel
                                          [  ]


Libraries Linked                          [ object file ]

C:\Program Files\SDCC\bin\..\lib\small/mcs51.lib
                                          [ crtclear.rel ]
C:\Program Files\SDCC\bin\..\lib\small/mcs51.lib
                                          [ crtxinit.rel ]
C:\Program Files\SDCC\bin\..\lib\small/libsdcc.lib
                                          [ _gptrput.rel ]
C:\Program Files\SDCC\bin\..\lib\small/libsdcc.lib
                                          [ abs.rel ]
C:\Program Files\SDCC\bin\..\lib\small/libint.lib
                                          [ _mulint.rel ]
C:\Program Files\SDCC\bin\..\lib\small/libsdcc.lib
                                          [ sprintf.rel ]
C:\Program Files\SDCC\bin\..\lib\small/mcs51.lib
                                          [ crtxclear.rel ]
C:\Program Files\SDCC\bin\..\lib\small/libint.lib
                                          [ _divuint.rel ]
C:\Program Files\SDCC\bin\..\lib\small/libsdcc.lib
                                          [ _bp.rel ]
C:\Program Files\SDCC\bin\..\lib\small/libsdcc.lib
                                          [ vprintf.rel ]
C:\Program Files\SDCC\bin\..\lib\small/libsdcc.lib
                                          [ printf_large.rel ]
C:\Program Files\SDCC\bin\..\lib\small/libsdcc.lib
                                          [ _strlen.rel ]
C:\Program Files\SDCC\bin\..\lib\small/mcs51.lib
                                          [ crtstart.rel ]
C:\Program Files\SDCC\bin\..\lib\small/libsdcc.lib
                                          [ _gptrget.rel ]
C:\Program Files\SDCC\bin\..\lib\small/libint.lib
                                          [ _divsint.rel ]
C:\Program Files\SDCC\bin\..\lib\small/libsdcc.lib
                                          [ _startup.rel ]

ASxxxx Linker V03.00 + NoICE + sdld,  page 84.

User Base Address Definitions

HOME = 0x0000
XSEG = 0x0001
PSEG = 0x0001
ISEG = 0x0000
BSEG = 0x0000

