ASxxxx Linker V03.00 + NoICE + sdld,  page 1.
Hexadecimal  [32-Bits]

Area                                    Addr        Size        Decimal Bytes (Attributes)
--------------------------------        ----        ----        ------- ----- ------------
CABS                                00000000    00000000 =           0. bytes (ABS,CON,CODE)

      Value  Global                              Global Defined In Module
      -----  --------------------------------   ------------------------
C:   00000000  l_BIT_BANK                      
C:   00000000  l_CABS                          
C:   00000000  l_GSINIT1                       
C:   00000000  l_GSINIT5                       
C:   00000000  l_IABS                          
C:   00000000  l_PSEG                          
C:   00000000  l_REG_BANK_1                    
C:   00000000  l_REG_BANK_2                    
C:   00000000  l_REG_BANK_3                    
C:   00000000  l_RSEG                          
C:   00000000  l_RSEG0                         
C:   00000000  l_RSEG1                         
C:   00000000  l_XABS                          
C:   00000000  l_XINIT                         
C:   00000000  l_XISEG                         
C:   00000000  l_XSEG                          
C:   00000000  l__CODE                         
C:   00000000  s_BSEG                          
C:   00000000  s_CABS                          
C:   00000000  s_DSEG                          
C:   00000000  s_HOME                          
C:   00000000  s_IABS                          
C:   00000000  s_REG_BANK_0                    
C:   00000000  s_RSEG                          
C:   00000000  s_RSEG0                         
C:   00000000  s_RSEG1                         
C:   00000000  s_XABS                          
C:   00000001  s_PSEG                          
C:   00000001  s_XISEG                         
C:   00000001  s_XSEG                          
C:   00000002  l_BSEG_BYTES                    
C:   00000003  l_GSFINAL                       
C:   00000003  l_GSINIT0                       
C:   00000006  l_ISEG                          
C:   00000006  l_OSEG                          
C:   00000008  l_REG_BANK_0                    
C:   00000008  s_REG_BANK_1                    
C:   0000000A  l_BSEG                          
C:   0000000A  l_GSINIT2                       
C:   0000000E  s_OSEG                          
C:   00000010  s_REG_BANK_2                    
C:   00000011  l_HOME                          
C:   00000011  s_GSINIT0                       
C:   00000014  s_GSINIT1                       
C:   00000014  s_GSINIT2                       
C:   00000014  s_ISEG                          
C:   00000018  s_BIT_BANK                      
C:   00000018  s_REG_BANK_3                    
C:   0000001E  s_GSINIT3                       
C:   00000020  s_BSEG_BYTES                    
ASxxxx Linker V03.00 + NoICE + sdld,  page 2.
Hexadecimal  [32-Bits]

Area                                    Addr        Size        Decimal Bytes (Attributes)
--------------------------------        ----        ----        ------- ----- ------------
CABS                                00000000    00000000 =           0. bytes (ABS,CON,CODE)

      Value  Global                              Global Defined In Module
      -----  --------------------------------   ------------------------
C:   00000020  s__CODE                         
C:   00000022  l_GSINIT3                       
C:   0000002A  l_GSINIT4                       
C:   00000033  l_GSINIT                        
C:   00000040  s_GSINIT4                       
C:   00000060  s_SSEG                          
C:   0000006A  s_GSINIT                        
C:   0000006A  s_GSINIT5                       
C:   0000007A  l_DSEG                          
C:   0000009D  s_GSFINAL                       
C:   000000A0  l_SSEG                          
C:   000000A0  s_CSEG                          
C:   00000100  l_IRAM                          
C:   000003A3  l_CONST                         
C:   00000FCB  l_CSEG                          
C:   0000106B  s_CONST                         
C:   0000140E  s_XINIT                         

ASxxxx Linker V03.00 + NoICE + sdld,  page 3.
Hexadecimal  [32-Bits]

Area                                    Addr        Size        Decimal Bytes (Attributes)
--------------------------------        ----        ----        ------- ----- ------------
.  .ABS.                            00000000    00000000 =           0. bytes (ABS,CON)

      Value  Global                              Global Defined In Module
      -----  --------------------------------   ------------------------
     00000000  .__.ABS.                           _bp
     00000080  G$P0$0$0                           LAB2
     00000080  G$P0_0$0$0                         LAB2
     00000080  _P0                                LAB2
     00000080  _P0_0                              LAB2
     00000081  G$P0_1$0$0                         LAB2
     00000081  G$SP$0$0                           LAB2
     00000081  _P0_1                              LAB2
     00000081  _SP                                LAB2
     00000082  G$DPL$0$0                          LAB2
     00000082  G$P0_2$0$0                         LAB2
     00000082  _DPL                               LAB2
     00000082  _P0_2                              LAB2
     00000083  G$DPH$0$0                          LAB2
     00000083  G$P0_3$0$0                         LAB2
     00000083  _DPH                               LAB2
     00000083  _P0_3                              LAB2
     00000084  G$P0_4$0$0                         LAB2
     00000084  G$P4$0$0                           LAB2
     00000084  _P0_4                              LAB2
     00000084  _P4                                LAB2
     00000085  G$P0_5$0$0                         LAB2
     00000085  G$P5$0$0                           LAB2
     00000085  _P0_5                              LAB2
     00000085  _P5                                LAB2
     00000086  G$P0_6$0$0                         LAB2
     00000086  G$P6$0$0                           LAB2
     00000086  _P0_6                              LAB2
     00000086  _P6                                LAB2
     00000087  G$P0_7$0$0                         LAB2
     00000087  G$PCON$0$0                         LAB2
     00000087  _P0_7                              LAB2
     00000087  _PCON                              LAB2
     00000088  G$IT0$0$0                          LAB2
     00000088  G$TCON$0$0                         LAB2
     00000088  _IT0                               LAB2
     00000088  _TCON                              LAB2
     00000089  G$IE0$0$0                          LAB2
     00000089  G$TMOD$0$0                         LAB2
     00000089  _IE0                               LAB2
     00000089  _TMOD                              LAB2
     0000008A  G$IT1$0$0                          LAB2
     0000008A  G$TL0$0$0                          LAB2
     0000008A  _IT1                               LAB2
     0000008A  _TL0                               LAB2
     0000008B  G$IE1$0$0                          LAB2
     0000008B  G$TL1$0$0                          LAB2
     0000008B  _IE1                               LAB2
     0000008B  _TL1                               LAB2
     0000008C  G$TH0$0$0                          LAB2
ASxxxx Linker V03.00 + NoICE + sdld,  page 4.
Hexadecimal  [32-Bits]

Area                                    Addr        Size        Decimal Bytes (Attributes)
--------------------------------        ----        ----        ------- ----- ------------
.  .ABS.                            00000000    00000000 =           0. bytes (ABS,CON)

      Value  Global                              Global Defined In Module
      -----  --------------------------------   ------------------------
     0000008C  G$TR0$0$0                          LAB2
     0000008C  _TH0                               LAB2
     0000008C  _TR0                               LAB2
     0000008D  G$TF0$0$0                          LAB2
     0000008D  G$TH1$0$0                          LAB2
     0000008D  _TF0                               LAB2
     0000008D  _TH1                               LAB2
     0000008E  G$CKCON$0$0                        LAB2
     0000008E  G$TR1$0$0                          LAB2
     0000008E  _CKCON                             LAB2
     0000008E  _TR1                               LAB2
     0000008F  G$PSCTL$0$0                        LAB2
     0000008F  G$TF1$0$0                          LAB2
     0000008F  _PSCTL                             LAB2
     0000008F  _TF1                               LAB2
     00000090  G$P1$0$0                           LAB2
     00000090  G$P1_0$0$0                         LAB2
     00000090  _P1                                LAB2
     00000090  _P1_0                              LAB2
     00000091  G$P1_1$0$0                         LAB2
     00000091  G$TMR3CN$0$0                       LAB2
     00000091  _P1_1                              LAB2
     00000091  _TMR3CN                            LAB2
     00000092  G$P1_2$0$0                         LAB2
     00000092  G$TMR3RLL$0$0                      LAB2
     00000092  _P1_2                              LAB2
     00000092  _TMR3RLL                           LAB2
     00000093  G$P1_3$0$0                         LAB2
     00000093  G$TMR3RLH$0$0                      LAB2
     00000093  _P1_3                              LAB2
     00000093  _TMR3RLH                           LAB2
     00000094  G$P1_4$0$0                         LAB2
     00000094  G$TMR3L$0$0                        LAB2
     00000094  _P1_4                              LAB2
     00000094  _TMR3L                             LAB2
     00000095  G$P1_5$0$0                         LAB2
     00000095  G$TMR3H$0$0                        LAB2
     00000095  _P1_5                              LAB2
     00000095  _TMR3H                             LAB2
     00000096  G$P1_6$0$0                         LAB2
     00000096  G$P7$0$0                           LAB2
     00000096  _P1_6                              LAB2
     00000096  _P7                                LAB2
     00000097  G$P1_7$0$0                         LAB2
     00000097  _P1_7                              LAB2
     00000098  G$RI$0$0                           LAB2
     00000098  G$RI0$0$0                          LAB2
     00000098  G$SCON$0$0                         LAB2
     00000098  G$SCON0$0$0                        LAB2
     00000098  _RI                                LAB2
     00000098  _RI0                               LAB2
ASxxxx Linker V03.00 + NoICE + sdld,  page 5.
Hexadecimal  [32-Bits]

Area                                    Addr        Size        Decimal Bytes (Attributes)
--------------------------------        ----        ----        ------- ----- ------------
.  .ABS.                            00000000    00000000 =           0. bytes (ABS,CON)

      Value  Global                              Global Defined In Module
      -----  --------------------------------   ------------------------
     00000098  _SCON                              LAB2
     00000098  _SCON0                             LAB2
     00000099  G$SBUF$0$0                         LAB2
     00000099  G$SBUF0$0$0                        LAB2
     00000099  G$TI$0$0                           LAB2
     00000099  G$TI0$0$0                          LAB2
     00000099  _SBUF                              LAB2
     00000099  _SBUF0                             LAB2
     00000099  _TI                                LAB2
     00000099  _TI0                               LAB2
     0000009A  G$RB8$0$0                          LAB2
     0000009A  G$RB80$0$0                         LAB2
     0000009A  G$SPI0CFG$0$0                      LAB2
     0000009A  _RB8                               LAB2
     0000009A  _RB80                              LAB2
     0000009A  _SPI0CFG                           LAB2
     0000009B  G$SPI0DAT$0$0                      LAB2
     0000009B  G$TB8$0$0                          LAB2
     0000009B  G$TB80$0$0                         LAB2
     0000009B  _SPI0DAT                           LAB2
     0000009B  _TB8                               LAB2
     0000009B  _TB80                              LAB2
     0000009C  G$ADC1$0$0                         LAB2
     0000009C  G$REN$0$0                          LAB2
     0000009C  G$REN0$0$0                         LAB2
     0000009C  _ADC1                              LAB2
     0000009C  _REN                               LAB2
     0000009C  _REN0                              LAB2
     0000009D  G$MCE0$0$0                         LAB2
     0000009D  G$SM2$0$0                          LAB2
     0000009D  G$SM20$0$0                         LAB2
     0000009D  G$SPI0CKR$0$0                      LAB2
     0000009D  _MCE0                              LAB2
     0000009D  _SM2                               LAB2
     0000009D  _SM20                              LAB2
     0000009D  _SPI0CKR                           LAB2
     0000009E  G$CPT0CN$0$0                       LAB2
     0000009E  G$SM1$0$0                          LAB2
     0000009E  G$SM10$0$0                         LAB2
     0000009E  _CPT0CN                            LAB2
     0000009E  _SM1                               LAB2
     0000009E  _SM10                              LAB2
     0000009F  G$CPT1CN$0$0                       LAB2
     0000009F  G$S0MODE$0$0                       LAB2
     0000009F  G$SM0$0$0                          LAB2
     0000009F  G$SM00$0$0                         LAB2
     0000009F  _CPT1CN                            LAB2
     0000009F  _S0MODE                            LAB2
     0000009F  _SM0                               LAB2
     0000009F  _SM00                              LAB2
     000000A0  G$P2$0$0                           LAB2
ASxxxx Linker V03.00 + NoICE + sdld,  page 6.
Hexadecimal  [32-Bits]

Area                                    Addr        Size        Decimal Bytes (Attributes)
--------------------------------        ----        ----        ------- ----- ------------
.  .ABS.                            00000000    00000000 =           0. bytes (ABS,CON)

      Value  Global                              Global Defined In Module
      -----  --------------------------------   ------------------------
     000000A0  G$P2_0$0$0                         LAB2
     000000A0  _P2                                LAB2
     000000A0  _P2_0                              LAB2
     000000A1  G$EMI0TC$0$0                       LAB2
     000000A1  G$P2_1$0$0                         LAB2
     000000A1  _EMI0TC                            LAB2
     000000A1  _P2_1                              LAB2
     000000A2  G$LED1$0$0                         LAB2
     000000A2  G$P2_2$0$0                         LAB2
     000000A2  _LED1                              LAB2
     000000A2  _P2_2                              LAB2
     000000A3  G$BILED1$0$0                       LAB2
     000000A3  G$EMI0CF$0$0                       LAB2
     000000A3  G$P2_3$0$0                         LAB2
     000000A3  _BILED1                            LAB2
     000000A3  _EMI0CF                            LAB2
     000000A3  _P2_3                              LAB2
     000000A4  G$LED2$0$0                         LAB2
     000000A4  G$P0MDOUT$0$0                      LAB2
     000000A4  G$P2_4$0$0                         LAB2
     000000A4  G$PRT0CF$0$0                       LAB2
     000000A4  _LED2                              LAB2
     000000A4  _P0MDOUT                           LAB2
     000000A4  _P2_4                              LAB2
     000000A4  _PRT0CF                            LAB2
     000000A5  G$BILED0$0$0                       LAB2
     000000A5  G$P1MDOUT$0$0                      LAB2
     000000A5  G$P2_5$0$0                         LAB2
     000000A5  G$PRT1CF$0$0                       LAB2
     000000A5  _BILED0                            LAB2
     000000A5  _P1MDOUT                           LAB2
     000000A5  _P2_5                              LAB2
     000000A5  _PRT1CF                            LAB2
     000000A6  G$LED0$0$0                         LAB2
     000000A6  G$P2MDOUT$0$0                      LAB2
     000000A6  G$P2_6$0$0                         LAB2
     000000A6  G$PRT2CF$0$0                       LAB2
     000000A6  _LED0                              LAB2
     000000A6  _P2MDOUT                           LAB2
     000000A6  _P2_6                              LAB2
     000000A6  _PRT2CF                            LAB2
     000000A7  G$LED3$0$0                         LAB2
     000000A7  G$P2_7$0$0                         LAB2
     000000A7  G$P3MDOUT$0$0                      LAB2
     000000A7  G$PRT3CF$0$0                       LAB2
     000000A7  _LED3                              LAB2
     000000A7  _P2_7                              LAB2
     000000A7  _P3MDOUT                           LAB2
     000000A7  _PRT3CF                            LAB2
     000000A8  G$EX0$0$0                          LAB2
     000000A8  G$IE$0$0                           LAB2
ASxxxx Linker V03.00 + NoICE + sdld,  page 7.
Hexadecimal  [32-Bits]

Area                                    Addr        Size        Decimal Bytes (Attributes)
--------------------------------        ----        ----        ------- ----- ------------
.  .ABS.                            00000000    00000000 =           0. bytes (ABS,CON)

      Value  Global                              Global Defined In Module
      -----  --------------------------------   ------------------------
     000000A8  _EX0                               LAB2
     000000A8  _IE                                LAB2
     000000A9  G$ET0$0$0                          LAB2
     000000A9  G$SADDR0$0$0                       LAB2
     000000A9  _ET0                               LAB2
     000000A9  _SADDR0                            LAB2
     000000AA  G$ADC1CN$0$0                       LAB2
     000000AA  G$EX1$0$0                          LAB2
     000000AA  _ADC1CN                            LAB2
     000000AA  _EX1                               LAB2
     000000AB  G$ADC1CF$0$0                       LAB2
     000000AB  G$ET1$0$0                          LAB2
     000000AB  _ADC1CF                            LAB2
     000000AB  _ET1                               LAB2
     000000AC  G$AMX1SL$0$0                       LAB2
     000000AC  G$ES$0$0                           LAB2
     000000AC  G$ES0$0$0                          LAB2
     000000AC  _AMX1SL                            LAB2
     000000AC  _ES                                LAB2
     000000AC  _ES0                               LAB2
     000000AD  G$ET2$0$0                          LAB2
     000000AD  G$P3IF$0$0                         LAB2
     000000AD  _ET2                               LAB2
     000000AD  _P3IF                              LAB2
     000000AE  G$SADEN1$0$0                       LAB2
     000000AE  _SADEN1                            LAB2
     000000AF  G$EA$0$0                           LAB2
     000000AF  G$EMI0CN$0$0                       LAB2
     000000AF  G$_XPAGE$0$0                       LAB2
     000000AF  _EA                                LAB2
     000000AF  _EMI0CN                            LAB2
     000000AF  __XPAGE                            LAB2
     000000B0  G$P3$0$0                           LAB2
     000000B0  G$P3_0$0$0                         LAB2
     000000B0  _P3                                LAB2
     000000B0  _P3_0                              LAB2
     000000B1  G$OSCXCN$0$0                       LAB2
     000000B1  G$P3_1$0$0                         LAB2
     000000B1  _OSCXCN                            LAB2
     000000B1  _P3_1                              LAB2
     000000B2  G$OSCICN$0$0                       LAB2
     000000B2  G$P3_2$0$0                         LAB2
     000000B2  _OSCICN                            LAB2
     000000B2  _P3_2                              LAB2
     000000B3  G$P3_3$0$0                         LAB2
     000000B3  _P3_3                              LAB2
     000000B4  G$P3_4$0$0                         LAB2
     000000B4  G$PB$0$0                           LAB2
     000000B4  _P3_4                              LAB2
     000000B4  _PB                                LAB2
     000000B5  G$P3_5$0$0                         LAB2
ASxxxx Linker V03.00 + NoICE + sdld,  page 8.
Hexadecimal  [32-Bits]

Area                                    Addr        Size        Decimal Bytes (Attributes)
--------------------------------        ----        ----        ------- ----- ------------
.  .ABS.                            00000000    00000000 =           0. bytes (ABS,CON)

      Value  Global                              Global Defined In Module
      -----  --------------------------------   ------------------------
     000000B5  G$P74OUT$0$0                       LAB2
     000000B5  _P3_5                              LAB2
     000000B5  _P74OUT                            LAB2
     000000B6  G$FLSCL$0$0                        LAB2
     000000B6  G$P3_6$0$0                         LAB2
     000000B6  G$SS0$0$0                          LAB2
     000000B6  _FLSCL                             LAB2
     000000B6  _P3_6                              LAB2
     000000B6  _SS0                               LAB2
     000000B7  G$FLACL$0$0                        LAB2
     000000B7  G$P3_7$0$0                         LAB2
     000000B7  G$SS1$0$0                          LAB2
     000000B7  _FLACL                             LAB2
     000000B7  _P3_7                              LAB2
     000000B7  _SS1                               LAB2
     000000B8  G$IP$0$0                           LAB2
     000000B8  G$PX0$0$0                          LAB2
     000000B8  _IP                                LAB2
     000000B8  _PX0                               LAB2
     000000B9  G$PT0$0$0                          LAB2
     000000B9  G$SADEN0$0$0                       LAB2
     000000B9  _PT0                               LAB2
     000000B9  _SADEN0                            LAB2
     000000BA  G$AMX0CF$0$0                       LAB2
     000000BA  G$PX1$0$0                          LAB2
     000000BA  _AMX0CF                            LAB2
     000000BA  _PX1                               LAB2
     000000BB  G$AMX0SL$0$0                       LAB2
     000000BB  G$PT1$0$0                          LAB2
     000000BB  _AMX0SL                            LAB2
     000000BB  _PT1                               LAB2
     000000BC  G$ADC0CF$0$0                       LAB2
     000000BC  G$PS$0$0                           LAB2
     000000BC  G$PS0$0$0                          LAB2
     000000BC  _ADC0CF                            LAB2
     000000BC  _PS                                LAB2
     000000BC  _PS0                               LAB2
     000000BD  G$P1MDIN$0$0                       LAB2
     000000BD  G$PT2$0$0                          LAB2
     000000BD  _P1MDIN                            LAB2
     000000BD  _PT2                               LAB2
     000000BE  G$ADC0L$0$0                        LAB2
     000000BE  _ADC0L                             LAB2
     000000BF  G$ADC0H$0$0                        LAB2
     000000BF  _ADC0H                             LAB2
     000000C0  G$SMB0CN$0$0                       LAB2
     000000C0  G$SMBTOE$0$0                       LAB2
     000000C0  _SMB0CN                            LAB2
     000000C0  _SMBTOE                            LAB2
     000000C1  G$SMB0STA$0$0                      LAB2
     000000C1  G$SMBFTE$0$0                       LAB2
ASxxxx Linker V03.00 + NoICE + sdld,  page 9.
Hexadecimal  [32-Bits]

Area                                    Addr        Size        Decimal Bytes (Attributes)
--------------------------------        ----        ----        ------- ----- ------------
.  .ABS.                            00000000    00000000 =           0. bytes (ABS,CON)

      Value  Global                              Global Defined In Module
      -----  --------------------------------   ------------------------
     000000C1  _SMB0STA                           LAB2
     000000C1  _SMBFTE                            LAB2
     000000C2  G$AA$0$0                           LAB2
     000000C2  G$SMB0DAT$0$0                      LAB2
     000000C2  _AA                                LAB2
     000000C2  _SMB0DAT                           LAB2
     000000C3  G$SI$0$0                           LAB2
     000000C3  G$SMB0ADR$0$0                      LAB2
     000000C3  _SI                                LAB2
     000000C3  _SMB0ADR                           LAB2
     000000C4  G$ADC0GTL$0$0                      LAB2
     000000C4  G$STO$0$0                          LAB2
     000000C4  _ADC0GTL                           LAB2
     000000C4  _STO                               LAB2
     000000C5  G$ADC0GTH$0$0                      LAB2
     000000C5  G$STA$0$0                          LAB2
     000000C5  _ADC0GTH                           LAB2
     000000C5  _STA                               LAB2
     000000C6  G$ADC0LTL$0$0                      LAB2
     000000C6  G$ENSMB$0$0                        LAB2
     000000C6  _ADC0LTL                           LAB2
     000000C6  _ENSMB                             LAB2
     000000C7  G$ADC0LTH$0$0                      LAB2
     000000C7  G$BUSY$0$0                         LAB2
     000000C7  _ADC0LTH                           LAB2
     000000C7  _BUSY                              LAB2
     000000C8  G$CPRL2$0$0                        LAB2
     000000C8  G$T2CON$0$0                        LAB2
     000000C8  _CPRL2                             LAB2
     000000C8  _T2CON                             LAB2
     000000C9  G$CT2$0$0                          LAB2
     000000C9  G$T4CON$0$0                        LAB2
     000000C9  _CT2                               LAB2
     000000C9  _T4CON                             LAB2
     000000CA  G$RCAP2L$0$0                       LAB2
     000000CA  G$TR2$0$0                          LAB2
     000000CA  _RCAP2L                            LAB2
     000000CA  _TR2                               LAB2
     000000CB  G$EXEN2$0$0                        LAB2
     000000CB  G$RCAP2H$0$0                       LAB2
     000000CB  _EXEN2                             LAB2
     000000CB  _RCAP2H                            LAB2
     000000CC  G$TCLK$0$0                         LAB2
     000000CC  G$TL2$0$0                          LAB2
     000000CC  _TCLK                              LAB2
     000000CC  _TL2                               LAB2
     000000CD  G$RCLK$0$0                         LAB2
     000000CD  G$TH2$0$0                          LAB2
     000000CD  _RCLK                              LAB2
     000000CD  _TH2                               LAB2
     000000CE  G$EXF2$0$0                         LAB2
ASxxxx Linker V03.00 + NoICE + sdld,  page 10.
Hexadecimal  [32-Bits]

Area                                    Addr        Size        Decimal Bytes (Attributes)
--------------------------------        ----        ----        ------- ----- ------------
.  .ABS.                            00000000    00000000 =           0. bytes (ABS,CON)

      Value  Global                              Global Defined In Module
      -----  --------------------------------   ------------------------
     000000CE  _EXF2                              LAB2
     000000CF  G$SMB0CR$0$0                       LAB2
     000000CF  G$TF2$0$0                          LAB2
     000000CF  _SMB0CR                            LAB2
     000000CF  _TF2                               LAB2
     000000D0  G$P$0$0                            LAB2
     000000D0  G$PSW$0$0                          LAB2
     000000D0  _P                                 LAB2
     000000D0  _PSW                               LAB2
     000000D1  G$F1$0$0                           LAB2
     000000D1  G$REF0CN$0$0                       LAB2
     000000D1  _F1                                LAB2
     000000D1  _REF0CN                            LAB2
     000000D2  G$DAC0L$0$0                        LAB2
     000000D2  G$OV$0$0                           LAB2
     000000D2  _DAC0L                             LAB2
     000000D2  _OV                                LAB2
     000000D3  G$DAC0H$0$0                        LAB2
     000000D3  G$RS0$0$0                          LAB2
     000000D3  _DAC0H                             LAB2
     000000D3  _RS0                               LAB2
     000000D4  G$DAC0CN$0$0                       LAB2
     000000D4  G$RS1$0$0                          LAB2
     000000D4  _DAC0CN                            LAB2
     000000D4  _RS1                               LAB2
     000000D5  G$DAC1L$0$0                        LAB2
     000000D5  G$F0$0$0                           LAB2
     000000D5  _DAC1L                             LAB2
     000000D5  _F0                                LAB2
     000000D6  G$AC$0$0                           LAB2
     000000D6  G$DAC1H$0$0                        LAB2
     000000D6  _AC                                LAB2
     000000D6  _DAC1H                             LAB2
     000000D7  G$CY$0$0                           LAB2
     000000D7  G$DAC1CN$0$0                       LAB2
     000000D7  _CY                                LAB2
     000000D7  _DAC1CN                            LAB2
     000000D8  G$CCF0$0$0                         LAB2
     000000D8  G$PCA0CN$0$0                       LAB2
     000000D8  _CCF0                              LAB2
     000000D8  _PCA0CN                            LAB2
     000000D9  G$CCF1$0$0                         LAB2
     000000D9  G$PCA0MD$0$0                       LAB2
     000000D9  _CCF1                              LAB2
     000000D9  _PCA0MD                            LAB2
     000000DA  G$CCF2$0$0                         LAB2
     000000DA  G$PCA0CPM0$0$0                     LAB2
     000000DA  _CCF2                              LAB2
     000000DA  _PCA0CPM0                          LAB2
     000000DB  G$CCF3$0$0                         LAB2
     000000DB  G$PCA0CPM1$0$0                     LAB2
ASxxxx Linker V03.00 + NoICE + sdld,  page 11.
Hexadecimal  [32-Bits]

Area                                    Addr        Size        Decimal Bytes (Attributes)
--------------------------------        ----        ----        ------- ----- ------------
.  .ABS.                            00000000    00000000 =           0. bytes (ABS,CON)

      Value  Global                              Global Defined In Module
      -----  --------------------------------   ------------------------
     000000DB  _CCF3                              LAB2
     000000DB  _PCA0CPM1                          LAB2
     000000DC  G$CCF4$0$0                         LAB2
     000000DC  G$PCA0CPM2$0$0                     LAB2
     000000DC  _CCF4                              LAB2
     000000DC  _PCA0CPM2                          LAB2
     000000DD  G$PCA0CPM3$0$0                     LAB2
     000000DD  _PCA0CPM3                          LAB2
     000000DE  G$CR$0$0                           LAB2
     000000DE  G$PCA0CPM4$0$0                     LAB2
     000000DE  _CR                                LAB2
     000000DE  _PCA0CPM4                          LAB2
     000000DF  G$CF$0$0                           LAB2
     000000DF  _CF                                LAB2
     000000E0  G$ACC$0$0                          LAB2
     000000E0  _ACC                               LAB2
     000000E1  G$XBR0$0$0                         LAB2
     000000E1  _XBR0                              LAB2
     000000E2  G$XBR1$0$0                         LAB2
     000000E2  _XBR1                              LAB2
     000000E3  G$XBR2$0$0                         LAB2
     000000E3  _XBR2                              LAB2
     000000E4  G$RCAP4L$0$0                       LAB2
     000000E4  _RCAP4L                            LAB2
     000000E5  G$RCAP4H$0$0                       LAB2
     000000E5  _RCAP4H                            LAB2
     000000E6  G$EIE1$0$0                         LAB2
     000000E6  _EIE1                              LAB2
     000000E7  G$EIE2$0$0                         LAB2
     000000E7  _EIE2                              LAB2
     000000E8  G$AD0LJST$0$0                      LAB2
     000000E8  G$ADC0CN$0$0                       LAB2
     000000E8  G$ADLJST$0$0                       LAB2
     000000E8  _AD0LJST                           LAB2
     000000E8  _ADC0CN                            LAB2
     000000E8  _ADLJST                            LAB2
     000000E9  G$AD0WINT$0$0                      LAB2
     000000E9  G$ADWINT$0$0                       LAB2
     000000E9  G$PCA0L$0$0                        LAB2
     000000E9  _AD0WINT                           LAB2
     000000E9  _ADWINT                            LAB2
     000000E9  _PCA0L                             LAB2
     000000EA  G$AD0CM0$0$0                       LAB2
     000000EA  G$ADSTM0$0$0                       LAB2
     000000EA  G$PCA0CPL0$0$0                     LAB2
     000000EA  _AD0CM0                            LAB2
     000000EA  _ADSTM0                            LAB2
     000000EA  _PCA0CPL0                          LAB2
     000000EB  G$AD0CM1$0$0                       LAB2
     000000EB  G$ADSTM1$0$0                       LAB2
     000000EB  G$PCA0CPL1$0$0                     LAB2
ASxxxx Linker V03.00 + NoICE + sdld,  page 12.
Hexadecimal  [32-Bits]

Area                                    Addr        Size        Decimal Bytes (Attributes)
--------------------------------        ----        ----        ------- ----- ------------
.  .ABS.                            00000000    00000000 =           0. bytes (ABS,CON)

      Value  Global                              Global Defined In Module
      -----  --------------------------------   ------------------------
     000000EB  _AD0CM1                            LAB2
     000000EB  _ADSTM1                            LAB2
     000000EB  _PCA0CPL1                          LAB2
     000000EC  G$AD0BUSY$0$0                      LAB2
     000000EC  G$ADBUSY$0$0                       LAB2
     000000EC  G$PCA0CPL2$0$0                     LAB2
     000000EC  _AD0BUSY                           LAB2
     000000EC  _ADBUSY                            LAB2
     000000EC  _PCA0CPL2                          LAB2
     000000ED  G$AD0INT$0$0                       LAB2
     000000ED  G$ADCINT$0$0                       LAB2
     000000ED  G$PCA0CPL3$0$0                     LAB2
     000000ED  _AD0INT                            LAB2
     000000ED  _ADCINT                            LAB2
     000000ED  _PCA0CPL3                          LAB2
     000000EE  G$AD0TM$0$0                        LAB2
     000000EE  G$ADCTM$0$0                        LAB2
     000000EE  G$PCA0CPL4$0$0                     LAB2
     000000EE  _AD0TM                             LAB2
     000000EE  _ADCTM                             LAB2
     000000EE  _PCA0CPL4                          LAB2
     000000EF  G$AD0EN$0$0                        LAB2
     000000EF  G$ADCEN$0$0                        LAB2
     000000EF  G$RSTSRC$0$0                       LAB2
     000000EF  _AD0EN                             LAB2
     000000EF  _ADCEN                             LAB2
     000000EF  _RSTSRC                            LAB2
     000000F0  G$B$0$0                            LAB2
     000000F0  _B                                 LAB2
     000000F1  G$SCON1$0$0                        LAB2
     000000F1  _SCON1                             LAB2
     000000F2  G$SBUF1$0$0                        LAB2
     000000F2  _SBUF1                             LAB2
     000000F3  G$SADDR1$0$0                       LAB2
     000000F3  _SADDR1                            LAB2
     000000F4  G$TL4$0$0                          LAB2
     000000F4  _TL4                               LAB2
     000000F5  G$TH4$0$0                          LAB2
     000000F5  _B_5                               _gptrget
     000000F5  _TH4                               LAB2
     000000F6  G$EIP1$0$0                         LAB2
     000000F6  _B_6                               _gptrget
     000000F6  _EIP1                              LAB2
     000000F7  G$EIP2$0$0                         LAB2
     000000F7  _B_7                               _gptrget
     000000F7  _EIP2                              LAB2
     000000F8  G$SPI0CN$0$0                       LAB2
     000000F8  G$SPIEN$0$0                        LAB2
     000000F8  _SPI0CN                            LAB2
     000000F8  _SPIEN                             LAB2
     000000F9  G$MSTEN$0$0                        LAB2
ASxxxx Linker V03.00 + NoICE + sdld,  page 13.
Hexadecimal  [32-Bits]

Area                                    Addr        Size        Decimal Bytes (Attributes)
--------------------------------        ----        ----        ------- ----- ------------
.  .ABS.                            00000000    00000000 =           0. bytes (ABS,CON)

      Value  Global                              Global Defined In Module
      -----  --------------------------------   ------------------------
     000000F9  G$PCA0H$0$0                        LAB2
     000000F9  _MSTEN                             LAB2
     000000F9  _PCA0H                             LAB2
     000000FA  G$PCA0CPH0$0$0                     LAB2
     000000FA  G$SLVSEL$0$0                       LAB2
     000000FA  _PCA0CPH0                          LAB2
     000000FA  _SLVSEL                            LAB2
     000000FB  G$PCA0CPH1$0$0                     LAB2
     000000FB  G$TXBSY$0$0                        LAB2
     000000FB  _PCA0CPH1                          LAB2
     000000FB  _TXBSY                             LAB2
     000000FC  G$PCA0CPH2$0$0                     LAB2
     000000FC  G$RXOVRN$0$0                       LAB2
     000000FC  _PCA0CPH2                          LAB2
     000000FC  _RXOVRN                            LAB2
     000000FD  G$MODF$0$0                         LAB2
     000000FD  G$PCA0CPH3$0$0                     LAB2
     000000FD  _MODF                              LAB2
     000000FD  _PCA0CPH3                          LAB2
     000000FE  G$PCA0CPH4$0$0                     LAB2
     000000FE  G$WCOL$0$0                         LAB2
     000000FE  _PCA0CPH4                          LAB2
     000000FE  _WCOL                              LAB2
     000000FF  G$SPIF$0$0                         LAB2
     000000FF  G$WDTCN$0$0                        LAB2
     000000FF  _SPIF                              LAB2
     000000FF  _WDTCN                             LAB2
     00008C8A  G$TMR0$0$0                         LAB2
     00008C8A  _TMR0                              LAB2
     00008D8B  G$TMR1$0$0                         LAB2
     00008D8B  _TMR1                              LAB2
     00009392  G$TMR3RL$0$0                       LAB2
     00009392  _TMR3RL                            LAB2
     00009594  G$TMR3$0$0                         LAB2
     00009594  _TMR3                              LAB2
     0000BFBE  G$ADC0$0$0                         LAB2
     0000BFBE  _ADC0                              LAB2
     0000C5C4  G$ADC0GT$0$0                       LAB2
     0000C5C4  _ADC0GT                            LAB2
     0000C7C6  G$ADC0LT$0$0                       LAB2
     0000C7C6  _ADC0LT                            LAB2
     0000CBCA  G$RCAP2$0$0                        LAB2
     0000CBCA  _RCAP2                             LAB2
     0000CDCC  G$TMR2$0$0                         LAB2
     0000CDCC  _TMR2                              LAB2
     0000D3D2  G$DAC0$0$0                         LAB2
     0000D3D2  _DAC0                              LAB2
     0000D6D5  G$DAC1$0$0                         LAB2
     0000D6D5  _DAC1                              LAB2
     0000E5E4  G$RCAP4$0$0                        LAB2
     0000E5E4  _RCAP4                             LAB2
ASxxxx Linker V03.00 + NoICE + sdld,  page 14.
Hexadecimal  [32-Bits]

Area                                    Addr        Size        Decimal Bytes (Attributes)
--------------------------------        ----        ----        ------- ----- ------------
.  .ABS.                            00000000    00000000 =           0. bytes (ABS,CON)

      Value  Global                              Global Defined In Module
      -----  --------------------------------   ------------------------
     0000F5F4  G$TMR4$0$0                         LAB2
     0000F5F4  _TMR4                              LAB2
     0000F9E9  G$PCA0$0$0                         LAB2
     0000F9E9  _PCA0                              LAB2
     0000FAEA  G$PCA0CP0$0$0                      LAB2
     0000FAEA  _PCA0CP0                           LAB2
     0000FBEB  G$PCA0CP1$0$0                      LAB2
     0000FBEB  _PCA0CP1                           LAB2
     0000FCEC  G$PCA0CP2$0$0                      LAB2
     0000FCEC  _PCA0CP2                           LAB2
     0000FDED  G$PCA0CP3$0$0                      LAB2
     0000FDED  _PCA0CP3                           LAB2
     0000FEEE  G$PCA0CP4$0$0                      LAB2
     0000FEEE  _PCA0CP4                           LAB2

ASxxxx Linker V03.00 + NoICE + sdld,  page 15.
Hexadecimal  [32-Bits]

Area                                    Addr        Size        Decimal Bytes (Attributes)
--------------------------------        ----        ----        ------- ----- ------------
BSEG_BYTES                          00000020    00000002 =           2. bytes (REL,CON)

      Value  Global                              Global Defined In Module
      -----  --------------------------------   ------------------------
ASxxxx Linker V03.00 + NoICE + sdld,  page 16.
Hexadecimal  [32-Bits]

Area                                    Addr        Size        Decimal Bytes (Attributes)
--------------------------------        ----        ----        ------- ----- ------------
REG_BANK_0                          00000000    00000008 =           8. bytes (REL,OVR)

      Value  Global                              Global Defined In Module
      -----  --------------------------------   ------------------------
ASxxxx Linker V03.00 + NoICE + sdld,  page 17.
Hexadecimal  [32-Bits]

Area                                    Addr        Size        Decimal Bytes (Attributes)
--------------------------------        ----        ----        ------- ----- ------------
DSEG                                00000000    0000007A =         122. bytes (REL,CON)

      Value  Global                              Global Defined In Module
      -----  --------------------------------   ------------------------
     0000000C  _vprintf_PARM_2                    vprintf
     0000000D  _bp                                _bp
     00000022  G$overflows$0$0                    LAB2
     00000022  _overflows                         LAB2
     0000002C  G$counts$0$0                       LAB2
     0000002C  _counts                            LAB2
     0000002E  G$adcast$0$0                       LAB2
     0000002E  _adcast                            LAB2
     00000030  G$current$0$0                      LAB2
     00000030  _current                           LAB2
     00000032  G$wait$0$0                         LAB2
     00000032  _wait                              LAB2
     00000034  G$gamecounts$0$0                   LAB2
     00000034  _gamecounts                        LAB2
     00000036  G$score$0$0                        LAB2
     00000036  _score                             LAB2
     00000038  G$gamescore$0$0                    LAB2
     00000038  _gamescore                         LAB2
     0000003A  G$tries$0$0                        LAB2
     0000003A  _tries                             LAB2
     0000003B  G$light$0$0                        LAB2
     0000003B  _light                             LAB2
     0000003C  G$pot$0$0                          LAB2
     0000003C  _pot                               LAB2
     0000003D  G$flash$0$0                        LAB2
     0000003D  _flash                             LAB2
     0000003E  G$error$0$0                        LAB2
     0000003E  _error                             LAB2
     0000003F  G$button$0$0                       LAB2
     0000003F  _button                            LAB2
     00000040  G$prev$0$0                         LAB2
     00000040  _prev                              LAB2
     00000041  G$cur$0$0                          LAB2
     00000041  _cur                               LAB2
     00000042  G$seed$0$0                         LAB2
     00000042  _seed                              LAB2
     00000043  LLAB2.aligned_alloc$size$1$39      LAB2
     00000043  _aligned_alloc_PARM_2              LAB2
     00000045  LLAB2.read_AD_input$cast$1$124     LAB2
     00000045  _read_AD_input_PARM_2              LAB2
     00000052  __print_format_PARM_2              printf_large
     00000055  __print_format_PARM_3              printf_large
     00000058  __print_format_PARM_4              printf_large

ASxxxx Linker V03.00 + NoICE + sdld,  page 18.
Hexadecimal  [32-Bits]

Area                                    Addr        Size        Decimal Bytes (Attributes)
--------------------------------        ----        ----        ------- ----- ------------
OSEG                                0000000E    00000006 =           6. bytes (REL,OVR)

      Value  Global                              Global Defined In Module
      -----  --------------------------------   ------------------------
     0000000E  LLAB2.compare$acquired$1$116       LAB2
     0000000E  __divsint_PARM_2                   _divuint
     0000000E  __divuint_PARM_2                   _divuint
     0000000E  __modsint_PARM_2                   _moduint
     0000000E  __moduint_PARM_2                   _moduint
     0000000E  __mullong_PARM_2                   _mullong
     0000000E  _compare_PARM_2                    LAB2

ASxxxx Linker V03.00 + NoICE + sdld,  page 19.
Hexadecimal  [32-Bits]

Area                                    Addr        Size        Decimal Bytes (Attributes)
--------------------------------        ----        ----        ------- ----- ------------
ISEG                                00000014    00000006 =           6. bytes (REL,CON)

      Value  Global                              Global Defined In Module
      -----  --------------------------------   ------------------------
ASxxxx Linker V03.00 + NoICE + sdld,  page 20.
Hexadecimal  [32-Bits]

Area                                    Addr        Size        Decimal Bytes (Attributes)
--------------------------------        ----        ----        ------- ----- ------------
SSEG                                00000060    000000A0 =         160. bytes (REL,OVR)

      Value  Global                              Global Defined In Module
      -----  --------------------------------   ------------------------
     00000060  __start__stack                     LAB2

ASxxxx Linker V03.00 + NoICE + sdld,  page 21.
Hexadecimal  [32-Bits]

Area                                    Addr        Size        Decimal Bytes (Attributes)
--------------------------------        ----        ----        ------- ----- ------------
HOME                                00000000    00000011 =          17. bytes (REL,CON,CODE)

      Value  Global                              Global Defined In Module
      -----  --------------------------------   ------------------------
C:   00000000  A$LAB2$1049                        LAB2
C:   00000003  A$LAB2$1050                        LAB2
C:   0000000B  A$LAB2$1052                        LAB2
C:   0000000E  A$LAB2$1099                        LAB2
C:   0000000E  __sdcc_program_startup             LAB2

ASxxxx Linker V03.00 + NoICE + sdld,  page 22.
Hexadecimal  [32-Bits]

Area                                    Addr        Size        Decimal Bytes (Attributes)
--------------------------------        ----        ----        ------- ----- ------------
GSINIT0                             00000011    00000003 =           3. bytes (REL,CON,CODE)

      Value  Global                              Global Defined In Module
      -----  --------------------------------   ------------------------
C:   00000011  __sdcc_gsinit_startup              

ASxxxx Linker V03.00 + NoICE + sdld,  page 23.
Hexadecimal  [32-Bits]

Area                                    Addr        Size        Decimal Bytes (Attributes)
--------------------------------        ----        ----        ------- ----- ------------
GSINIT2                             00000014    0000000A =          10. bytes (REL,CON,CODE)

      Value  Global                              Global Defined In Module
      -----  --------------------------------   ------------------------
ASxxxx Linker V03.00 + NoICE + sdld,  page 24.
Hexadecimal  [32-Bits]

Area                                    Addr        Size        Decimal Bytes (Attributes)
--------------------------------        ----        ----        ------- ----- ------------
GSINIT3                             0000001E    00000022 =          34. bytes (REL,CON,CODE)

      Value  Global                              Global Defined In Module
      -----  --------------------------------   ------------------------
C:   0000001E  __mcs51_genXINIT                   

ASxxxx Linker V03.00 + NoICE + sdld,  page 25.
Hexadecimal  [32-Bits]

Area                                    Addr        Size        Decimal Bytes (Attributes)
--------------------------------        ----        ----        ------- ----- ------------
GSINIT4                             00000040    0000002A =          42. bytes (REL,CON,CODE)

      Value  Global                              Global Defined In Module
      -----  --------------------------------   ------------------------
C:   00000040  __mcs51_genRAMCLEAR                
C:   00000046  __mcs51_genXRAMCLEAR               

ASxxxx Linker V03.00 + NoICE + sdld,  page 26.
Hexadecimal  [32-Bits]

Area                                    Addr        Size        Decimal Bytes (Attributes)
--------------------------------        ----        ----        ------- ----- ------------
GSINIT                              0000006A    00000033 =          51. bytes (REL,CON,CODE)

      Value  Global                              Global Defined In Module
      -----  --------------------------------   ------------------------
C:   0000006A  A$LAB2$1068                        LAB2
C:   0000006A  C$LAB2.c$52$1$137                  LAB2
C:   0000006D  A$LAB2$1069                        LAB2
C:   00000070  A$LAB2$1070                        LAB2
C:   00000073  A$LAB2$1071                        LAB2
C:   00000076  A$LAB2$1072                        LAB2
C:   00000079  A$LAB2$1073                        LAB2
C:   0000007C  A$LAB2$1074                        LAB2
C:   0000007F  A$LAB2$1075                        LAB2
C:   00000082  A$LAB2$1076                        LAB2
C:   00000085  A$LAB2$1077                        LAB2
C:   00000088  A$LAB2$1080                        LAB2
C:   00000088  C$LAB2.c$58$1$137                  LAB2
C:   00000089  A$LAB2$1081                        LAB2
C:   0000008B  A$LAB2$1082                        LAB2
C:   0000008D  A$LAB2$1085                        LAB2
C:   0000008D  C$LAB2.c$59$1$137                  LAB2
C:   0000008F  A$LAB2$1086                        LAB2
C:   00000091  A$LAB2$1090                        LAB2
C:   00000091  C$LAB2.c$66$1$137                  LAB2

ASxxxx Linker V03.00 + NoICE + sdld,  page 27.
Hexadecimal  [32-Bits]

Area                                    Addr        Size        Decimal Bytes (Attributes)
--------------------------------        ----        ----        ------- ----- ------------
GSFINAL                             0000009D    00000003 =           3. bytes (REL,CON,CODE)

      Value  Global                              Global Defined In Module
      -----  --------------------------------   ------------------------
C:   0000009D  A$LAB2$1092                        LAB2

ASxxxx Linker V03.00 + NoICE + sdld,  page 28.
Hexadecimal  [32-Bits]

Area                                    Addr        Size        Decimal Bytes (Attributes)
--------------------------------        ----        ----        ------- ----- ------------
CSEG                                000000A0    00000FCB =        4043. bytes (REL,CON,CODE)

      Value  Global                              Global Defined In Module
      -----  --------------------------------   ------------------------
C:   000000A0  A$LAB2$1127                        LAB2
C:   000000A0  C$c8051_SDCC.h$62$0$0              LAB2
C:   000000A0  C$c8051_SDCC.h$66$1$2              LAB2
C:   000000A0  G$SYSCLK_Init$0$0                  LAB2
C:   000000A0  _SYSCLK_Init                       LAB2
C:   000000A3  A$LAB2$1130                        LAB2
C:   000000A3  C$c8051_SDCC.h$69$1$2              LAB2
C:   000000A5  A$LAB2$1131                        LAB2
C:   000000A7  A$LAB2$1133                        LAB2
C:   000000A8  A$LAB2$1134                        LAB2
C:   000000AA  A$LAB2$1135                        LAB2
C:   000000AB  A$LAB2$1136                        LAB2
C:   000000AC  A$LAB2$1137                        LAB2
C:   000000AE  A$LAB2$1138                        LAB2
C:   000000AF  A$LAB2$1139                        LAB2
C:   000000B1  A$LAB2$1140                        LAB2
C:   000000B3  A$LAB2$1141                        LAB2
C:   000000B4  A$LAB2$1142                        LAB2
C:   000000B5  A$LAB2$1143                        LAB2
C:   000000B7  A$LAB2$1147                        LAB2
C:   000000B7  C$c8051_SDCC.h$71$1$2              LAB2
C:   000000B9  A$LAB2$1148                        LAB2
C:   000000BC  A$LAB2$1151                        LAB2
C:   000000BC  C$c8051_SDCC.h$73$1$2              LAB2
C:   000000BF  A$LAB2$1154                        LAB2
C:   000000BF  C$c8051_SDCC.h$76$1$2              LAB2
C:   000000BF  XG$SYSCLK_Init$0$0                 LAB2
C:   000000C0  A$LAB2$1167                        LAB2
C:   000000C0  C$c8051_SDCC.h$84$1$2              LAB2
C:   000000C0  C$c8051_SDCC.h$86$1$4              LAB2
C:   000000C0  G$UART0_Init$0$0                   LAB2
C:   000000C0  _UART0_Init                        LAB2
C:   000000C3  A$LAB2$1170                        LAB2
C:   000000C3  C$c8051_SDCC.h$87$1$4              LAB2
C:   000000C6  A$LAB2$1173                        LAB2
C:   000000C6  C$c8051_SDCC.h$88$1$4              LAB2
C:   000000C9  A$LAB2$1176                        LAB2
C:   000000C9  C$c8051_SDCC.h$89$1$4              LAB2
C:   000000CB  A$LAB2$1179                        LAB2
C:   000000CB  C$c8051_SDCC.h$90$1$4              LAB2
C:   000000CE  A$LAB2$1182                        LAB2
C:   000000CE  C$c8051_SDCC.h$91$1$4              LAB2
C:   000000D1  A$LAB2$1185                        LAB2
C:   000000D1  C$c8051_SDCC.h$93$1$4              LAB2
C:   000000D3  A$LAB2$1188                        LAB2
C:   000000D3  C$c8051_SDCC.h$94$1$4              LAB2
C:   000000D6  A$LAB2$1191                        LAB2
C:   000000D6  C$c8051_SDCC.h$95$1$4              LAB2
C:   000000D6  XG$UART0_Init$0$0                  LAB2
C:   000000D7  A$LAB2$1204                        LAB2
ASxxxx Linker V03.00 + NoICE + sdld,  page 29.
Hexadecimal  [32-Bits]

Area                                    Addr        Size        Decimal Bytes (Attributes)
--------------------------------        ----        ----        ------- ----- ------------
CSEG                                000000A0    00000FCB =        4043. bytes (REL,CON,CODE)

      Value  Global                              Global Defined In Module
      -----  --------------------------------   ------------------------
C:   000000D7  C$c8051_SDCC.h$103$1$4             LAB2
C:   000000D7  C$c8051_SDCC.h$105$1$6             LAB2
C:   000000D7  G$Sys_Init$0$0                     LAB2
C:   000000D7  _Sys_Init                          LAB2
C:   000000DA  A$LAB2$1207                        LAB2
C:   000000DA  C$c8051_SDCC.h$106$1$6             LAB2
C:   000000DD  A$LAB2$1210                        LAB2
C:   000000DD  C$c8051_SDCC.h$108$1$6             LAB2
C:   000000E0  A$LAB2$1213                        LAB2
C:   000000E0  C$c8051_SDCC.h$109$1$6             LAB2
C:   000000E3  A$LAB2$1216                        LAB2
C:   000000E3  C$c8051_SDCC.h$111$1$6             LAB2
C:   000000E6  A$LAB2$1219                        LAB2
C:   000000E6  C$c8051_SDCC.h$112$1$6             LAB2
C:   000000E9  A$LAB2$1222                        LAB2
C:   000000E9  C$c8051_SDCC.h$113$1$6             LAB2
C:   000000E9  XG$Sys_Init$0$0                    LAB2
C:   000000EA  A$LAB2$1235                        LAB2
C:   000000EA  C$c8051_SDCC.h$129$1$6             LAB2
C:   000000EA  G$putchar$0$0                      LAB2
C:   000000EA  _putchar                           LAB2
C:   000000EC  A$LAB2$1241                        LAB2
C:   000000EC  C$c8051_SDCC.h$132$1$8             LAB2
C:   000000EC  C$c8051_SDCC.h$133$1$8             LAB2
C:   000000EF  A$LAB2$1242                        LAB2
C:   000000F1  A$LAB2$1246                        LAB2
C:   000000F1  C$c8051_SDCC.h$134$1$8             LAB2
C:   000000F3  A$LAB2$1249                        LAB2
C:   000000F3  C$c8051_SDCC.h$135$1$8             LAB2
C:   000000F3  XG$putchar$0$0                     LAB2
C:   000000F4  A$LAB2$1267                        LAB2
C:   000000F4  C$c8051_SDCC.h$154$1$8             LAB2
C:   000000F4  C$c8051_SDCC.h$157$1$10            LAB2
C:   000000F4  C$c8051_SDCC.h$158$1$10            LAB2
C:   000000F4  G$getchar$0$0                      LAB2
C:   000000F4  _getchar                           LAB2
C:   000000F7  A$LAB2$1268                        LAB2
C:   000000F9  A$LAB2$1272                        LAB2
C:   000000F9  C$c8051_SDCC.h$159$1$10            LAB2
C:   000000FB  A$LAB2$1275                        LAB2
C:   000000FB  C$c8051_SDCC.h$160$1$10            LAB2
C:   000000FD  A$LAB2$1276                        LAB2
C:   000000FF  A$LAB2$1277                        LAB2
C:   00000102  A$LAB2$1278                        LAB2
C:   00000104  A$LAB2$1281                        LAB2
C:   00000104  C$c8051_SDCC.h$161$1$10            LAB2
C:   00000106  A$LAB2$1284                        LAB2
C:   00000106  C$c8051_SDCC.h$162$1$10            LAB2
C:   00000106  XG$getchar$0$0                     LAB2
C:   00000107  A$LAB2$1299                        LAB2
C:   00000107  C$c8051_SDCC.h$168$1$10            LAB2
ASxxxx Linker V03.00 + NoICE + sdld,  page 30.
Hexadecimal  [32-Bits]

Area                                    Addr        Size        Decimal Bytes (Attributes)
--------------------------------        ----        ----        ------- ----- ------------
CSEG                                000000A0    00000FCB =        4043. bytes (REL,CON,CODE)

      Value  Global                              Global Defined In Module
      -----  --------------------------------   ------------------------
C:   00000107  C$c8051_SDCC.h$171$1$12            LAB2
C:   00000107  G$getchar_nw$0$0                   LAB2
C:   00000107  _getchar_nw                        LAB2
C:   0000010A  A$LAB2$1300                        LAB2
C:   0000010D  A$LAB2$1301                        LAB2
C:   0000010F  A$LAB2$1305                        LAB2
C:   0000010F  C$c8051_SDCC.h$174$2$13            LAB2
C:   00000111  A$LAB2$1308                        LAB2
C:   00000111  C$c8051_SDCC.h$175$2$13            LAB2
C:   00000114  A$LAB2$1311                        LAB2
C:   00000114  C$c8051_SDCC.h$176$2$13            LAB2
C:   00000117  A$LAB2$1314                        LAB2
C:   00000117  C$c8051_SDCC.h$177$2$13            LAB2
C:   0000011A  A$LAB2$1318                        LAB2
C:   0000011A  C$c8051_SDCC.h$179$1$12            LAB2
C:   0000011A  XG$getchar_nw$0$0                  LAB2
C:   0000011B  A$LAB2$1331                        LAB2
C:   0000011B  C$LAB2.c$70$1$12                   LAB2
C:   0000011B  C$LAB2.c$72$1$63                   LAB2
C:   0000011B  G$main$0$0                         LAB2
C:   0000011B  _main                              LAB2
C:   0000011E  A$LAB2$1334                        LAB2
C:   0000011E  C$LAB2.c$73$1$63                   LAB2
C:   00000121  A$LAB2$1337                        LAB2
C:   00000121  C$LAB2.c$74$1$63                   LAB2
C:   00000124  A$LAB2$1340                        LAB2
C:   00000124  C$LAB2.c$75$1$63                   LAB2
C:   00000127  A$LAB2$1343                        LAB2
C:   00000127  C$LAB2.c$76$1$63                   LAB2
C:   0000012A  A$LAB2$1346                        LAB2
C:   0000012A  C$LAB2.c$78$1$63                   LAB2
C:   0000012D  A$LAB2$1347                        LAB2
C:   00000130  A$LAB2$1350                        LAB2
C:   00000130  C$LAB2.c$80$1$63                   LAB2
C:   00000132  A$LAB2$1351                        LAB2
C:   00000134  A$LAB2$1352                        LAB2
C:   00000136  A$LAB2$1353                        LAB2
C:   00000138  A$LAB2$1354                        LAB2
C:   0000013A  A$LAB2$1355                        LAB2
C:   0000013C  A$LAB2$1356                        LAB2
C:   0000013F  A$LAB2$1357                        LAB2
C:   00000141  A$LAB2$1358                        LAB2
C:   00000143  A$LAB2$1359                        LAB2
C:   00000145  A$LAB2$1362                        LAB2
C:   00000145  C$LAB2.c$81$1$63                   LAB2
C:   00000148  A$LAB2$1363                        LAB2
C:   0000014B  A$LAB2$1366                        LAB2
C:   0000014B  C$LAB2.c$82$1$63                   LAB2
C:   0000014D  A$LAB2$1367                        LAB2
C:   0000014F  A$LAB2$1368                        LAB2
C:   00000151  A$LAB2$1369                        LAB2
ASxxxx Linker V03.00 + NoICE + sdld,  page 31.
Hexadecimal  [32-Bits]

Area                                    Addr        Size        Decimal Bytes (Attributes)
--------------------------------        ----        ----        ------- ----- ------------
CSEG                                000000A0    00000FCB =        4043. bytes (REL,CON,CODE)

      Value  Global                              Global Defined In Module
      -----  --------------------------------   ------------------------
C:   00000153  A$LAB2$1370                        LAB2
C:   00000156  A$LAB2$1376                        LAB2
C:   00000156  C$LAB2.c$84$1$63                   LAB2
C:   00000156  C$LAB2.c$86$2$64                   LAB2
C:   00000158  A$LAB2$1379                        LAB2
C:   00000158  C$LAB2.c$87$2$64                   LAB2
C:   00000159  A$LAB2$1380                        LAB2
C:   0000015B  A$LAB2$1381                        LAB2
C:   0000015D  A$LAB2$1384                        LAB2
C:   0000015D  C$LAB2.c$88$2$64                   LAB2
C:   0000015F  A$LAB2$1385                        LAB2
C:   00000161  A$LAB2$1386                        LAB2
C:   00000163  A$LAB2$1387                        LAB2
C:   00000165  A$LAB2$1388                        LAB2
C:   00000167  A$LAB2$1389                        LAB2
C:   00000169  A$LAB2$1390                        LAB2
C:   0000016C  A$LAB2$1391                        LAB2
C:   0000016E  A$LAB2$1392                        LAB2
C:   00000170  A$LAB2$1393                        LAB2
C:   00000172  A$LAB2$1397                        LAB2
C:   00000172  C$LAB2.c$89$3$65                   LAB2
C:   00000175  A$LAB2$1400                        LAB2
C:   00000175  C$LAB2.c$90$3$65                   LAB2
C:   00000177  A$LAB2$1401                        LAB2
C:   00000178  A$LAB2$1402                        LAB2
C:   00000179  A$LAB2$1403                        LAB2
C:   0000017A  A$LAB2$1404                        LAB2
C:   0000017C  A$LAB2$1405                        LAB2
C:   0000017E  A$LAB2$1406                        LAB2
C:   0000017F  A$LAB2$1407                        LAB2
C:   00000180  A$LAB2$1408                        LAB2
C:   00000181  A$LAB2$1409                        LAB2
C:   00000183  A$LAB2$1410                        LAB2
C:   00000185  A$LAB2$1411                        LAB2
C:   00000187  A$LAB2$1412                        LAB2
C:   00000189  A$LAB2$1413                        LAB2
C:   0000018B  A$LAB2$1414                        LAB2
C:   0000018D  A$LAB2$1415                        LAB2
C:   0000018F  A$LAB2$1416                        LAB2
C:   00000191  A$LAB2$1417                        LAB2
C:   00000193  A$LAB2$1418                        LAB2
C:   00000195  A$LAB2$1419                        LAB2
C:   00000197  A$LAB2$1420                        LAB2
C:   0000019A  A$LAB2$1421                        LAB2
C:   0000019C  A$LAB2$1422                        LAB2
C:   0000019E  A$LAB2$1423                        LAB2
C:   000001A0  A$LAB2$1424                        LAB2
C:   000001A2  A$LAB2$1428                        LAB2
C:   000001A2  C$LAB2.c$92$2$64                   LAB2
C:   000001A5  A$LAB2$1429                        LAB2
C:   000001A8  A$LAB2$1432                        LAB2
ASxxxx Linker V03.00 + NoICE + sdld,  page 32.
Hexadecimal  [32-Bits]

Area                                    Addr        Size        Decimal Bytes (Attributes)
--------------------------------        ----        ----        ------- ----- ------------
CSEG                                000000A0    00000FCB =        4043. bytes (REL,CON,CODE)

      Value  Global                              Global Defined In Module
      -----  --------------------------------   ------------------------
C:   000001A8  C$LAB2.c$93$2$64                   LAB2
C:   000001AA  A$LAB2$1433                        LAB2
C:   000001AC  A$LAB2$1434                        LAB2
C:   000001AE  A$LAB2$1435                        LAB2
C:   000001AF  A$LAB2$1436                        LAB2
C:   000001B1  A$LAB2$1437                        LAB2
C:   000001B3  A$LAB2$1441                        LAB2
C:   000001B3  C$LAB2.c$94$2$64                   LAB2
C:   000001B5  A$LAB2$1442                        LAB2
C:   000001B8  A$LAB2$1443                        LAB2
C:   000001BA  A$LAB2$1444                        LAB2
C:   000001BD  A$LAB2$1447                        LAB2
C:   000001BD  C$LAB2.c$97$2$64                   LAB2
C:   000001C0  A$LAB2$1448                        LAB2
C:   000001C3  A$LAB2$1452                        LAB2
C:   000001C3  C$LAB2.c$100$2$64                  LAB2
C:   000001C6  A$LAB2$1453                        LAB2
C:   000001C9  A$LAB2$1456                        LAB2
C:   000001C9  C$LAB2.c$101$3$68                  LAB2
C:   000001CC  A$LAB2$1457                        LAB2
C:   000001CE  A$LAB2$1461                        LAB2
C:   000001CE  C$LAB2.c$103$2$64                  LAB2
C:   000001D1  A$LAB2$1462                        LAB2
C:   000001D4  A$LAB2$1465                        LAB2
C:   000001D4  C$LAB2.c$104$3$69                  LAB2
C:   000001D7  A$LAB2$1466                        LAB2
C:   000001DA  A$LAB2$1470                        LAB2
C:   000001DA  C$LAB2.c$106$2$64                  LAB2
C:   000001DD  A$LAB2$1471                        LAB2
C:   000001E0  A$LAB2$1473                        LAB2
C:   000001E3  A$LAB2$1474                        LAB2
C:   000001E6  A$LAB2$1478                        LAB2
C:   000001E6  C$LAB2.c$107$3$70                  LAB2
C:   000001E9  A$LAB2$1479                        LAB2
C:   000001EC  A$LAB2$1482                        LAB2
C:   000001EC  C$LAB2.c$111$1$63                  LAB2
C:   000001EC  XG$main$0$0                        LAB2
C:   000001ED  A$LAB2$1495                        LAB2
C:   000001ED  C$LAB2.c$113$1$63                  LAB2
C:   000001ED  C$LAB2.c$115$1$72                  LAB2
C:   000001ED  G$Game1$0$0                        LAB2
C:   000001ED  _Game1                             LAB2
C:   000001EF  A$LAB2$1496                        LAB2
C:   000001F1  A$LAB2$1497                        LAB2
C:   000001F3  A$LAB2$1498                        LAB2
C:   000001F5  A$LAB2$1499                        LAB2
C:   000001F7  A$LAB2$1500                        LAB2
C:   000001F9  A$LAB2$1501                        LAB2
C:   000001FC  A$LAB2$1502                        LAB2
C:   000001FE  A$LAB2$1503                        LAB2
C:   00000200  A$LAB2$1504                        LAB2
ASxxxx Linker V03.00 + NoICE + sdld,  page 33.
Hexadecimal  [32-Bits]

Area                                    Addr        Size        Decimal Bytes (Attributes)
--------------------------------        ----        ----        ------- ----- ------------
CSEG                                000000A0    00000FCB =        4043. bytes (REL,CON,CODE)

      Value  Global                              Global Defined In Module
      -----  --------------------------------   ------------------------
C:   00000202  A$LAB2$1507                        LAB2
C:   00000202  C$LAB2.c$116$1$72                  LAB2
C:   00000204  A$LAB2$1508                        LAB2
C:   00000206  A$LAB2$1509                        LAB2
C:   00000208  A$LAB2$1510                        LAB2
C:   0000020A  A$LAB2$1511                        LAB2
C:   0000020C  A$LAB2$1512                        LAB2
C:   0000020E  A$LAB2$1513                        LAB2
C:   00000211  A$LAB2$1514                        LAB2
C:   00000213  A$LAB2$1515                        LAB2
C:   00000215  A$LAB2$1516                        LAB2
C:   00000217  A$LAB2$1519                        LAB2
C:   00000217  C$LAB2.c$118$1$72                  LAB2
C:   00000218  A$LAB2$1520                        LAB2
C:   0000021A  A$LAB2$1521                        LAB2
C:   0000021C  A$LAB2$1524                        LAB2
C:   0000021C  C$LAB2.c$119$1$72                  LAB2
C:   0000021E  A$LAB2$1525                        LAB2
C:   00000220  A$LAB2$1528                        LAB2
C:   00000220  C$LAB2.c$120$1$72                  LAB2
C:   00000222  A$LAB2$1529                        LAB2
C:   00000224  A$LAB2$1533                        LAB2
C:   00000224  C$LAB2.c$121$1$72                  LAB2
C:   00000226  A$LAB2$1536                        LAB2
C:   00000226  C$LAB2.c$122$1$72                  LAB2
C:   00000229  A$LAB2$1539                        LAB2
C:   00000229  C$LAB2.c$123$1$72                  LAB2
C:   0000022B  A$LAB2$1543                        LAB2
C:   0000022B  C$LAB2.c$124$2$73                  LAB2
C:   0000022E  A$LAB2$1546                        LAB2
C:   0000022E  C$LAB2.c$126$2$73                  LAB2
C:   00000230  A$LAB2$1547                        LAB2
C:   00000231  A$LAB2$1548                        LAB2
C:   00000232  A$LAB2$1549                        LAB2
C:   00000233  A$LAB2$1550                        LAB2
C:   00000235  A$LAB2$1551                        LAB2
C:   00000237  A$LAB2$1552                        LAB2
C:   00000238  A$LAB2$1553                        LAB2
C:   00000239  A$LAB2$1554                        LAB2
C:   0000023A  A$LAB2$1555                        LAB2
C:   0000023C  A$LAB2$1556                        LAB2
C:   0000023E  A$LAB2$1557                        LAB2
C:   00000240  A$LAB2$1558                        LAB2
C:   00000242  A$LAB2$1559                        LAB2
C:   00000244  A$LAB2$1560                        LAB2
C:   00000246  A$LAB2$1561                        LAB2
C:   00000248  A$LAB2$1562                        LAB2
C:   0000024A  A$LAB2$1563                        LAB2
C:   0000024C  A$LAB2$1564                        LAB2
C:   0000024E  A$LAB2$1565                        LAB2
C:   00000250  A$LAB2$1566                        LAB2
ASxxxx Linker V03.00 + NoICE + sdld,  page 34.
Hexadecimal  [32-Bits]

Area                                    Addr        Size        Decimal Bytes (Attributes)
--------------------------------        ----        ----        ------- ----- ------------
CSEG                                000000A0    00000FCB =        4043. bytes (REL,CON,CODE)

      Value  Global                              Global Defined In Module
      -----  --------------------------------   ------------------------
C:   00000253  A$LAB2$1567                        LAB2
C:   00000255  A$LAB2$1568                        LAB2
C:   00000257  A$LAB2$1569                        LAB2
C:   00000259  A$LAB2$1570                        LAB2
C:   0000025B  A$LAB2$1574                        LAB2
C:   0000025B  C$LAB2.c$128$1$72                  LAB2
C:   0000025E  A$LAB2$1575                        LAB2
C:   00000261  A$LAB2$1578                        LAB2
C:   00000261  C$LAB2.c$129$1$72                  LAB2
C:   00000263  A$LAB2$1579                        LAB2
C:   00000265  A$LAB2$1580                        LAB2
C:   00000267  A$LAB2$1581                        LAB2
C:   00000268  A$LAB2$1582                        LAB2
C:   0000026A  A$LAB2$1583                        LAB2
C:   0000026C  A$LAB2$1587                        LAB2
C:   0000026C  C$LAB2.c$130$1$72                  LAB2
C:   0000026E  A$LAB2$1588                        LAB2
C:   00000271  A$LAB2$1589                        LAB2
C:   00000273  A$LAB2$1590                        LAB2
C:   00000276  A$LAB2$1594                        LAB2
C:   00000276  C$LAB2.c$133$2$75                  LAB2
C:   00000278  A$LAB2$1595                        LAB2
C:   0000027A  A$LAB2$1596                        LAB2
C:   0000027C  A$LAB2$1597                        LAB2
C:   0000027F  A$LAB2$1601                        LAB2
C:   0000027F  C$LAB2.c$135$2$75                  LAB2
C:   00000281  A$LAB2$1604                        LAB2
C:   00000281  C$LAB2.c$136$2$75                  LAB2
C:   00000283  A$LAB2$1607                        LAB2
C:   00000283  C$LAB2.c$137$2$75                  LAB2
C:   00000286  A$LAB2$1608                        LAB2
C:   00000289  A$LAB2$1611                        LAB2
C:   00000289  C$LAB2.c$138$2$75                  LAB2
C:   0000028B  A$LAB2$1614                        LAB2
C:   0000028B  C$LAB2.c$139$2$75                  LAB2
C:   0000028C  A$LAB2$1615                        LAB2
C:   0000028E  A$LAB2$1616                        LAB2
C:   00000290  A$LAB2$1620                        LAB2
C:   00000290  C$LAB2.c$140$2$75                  LAB2
C:   00000291  A$LAB2$1621                        LAB2
C:   00000293  A$LAB2$1622                        LAB2
C:   00000295  A$LAB2$1623                        LAB2
C:   00000297  A$LAB2$1624                        LAB2
C:   00000299  A$LAB2$1625                        LAB2
C:   0000029B  A$LAB2$1628                        LAB2
C:   0000029B  C$LAB2.c$141$3$76                  LAB2
C:   0000029E  A$LAB2$1629                        LAB2
C:   000002A1  A$LAB2$1630                        LAB2
C:   000002A3  A$LAB2$1634                        LAB2
C:   000002A3  C$LAB2.c$143$2$75                  LAB2
C:   000002A6  A$LAB2$1637                        LAB2
ASxxxx Linker V03.00 + NoICE + sdld,  page 35.
Hexadecimal  [32-Bits]

Area                                    Addr        Size        Decimal Bytes (Attributes)
--------------------------------        ----        ----        ------- ----- ------------
CSEG                                000000A0    00000FCB =        4043. bytes (REL,CON,CODE)

      Value  Global                              Global Defined In Module
      -----  --------------------------------   ------------------------
C:   000002A6  C$LAB2.c$144$2$75                  LAB2
C:   000002A7  A$LAB2$1638                        LAB2
C:   000002A9  A$LAB2$1639                        LAB2
C:   000002AB  A$LAB2$1643                        LAB2
C:   000002AB  C$LAB2.c$145$2$75                  LAB2
C:   000002AE  A$LAB2$1646                        LAB2
C:   000002AE  C$LAB2.c$146$3$77                  LAB2
C:   000002B1  A$LAB2$1647                        LAB2
C:   000002B4  A$LAB2$1648                        LAB2
C:   000002B7  A$LAB2$1651                        LAB2
C:   000002B7  C$LAB2.c$147$3$77                  LAB2
C:   000002BA  A$LAB2$1652                        LAB2
C:   000002BD  A$LAB2$1653                        LAB2
C:   000002BF  A$LAB2$1657                        LAB2
C:   000002BF  C$LAB2.c$149$2$75                  LAB2
C:   000002C1  A$LAB2$1660                        LAB2
C:   000002C1  C$LAB2.c$150$2$75                  LAB2
C:   000002C4  A$LAB2$1661                        LAB2
C:   000002C7  A$LAB2$1664                        LAB2
C:   000002C7  C$LAB2.c$151$2$75                  LAB2
C:   000002CA  A$LAB2$1667                        LAB2
C:   000002CA  C$LAB2.c$152$2$75                  LAB2
C:   000002CD  A$LAB2$1668                        LAB2
C:   000002D0  A$LAB2$1669                        LAB2
C:   000002D3  A$LAB2$1672                        LAB2
C:   000002D3  C$LAB2.c$153$2$75                  LAB2
C:   000002D5  A$LAB2$1673                        LAB2
C:   000002D8  A$LAB2$1674                        LAB2
C:   000002DA  A$LAB2$1678                        LAB2
C:   000002DA  C$LAB2.c$154$3$78                  LAB2
C:   000002DC  A$LAB2$1679                        LAB2
C:   000002DE  A$LAB2$1680                        LAB2
C:   000002E0  A$LAB2$1681                        LAB2
C:   000002E1  A$LAB2$1682                        LAB2
C:   000002E3  A$LAB2$1683                        LAB2
C:   000002E5  A$LAB2$1687                        LAB2
C:   000002E5  C$LAB2.c$156$1$72                  LAB2
C:   000002E8  A$LAB2$1688                        LAB2
C:   000002EB  A$LAB2$1689                        LAB2
C:   000002EE  A$LAB2$1690                        LAB2
C:   000002F1  A$LAB2$1691                        LAB2
C:   000002F4  A$LAB2$1692                        LAB2
C:   000002F6  A$LAB2$1693                        LAB2
C:   000002F8  A$LAB2$1694                        LAB2
[...]
C:   00000756  A$LAB2$2654                        LAB2
C:   00000756  C$LAB2.c$364$2$115                 LAB2
C:   00000759  A$LAB2$2655                        LAB2
C:   0000075B  A$LAB2$2659                        LAB2
C:   0000075B  C$LAB2.c$366$1$112                 LAB2
C:   0000075D  A$LAB2$2662                        LAB2
C:   0000075D  C$LAB2.c$367$1$112                 LAB2
C:   0000075E  A$LAB2$2663                        LAB2
C:   00000760  A$LAB2$2664                        LAB2
C:   00000762  A$LAB2$2667                        LAB2
C:   00000762  C$LAB2.c$368$1$112                 LAB2
C:   00000765  A$LAB2$2670                        LAB2
C:   00000765  C$LAB2.c$369$1$112                 LAB2
C:   00000765  XG$Flashall$0$0                    LAB2
C:   00000766  A$LAB2$2684                        LAB2
C:   00000766  C$LAB2.c$371$1$112                 LAB2
C:   00000766  G$compare$0$0                      LAB2
C:   00000766  _compare                           LAB2
C:   00000768  A$LAB2$2687                        LAB2
C:   00000768  C$LAB2.c$372$1$117                 LAB2
C:   00000769  A$LAB2$2688                        LAB2
C:   0000076A  A$LAB2$2689                        LAB2
C:   0000076C  A$LAB2$2690                        LAB2
C:   0000076E  A$LAB2$2693                        LAB2
C:   0000076E  C$LAB2.c$373$2$118                 LAB2
C:   00000770  A$LAB2$2696                        LAB2
C:   00000770  C$LAB2.c$374$2$118                 LAB2
C:   00000772  A$LAB2$2697                        LAB2
C:   00000774  A$LAB2$2701                        LAB2
C:   00000774  C$LAB2.c$376$1$117                 LAB2
C:   00000775  A$LAB2$2702                        LAB2
C:   00000777  A$LAB2$2703                        LAB2
C:   00000778  A$LAB2$2704                        LAB2
C:   0000077A  A$LAB2$2707                        LAB2
C:   0000077A  C$LAB2.c$377$2$119                 LAB2
C:   0000077C  A$LAB2$2710                        LAB2
C:   0000077C  C$LAB2.c$378$2$119                 LAB2
C:   0000077E  A$LAB2$2714                        LAB2
C:   0000077E  C$LAB2.c$380$1$117                 LAB2
ASxxxx Linker V03.00 + NoICE + sdld,  page 51.
Hexadecimal  [32-Bits]

Area                                    Addr        Size        Decimal Bytes (Attributes)
--------------------------------        ----        ----        ------- ----- ------------
CSEG                                000000A0    00000FCB =        4043. bytes (REL,CON,CODE)

      Value  Global                              Global Defined In Module
      -----  --------------------------------   ------------------------
C:   0000077E  XG$compare$0$0                     LAB2
C:   0000077F  A$LAB2$2727                        LAB2
C:   0000077F  C$LAB2.c$382$1$117                 LAB2
C:   0000077F  C$LAB2.c$385$1$121                 LAB2
C:   0000077F  G$Port_Init$0$0                    LAB2
C:   0000077F  _Port_Init                         LAB2
C:   00000782  A$LAB2$2730                        LAB2
C:   00000782  C$LAB2.c$386$1$121                 LAB2
C:   00000785  A$LAB2$2733                        LAB2
C:   00000785  C$LAB2.c$387$1$121                 LAB2
C:   00000788  A$LAB2$2736                        LAB2
C:   00000788  C$LAB2.c$390$1$121                 LAB2
C:   0000078B  A$LAB2$2739                        LAB2
C:   0000078B  C$LAB2.c$393$1$121                 LAB2
C:   0000078E  A$LAB2$2742                        LAB2
C:   0000078E  C$LAB2.c$394$1$121                 LAB2
C:   00000791  A$LAB2$2745                        LAB2
C:   00000791  C$LAB2.c$395$1$121                 LAB2
C:   00000791  XG$Port_Init$0$0                   LAB2
C:   00000792  A$LAB2$2758                        LAB2
C:   00000792  C$LAB2.c$397$1$121                 LAB2
C:   00000792  C$LAB2.c$399$1$123                 LAB2
C:   00000792  G$ADC_Init$0$0                     LAB2
C:   00000792  _ADC_Init                          LAB2
C:   00000795  A$LAB2$2761                        LAB2
C:   00000795  C$LAB2.c$400$1$123                 LAB2
C:   00000798  A$LAB2$2764                        LAB2
C:   00000798  C$LAB2.c$401$1$123                 LAB2
C:   0000079B  A$LAB2$2767                        LAB2
C:   0000079B  C$LAB2.c$402$1$123                 LAB2
C:   0000079B  XG$ADC_Init$0$0                    LAB2
C:   0000079C  A$LAB2$2781                        LAB2
C:   0000079C  C$LAB2.c$404$1$123                 LAB2
C:   0000079C  G$read_AD_input$0$0                LAB2
C:   0000079C  _read_AD_input                     LAB2
C:   0000079F  A$LAB2$2784                        LAB2
C:   0000079F  C$LAB2.c$407$1$125                 LAB2
C:   000007A2  A$LAB2$2787                        LAB2
C:   000007A2  C$LAB2.c$408$1$125                 LAB2
C:   000007A5  A$LAB2$2791                        LAB2
C:   000007A5  C$LAB2.c$409$1$125                 LAB2
C:   000007A7  A$LAB2$2792                        LAB2
C:   000007AA  A$LAB2$2795                        LAB2
C:   000007AA  C$LAB2.c$410$1$125                 LAB2
C:   000007AC  A$LAB2$2796                        LAB2
C:   000007AE  A$LAB2$2799                        LAB2
C:   000007AE  C$LAB2.c$411$2$126                 LAB2
C:   000007B1  A$LAB2$2800                        LAB2
C:   000007B3  A$LAB2$2804                        LAB2
C:   000007B3  C$LAB2.c$414$2$127                 LAB2
C:   000007B6  A$LAB2$2805                        LAB2
ASxxxx Linker V03.00 + NoICE + sdld,  page 52.
Hexadecimal  [32-Bits]

Area                                    Addr        Size        Decimal Bytes (Attributes)
--------------------------------        ----        ----        ------- ----- ------------
CSEG                                000000A0    00000FCB =        4043. bytes (REL,CON,CODE)

      Value  Global                              Global Defined In Module
      -----  --------------------------------   ------------------------
C:   000007B9  A$LAB2$2806                        LAB2
C:   000007BC  A$LAB2$2807                        LAB2
C:   000007BF  A$LAB2$2808                        LAB2
C:   000007C1  A$LAB2$2809                        LAB2
C:   000007C4  A$LAB2$2810                        LAB2
C:   000007C6  A$LAB2$2811                        LAB2
C:   000007C8  A$LAB2$2812                        LAB2
C:   000007C9  A$LAB2$2813                        LAB2
C:   000007CB  A$LAB2$2814                        LAB2
C:   000007CD  A$LAB2$2817                        LAB2
C:   000007CD  C$LAB2.c$415$2$127                 LAB2
C:   000007CF  A$LAB2$2818                        LAB2
C:   000007D1  A$LAB2$2819                        LAB2
C:   000007D4  A$LAB2$2820                        LAB2
C:   000007D7  A$LAB2$2821                        LAB2
C:   000007D9  A$LAB2$2822                        LAB2
C:   000007DB  A$LAB2$2823                        LAB2
C:   000007DE  A$LAB2$2827                        LAB2
C:   000007DE  C$LAB2.c$417$1$125                 LAB2
C:   000007DE  XG$read_AD_input$0$0               LAB2
C:   000007DF  A$LAB2$2843                        LAB2
C:   000007DF  C$LAB2.c$423$1$125                 LAB2
C:   000007DF  C$LAB2.c$426$1$129                 LAB2
C:   000007DF  G$Draw_Bar$0$0                     LAB2
C:   000007DF  _Draw_Bar                          LAB2
C:   000007E1  A$LAB2$2844                        LAB2
C:   000007E2  A$LAB2$2845                        LAB2
C:   000007E3  A$LAB2$2846                        LAB2
C:   000007E5  A$LAB2$2847                        LAB2
C:   000007E6  A$LAB2$2850                        LAB2
C:   000007E6  C$LAB2.c$427$1$129                 LAB2
C:   000007E8  A$LAB2$2852                        LAB2
C:   000007E9  A$LAB2$2853                        LAB2
C:   000007EA  A$LAB2$2854                        LAB2
C:   000007EB  A$LAB2$2855                        LAB2
C:   000007ED  A$LAB2$2856                        LAB2
C:   000007F0  A$LAB2$2857                        LAB2
C:   000007F2  A$LAB2$2858                        LAB2
C:   000007F4  A$LAB2$2859                        LAB2
C:   000007F7  A$LAB2$2860                        LAB2
C:   000007F9  A$LAB2$2861                        LAB2
C:   000007FB  A$LAB2$2862                        LAB2
C:   000007FC  A$LAB2$2863                        LAB2
C:   000007FE  A$LAB2$2867                        LAB2
C:   000007FE  C$LAB2.c$428$1$129                 LAB2
C:   00000800  A$LAB2$2868                        LAB2
C:   00000801  A$LAB2$2869                        LAB2
C:   00000802  A$LAB2$2870                        LAB2
C:   00000803  A$LAB2$2873                        LAB2
C:   00000803  C$LAB2.c$429$1$129                 LAB2
C:   00000805  A$LAB2$2875                        LAB2
ASxxxx Linker V03.00 + NoICE + sdld,  page 53.
Hexadecimal  [32-Bits]

Area                                    Addr        Size        Decimal Bytes (Attributes)
--------------------------------        ----        ----        ------- ----- ------------
CSEG                                000000A0    00000FCB =        4043. bytes (REL,CON,CODE)

      Value  Global                              Global Defined In Module
      -----  --------------------------------   ------------------------
C:   00000806  A$LAB2$2876                        LAB2
C:   00000807  A$LAB2$2877                        LAB2
C:   00000808  A$LAB2$2878                        LAB2
C:   0000080A  A$LAB2$2879                        LAB2
C:   0000080D  A$LAB2$2880                        LAB2
C:   0000080F  A$LAB2$2881                        LAB2
C:   00000811  A$LAB2$2882                        LAB2
C:   00000814  A$LAB2$2883                        LAB2
C:   00000816  A$LAB2$2884                        LAB2
C:   00000818  A$LAB2$2885                        LAB2
C:   00000819  A$LAB2$2886                        LAB2
C:   0000081B  A$LAB2$2890                        LAB2
C:   0000081B  C$LAB2.c$430$1$129                 LAB2
C:   0000081E  A$LAB2$2891                        LAB2
C:   00000821  A$LAB2$2894                        LAB2
C:   00000821  C$LAB2.c$431$1$129                 LAB2
C:   00000824  A$LAB2$2895                        LAB2
C:   00000827  A$LAB2$2898                        LAB2
C:   00000827  C$LAB2.c$432$1$129                 LAB2
C:   00000827  XG$Draw_Bar$0$0                    LAB2
C:   00000828  A$LAB2$2911                        LAB2
C:   00000828  C$LAB2.c$434$1$129                 LAB2
C:   00000828  C$LAB2.c$436$1$131                 LAB2
C:   00000828  G$Interrupt_Init$0$0               LAB2
C:   00000828  _Interrupt_Init                    LAB2
C:   0000082B  A$LAB2$2914                        LAB2
C:   0000082B  C$LAB2.c$437$1$131                 LAB2
C:   0000082D  A$LAB2$2917                        LAB2
C:   0000082D  C$LAB2.c$438$1$131                 LAB2
C:   0000082D  XG$Interrupt_Init$0$0              LAB2
C:   0000082E  A$LAB2$2930                        LAB2
C:   0000082E  C$LAB2.c$441$1$131                 LAB2
C:   0000082E  C$LAB2.c$444$1$133                 LAB2
C:   0000082E  G$Timer_Init$0$0                   LAB2
C:   0000082E  _Timer_Init                        LAB2
C:   00000831  A$LAB2$2933                        LAB2
C:   00000831  C$LAB2.c$445$1$133                 LAB2
C:   00000834  A$LAB2$2936                        LAB2
C:   00000834  C$LAB2.c$446$1$133                 LAB2
C:   00000837  A$LAB2$2939                        LAB2
C:   00000837  C$LAB2.c$447$1$133                 LAB2
C:   00000839  A$LAB2$2942                        LAB2
C:   00000839  C$LAB2.c$448$1$133                 LAB2
C:   0000083A  A$LAB2$2943                        LAB2
C:   0000083C  A$LAB2$2944                        LAB2
C:   0000083E  A$LAB2$2947                        LAB2
C:   0000083E  C$LAB2.c$449$1$133                 LAB2
C:   0000083E  XG$Timer_Init$0$0                  LAB2
C:   0000083F  A$LAB2$2958                        LAB2
C:   0000083F  C$LAB2.c$453$1$133                 LAB2
C:   0000083F  G$Timer0_ISR$0$0                   LAB2
ASxxxx Linker V03.00 + NoICE + sdld,  page 54.
Hexadecimal  [32-Bits]

Area                                    Addr        Size        Decimal Bytes (Attributes)
--------------------------------        ----        ----        ------- ----- ------------
CSEG                                000000A0    00000FCB =        4043. bytes (REL,CON,CODE)

      Value  Global                              Global Defined In Module
      -----  --------------------------------   ------------------------
C:   0000083F  _Timer0_ISR                        LAB2
C:   00000841  A$LAB2$2959                        LAB2
C:   00000843  A$LAB2$2962                        LAB2
C:   00000843  C$LAB2.c$455$1$135                 LAB2
C:   00000845  A$LAB2$2963                        LAB2
C:   00000846  A$LAB2$2964                        LAB2
C:   00000849  A$LAB2$2965                        LAB2
C:   0000084B  A$LAB2$2967                        LAB2
C:   0000084D  A$LAB2$2968                        LAB2
C:   0000084F  A$LAB2$2971                        LAB2
C:   0000084F  C$LAB2.c$456$1$135                 LAB2
C:   0000084F  XG$Timer0_ISR$0$0                  LAB2
C:   00000850  A$LAB2$2988                        LAB2
C:   00000850  C$LAB2.c$460$1$135                 LAB2
C:   00000850  C$LAB2.c$462$1$137                 LAB2
C:   00000850  G$random$0$0                       LAB2
C:   00000850  _random                            LAB2
C:   00000853  A$LAB2$2989                        LAB2
C:   00000856  A$LAB2$2990                        LAB2
C:   00000859  A$LAB2$2991                        LAB2
C:   0000085C  A$LAB2$2992                        LAB2
C:   0000085E  A$LAB2$2993                        LAB2
C:   00000860  A$LAB2$2994                        LAB2
C:   00000862  A$LAB2$2998                        LAB2
C:   00000862  C$LAB2.c$463$1$137                 LAB2
C:   00000864  A$LAB2$2999                        LAB2
C:   00000867  A$LAB2$3002                        LAB2
C:   00000867  C$LAB2.c$465$2$138                 LAB2
C:   0000086A  A$LAB2$3003                        LAB2
C:   0000086D  A$LAB2$3004                        LAB2
C:   00000870  A$LAB2$3005                        LAB2
C:   00000873  A$LAB2$3006                        LAB2
C:   00000875  A$LAB2$3007                        LAB2
C:   00000877  A$LAB2$3008                        LAB2
C:   00000879  A$LAB2$3009                        LAB2
C:   0000087B  A$LAB2$3013                        LAB2
C:   0000087B  C$LAB2.c$467$1$137                 LAB2
C:   0000087E  A$LAB2$3016                        LAB2
C:   0000087E  C$LAB2.c$468$1$137                 LAB2
C:   00000881  A$LAB2$3019                        LAB2
C:   00000881  C$LAB2.c$471$1$137                 LAB2
C:   00000881  XG$random$0$0                      LAB2
C:   00000882  __divuint                          _divuint
C:   000008AB  _rand                              rand
C:   000008E7  _srand                             rand
C:   000008F6  _abs                               abs
C:   00000903  __mullong                          _mullong
C:   00000903  __mullong_dummy                    _mullong
C:   00000971  __moduint                          _moduint
C:   000009C9  _vprintf                           vprintf
C:   000009E2  _printf                            vprintf
ASxxxx Linker V03.00 + NoICE + sdld,  page 55.
Hexadecimal  [32-Bits]

Area                                    Addr        Size        Decimal Bytes (Attributes)
--------------------------------        ----        ----        ------- ----- ------------
CSEG                                000000A0    00000FCB =        4043. bytes (REL,CON,CODE)

      Value  Global                              Global Defined In Module
      -----  --------------------------------   ------------------------
C:   00000AB9  __print_format                     printf_large
C:   00000FC5  _strlen                            _strlen
C:   00000FDD  __gptrget                          _gptrget
C:   00000FF9  __modsint                          _modsint
C:   0000102F  __divsint                          _divsint
C:   00001067  __sdcc_external_startup            _startup

ASxxxx Linker V03.00 + NoICE + sdld,  page 56.
Hexadecimal  [32-Bits]

Area                                    Addr        Size        Decimal Bytes (Attributes)
--------------------------------        ----        ----        ------- ----- ------------
CONST                               0000106B    000003A3 =         931. bytes (REL,CON,CODE)

      Value  Global                              Global Defined In Module
      -----  --------------------------------   ------------------------
C:   0000106B  FLAB2$__str_0$0$0                  LAB2
C:   0000109C  FLAB2$__str_1$0$0                  LAB2
C:   000010E5  FLAB2$__str_2$0$0                  LAB2
C:   00001103  FLAB2$__str_3$0$0                  LAB2
C:   0000117D  FLAB2$__str_4$0$0                  LAB2
C:   000011DE  FLAB2$__str_5$0$0                  LAB2
C:   00001224  FLAB2$__str_6$0$0                  LAB2
C:   0000125A  FLAB2$__str_7$0$0                  LAB2
C:   000012D5  FLAB2$__str_8$0$0                  LAB2
C:   0000132E  FLAB2$__str_9$0$0                  LAB2
C:   000013BC  FLAB2$__str_10$0$0                 LAB2

ASxxxx Linker V03.00 + NoICE + sdld,  page 57.

Files Linked                              [ module(s) ]

C:\Users\gerlig\Documents\School\LITEC\LAB2\LAB2.rel
                                          [  ]


Libraries Linked                          [ object file ]

C:\Program Files\SDCC\bin\..\lib\small/libint.lib
                                          [ _divuint.rel ]
C:\Program Files\SDCC\bin\..\lib\small/libsdcc.lib
                                          [ rand.rel ]
C:\Program Files\SDCC\bin\..\lib\small/mcs51.lib
                                          [ crtclear.rel ]
C:\Program Files\SDCC\bin\..\lib\small/mcs51.lib
                                          [ crtxinit.rel ]
C:\Program Files\SDCC\bin\..\lib\small/libsdcc.lib
                                          [ abs.rel ]
C:\Program Files\SDCC\bin\..\lib\small/liblong.lib
                                          [ _mullong.rel ]
C:\Program Files\SDCC\bin\..\lib\small/libint.lib
                                          [ _moduint.rel ]
C:\Program Files\SDCC\bin\..\lib\small/mcs51.lib
                                          [ crtxclear.rel ]
C:\Program Files\SDCC\bin\..\lib\small/libsdcc.lib
                                          [ vprintf.rel ]
C:\Program Files\SDCC\bin\..\lib\small/libsdcc.lib
                                          [ printf_large.rel ]
C:\Program Files\SDCC\bin\..\lib\small/libsdcc.lib
                                          [ _strlen.rel ]
C:\Program Files\SDCC\bin\..\lib\small/mcs51.lib
                                          [ crtstart.rel ]
C:\Program Files\SDCC\bin\..\lib\small/libsdcc.lib
                                          [ _gptrget.rel ]
C:\Program Files\SDCC\bin\..\lib\small/libint.lib
                                          [ _modsint.rel ]
C:\Program Files\SDCC\bin\..\lib\small/libint.lib
                                          [ _divsint.rel ]
C:\Program Files\SDCC\bin\..\lib\small/libsdcc.lib
                                          [ _startup.rel ]
C:\Program Files\SDCC\bin\..\lib\small/libsdcc.lib
                                          [ _bp.rel ]

ASxxxx Linker V03.00 + NoICE + sdld,  page 58.

User Base Address Definitions

HOME = 0x0000
XSEG = 0x0001
PSEG = 0x0001
ISEG = 0x0000
BSEG = 0x0000

